Archive member included to satisfy reference by file (symbol)

/usr/lib/gcc/arm-none-eabi/12.2.1/thumb/v6-m/nofp/libgcc.a(_dvmd_tls.o)
                              CMakeFiles/hello_pico.dir/home/pi/access_control_system/pico/pico-sdk/src/rp2_common/pico_divider/divider_hardware.S.o (__aeabi_idiv0)
/usr/lib/gcc/arm-none-eabi/12.2.1/../../../arm-none-eabi/lib/thumb/v6-m/nofp/libg.a(lib_a-atexit.o)
                              /usr/lib/gcc/arm-none-eabi/12.2.1/../../../arm-none-eabi/lib/thumb/v6-m/nofp/crt0.o (atexit)
/usr/lib/gcc/arm-none-eabi/12.2.1/../../../arm-none-eabi/lib/thumb/v6-m/nofp/libg.a(lib_a-calloc.o)
                              CMakeFiles/hello_pico.dir/home/pi/access_control_system/pico/pico-sdk/src/rp2_common/pico_malloc/malloc.c.o (calloc)
/usr/lib/gcc/arm-none-eabi/12.2.1/../../../arm-none-eabi/lib/thumb/v6-m/nofp/libg.a(lib_a-callocr.o)
                              /usr/lib/gcc/arm-none-eabi/12.2.1/../../../arm-none-eabi/lib/thumb/v6-m/nofp/libg.a(lib_a-calloc.o) (_calloc_r)
/usr/lib/gcc/arm-none-eabi/12.2.1/../../../arm-none-eabi/lib/thumb/v6-m/nofp/libg.a(lib_a-fini.o)
                              /usr/lib/gcc/arm-none-eabi/12.2.1/../../../arm-none-eabi/lib/thumb/v6-m/nofp/crt0.o (__libc_fini_array)
/usr/lib/gcc/arm-none-eabi/12.2.1/../../../arm-none-eabi/lib/thumb/v6-m/nofp/libg.a(lib_a-impure.o)
                              /usr/lib/gcc/arm-none-eabi/12.2.1/../../../arm-none-eabi/lib/thumb/v6-m/nofp/libg.a(lib_a-calloc.o) (_impure_ptr)
/usr/lib/gcc/arm-none-eabi/12.2.1/../../../arm-none-eabi/lib/thumb/v6-m/nofp/libg.a(lib_a-init.o)
                              /usr/lib/gcc/arm-none-eabi/12.2.1/../../../arm-none-eabi/lib/thumb/v6-m/nofp/crt0.o (__libc_init_array)
/usr/lib/gcc/arm-none-eabi/12.2.1/../../../arm-none-eabi/lib/thumb/v6-m/nofp/libg.a(lib_a-lcltime_r.o)
                              CMakeFiles/hello_pico.dir/home/pi/access_control_system/pico/pico-sdk/src/common/pico_util/datetime.c.o (localtime_r)
/usr/lib/gcc/arm-none-eabi/12.2.1/../../../arm-none-eabi/lib/thumb/v6-m/nofp/libg.a(lib_a-malloc.o)
                              CMakeFiles/hello_pico.dir/home/pi/access_control_system/pico/pico-sdk/src/rp2_common/pico_malloc/malloc.c.o (malloc)
/usr/lib/gcc/arm-none-eabi/12.2.1/../../../arm-none-eabi/lib/thumb/v6-m/nofp/libg.a(lib_a-mallocr.o)
                              /usr/lib/gcc/arm-none-eabi/12.2.1/../../../arm-none-eabi/lib/thumb/v6-m/nofp/libg.a(lib_a-callocr.o) (_malloc_r)
/usr/lib/gcc/arm-none-eabi/12.2.1/../../../arm-none-eabi/lib/thumb/v6-m/nofp/libg.a(lib_a-memcmp.o)
                              CMakeFiles/hello_pico.dir/home/pi/access_control_system/pico/pico-sdk/src/rp2_common/pico_atomic/atomic.c.o (memcmp)
/usr/lib/gcc/arm-none-eabi/12.2.1/../../../arm-none-eabi/lib/thumb/v6-m/nofp/libg.a(lib_a-mktime.o)
                              CMakeFiles/hello_pico.dir/home/pi/access_control_system/pico/pico-sdk/src/common/pico_util/datetime.c.o (mktime)
/usr/lib/gcc/arm-none-eabi/12.2.1/../../../arm-none-eabi/lib/thumb/v6-m/nofp/libg.a(lib_a-mlock.o)
                              /usr/lib/gcc/arm-none-eabi/12.2.1/../../../arm-none-eabi/lib/thumb/v6-m/nofp/libg.a(lib_a-mallocr.o) (__malloc_lock)
/usr/lib/gcc/arm-none-eabi/12.2.1/../../../arm-none-eabi/lib/thumb/v6-m/nofp/libg.a(lib_a-month_lengths.o)
                              /usr/lib/gcc/arm-none-eabi/12.2.1/../../../arm-none-eabi/lib/thumb/v6-m/nofp/libg.a(lib_a-lcltime_r.o) (__month_lengths)
/usr/lib/gcc/arm-none-eabi/12.2.1/../../../arm-none-eabi/lib/thumb/v6-m/nofp/libg.a(lib_a-realloc.o)
                              CMakeFiles/hello_pico.dir/home/pi/access_control_system/pico/pico-sdk/src/rp2_common/pico_malloc/malloc.c.o (realloc)
/usr/lib/gcc/arm-none-eabi/12.2.1/../../../arm-none-eabi/lib/thumb/v6-m/nofp/libg.a(lib_a-reallocr.o)
                              /usr/lib/gcc/arm-none-eabi/12.2.1/../../../arm-none-eabi/lib/thumb/v6-m/nofp/libg.a(lib_a-realloc.o) (_realloc_r)
/usr/lib/gcc/arm-none-eabi/12.2.1/../../../arm-none-eabi/lib/thumb/v6-m/nofp/libg.a(lib_a-sbrkr.o)
                              /usr/lib/gcc/arm-none-eabi/12.2.1/../../../arm-none-eabi/lib/thumb/v6-m/nofp/libg.a(lib_a-mallocr.o) (_sbrk_r)
/usr/lib/gcc/arm-none-eabi/12.2.1/../../../arm-none-eabi/lib/thumb/v6-m/nofp/libg.a(lib_a-strlen-stub.o)
                              CMakeFiles/hello_pico.dir/home/pi/access_control_system/pico/pico-sdk/src/rp2_common/pico_stdio/stdio.c.o (strlen)
/usr/lib/gcc/arm-none-eabi/12.2.1/../../../arm-none-eabi/lib/thumb/v6-m/nofp/libg.a(lib_a-strstr.o)
                              CMakeFiles/hello_pico.dir/main.c.o (strstr)
/usr/lib/gcc/arm-none-eabi/12.2.1/../../../arm-none-eabi/lib/thumb/v6-m/nofp/libg.a(lib_a-tzcalc_limits.o)
                              /usr/lib/gcc/arm-none-eabi/12.2.1/../../../arm-none-eabi/lib/thumb/v6-m/nofp/libg.a(lib_a-lcltime_r.o) (__tzcalc_limits)
/usr/lib/gcc/arm-none-eabi/12.2.1/../../../arm-none-eabi/lib/thumb/v6-m/nofp/libg.a(lib_a-tzlock.o)
[...]
Memory Configuration

Name             Origin             Length             Attributes
FLASH            0x10000000         0x00200000         xr
RAM              0x20000000         0x00040000         xrw
SCRATCH_X        0x20040000         0x00001000         xrw
SCRATCH_Y        0x20041000         0x00001000         xrw
*default*        0x00000000         0xffffffff

Linker script and memory map

LOAD /usr/lib/gcc/arm-none-eabi/12.2.1/thumb/v6-m/nofp/crti.o
LOAD /usr/lib/gcc/arm-none-eabi/12.2.1/thumb/v6-m/nofp/crtbegin.o
LOAD /usr/lib/gcc/arm-none-eabi/12.2.1/../../../arm-none-eabi/lib/thumb/v6-m/nofp/crt0.o

.flash_begin    0x10000000        0x0
                0x10000000                        __flash_binary_start = .

.boot2          0x10000000      0x100
                0x10000000                        __boot2_start__ = .
 *(.boot2)
 .boot2         0x10000000      0x100 pico-sdk/src/rp2040/boot_stage2/CMakeFiles/bs2_default_library.dir/bs2_default_padded_checksummed.S.o
                0x10000100                        __boot2_end__ = .
                0x00000001                        ASSERT (((__boot2_end__ - __boot2_start__) == 0x100), ERROR: Pico second stage bootloader must be 256 bytes in size)

.text           0x10000100     0x7824
                0x10000100                        __logical_binary_start = .
 *(.vectors)
 .vectors       0x10000100       0xd4 CMakeFiles/hello_pico.dir/home/pi/access_control_system/pico/pico-sdk/src/rp2_common/pico_crt0/crt0.S.o
                0x10000100                __vectors
                0x10000100                __VECTOR_TABLE
                0x100001c0                isr_irq30
                0x100001c0                __unhandled_user_irq
                0x100001c0                isr_irq13
                0x100001c0                isr_irq27
                0x100001c0                isr_irq31
                0x100001c0                isr_irq5
                0x100001c0                isr_irq11
                0x100001c0                isr_irq23
                0x100001c0                isr_irq18
                0x100001c0                isr_irq28
                0x100001c0                isr_irq19
                0x100001c0                isr_irq0
                0x100001c0                isr_irq6
                0x100001c0                isr_irq22
                0x100001c0                isr_irq17
                0x100001c0                isr_irq14
                0x100001c0                __vectors_end
                0x100001c0                __default_isrs_start
                0x100001c0                isr_irq2
                0x100001c0                isr_irq10
                0x100001c0                isr_irq8
                0x100001c0                isr_irq24
                0x100001c0                isr_irq1
                0x100001c0                isr_irq7
                0x100001c0                isr_irq21
                0x100001c0                isr_irq20
                0x100001c0                isr_irq15
                0x100001c0                isr_irq25
                0x100001c0                isr_irq4
                0x100001c0                isr_irq16
                0x100001c0                isr_irq29
                0x100001c0                isr_irq26
                0x100001c0                isr_irq3
                0x100001c0                isr_irq12
                0x100001c0                isr_irq9
                0x100001c6                unhandled_user_irq_num_in_r0
                0x100001c8                isr_invalid
                0x100001ca                isr_nmi
                0x100001cc                isr_hardfault
                0x100001ce                isr_svcall
                0x100001d0                isr_pendsv
                0x100001d2                isr_systick
                0x100001d4                __default_isrs_end
 *(.binary_info_header)
 .binary_info_header
                0x100001d4       0x14 CMakeFiles/hello_pico.dir/home/pi/access_control_system/pico/pico-sdk/src/rp2_common/pico_crt0/crt0.S.o
                0x100001e8                        __binary_info_header_end = .
 *(.embedded_block)
                0x100001e8                        __embedded_block_end = .
 *(.reset)
 .reset         0x100001e8       0x9c CMakeFiles/hello_pico.dir/home/pi/access_control_system/pico/pico-sdk/src/rp2_common/pico_crt0/crt0.S.o
                0x100001e8                _entry_point
 *(.init)
 .init          0x10000284        0x4 /usr/lib/gcc/arm-none-eabi/12.2.1/thumb/v6-m/nofp/crti.o
                0x10000284                _init
 *(EXCLUDE_FILE(*libm.a: *libc.a:*lib_a-mem*.o *libgcc.a:) .text*)
 .text          0x10000288       0x98 /usr/lib/gcc/arm-none-eabi/12.2.1/thumb/v6-m/nofp/crtbegin.o
 .text.startup.main
                0x10000320      0x364 CMakeFiles/hello_pico.dir/main.c.o
                0x10000320                main
 .text.ws2812_init
                0x10000684       0xe8 CMakeFiles/hello_pico.dir/drivers/ws2812/ws2812.c.o
                0x10000684                ws2812_init
 .text.ws2812_handle_event
                0x1000076c      0x15c CMakeFiles/hello_pico.dir/drivers/ws2812/ws2812.c.o
                0x1000076c                ws2812_handle_event
 .text.sg90_init
                0x100008c8       0x48 CMakeFiles/hello_pico.dir/drivers/sg90/sg90.c.o
                0x100008c8                sg90_init
 .text.sg90_open
                0x10000910       0x60 CMakeFiles/hello_pico.dir/drivers/sg90/sg90.c.o
                0x10000910                sg90_open
 .text.sg90_close
                0x10000970       0x5c CMakeFiles/hello_pico.dir/drivers/sg90/sg90.c.o
                0x10000970                sg90_close
 .text.buzzer_init
                0x100009cc       0x1c CMakeFiles/hello_pico.dir/drivers/buzzer/buzzer.c.o
                0x100009cc                buzzer_init
 .text.buzzer_beep
                0x100009e8       0x24 CMakeFiles/hello_pico.dir/drivers/buzzer/buzzer.c.o
                0x100009e8                buzzer_beep
 .text.pir_init
                0x10000a0c       0x1c CMakeFiles/hello_pico.dir/drivers/pir/pir.c.o
                0x10000a0c                pir_init
 .text.pir_read
                0x10000a28       0x1c CMakeFiles/hello_pico.dir/drivers/pir/pir.c.o
                0x10000a28                pir_read
 .text.gpio_set_function
                0x10000a44       0x34 CMakeFiles/hello_pico.dir/home/pi/access_control_system/pico/pico-sdk/src/rp2_common/hardware_gpio/gpio.c.o
                0x10000a44                gpio_set_function
 .text.gpio_init
                0x10000a78       0x40 CMakeFiles/hello_pico.dir/home/pi/access_control_system/pico/pico-sdk/src/rp2_common/hardware_gpio/gpio.c.o
                0x10000a78                gpio_init
 .text.rp2040_chip_version
                0x10000ab8        0xc CMakeFiles/hello_pico.dir/home/pi/access_control_system/pico/pico-sdk/src/rp2040/pico_platform/platform.c.o
                0x10000ab8                rp2040_chip_version
 .text.panic    0x10000ac4       0x30 CMakeFiles/hello_pico.dir/home/pi/access_control_system/pico/pico-sdk/src/rp2_common/pico_platform_panic/panic.c.o
                0x10000ac4                panic
 .text.hw_claim_lock
                0x10000af4       0x18 CMakeFiles/hello_pico.dir/home/pi/access_control_system/pico/pico-sdk/src/common/hardware_claim/claim.c.o
                0x10000af4                hw_claim_lock
 .text.hw_claim_unlock
                0x10000b0c       0x14 CMakeFiles/hello_pico.dir/home/pi/access_control_system/pico/pico-sdk/src/common/hardware_claim/claim.c.o
                0x10000b0c                hw_claim_unlock
 .text.hw_claim_or_assert
                0x10000b20       0x44 CMakeFiles/hello_pico.dir/home/pi/access_control_system/pico/pico-sdk/src/common/hardware_claim/claim.c.o
                0x10000b20                hw_claim_or_assert
 .text.hw_claim_unused_from_range
                0x10000b64       0x9c CMakeFiles/hello_pico.dir/home/pi/access_control_system/pico/pico-sdk/src/common/hardware_claim/claim.c.o
                0x10000b64                hw_claim_unused_from_range
 .text.next_striped_spin_lock_num
                0x10000c00       0x18 CMakeFiles/hello_pico.dir/home/pi/access_control_system/pico/pico-sdk/src/rp2_common/hardware_sync/sync.c.o
                0x10000c00                next_striped_spin_lock_num
 .text.spin_lock_claim_unused
                0x10000c18       0x24 CMakeFiles/hello_pico.dir/home/pi/access_control_system/pico/pico-sdk/src/rp2_common/hardware_sync/sync.c.o
                0x10000c18                spin_lock_claim_unused
 .text.spin_locks_reset
                0x10000c3c       0x1c CMakeFiles/hello_pico.dir/home/pi/access_control_system/pico/pico-sdk/src/rp2_common/hardware_sync_spin_lock/sync_spin_lock.c.o
                0x10000c3c                spin_locks_reset
 .text.runtime_init_per_core_irq_priorities
                0x10000c58       0x24 CMakeFiles/hello_pico.dir/home/pi/access_control_system/pico/pico-sdk/src/rp2_common/hardware_irq/irq.c.o
                0x10000c58                runtime_init_per_core_irq_priorities
 .text.irq_set_enabled
                0x10000c7c       0x24 CMakeFiles/hello_pico.dir/home/pi/access_control_system/pico/pico-sdk/src/rp2_common/hardware_irq/irq.c.o
                0x10000c7c                irq_set_enabled
 .text.irq_is_enabled
                0x10000ca0       0x18 CMakeFiles/hello_pico.dir/home/pi/access_control_system/pico/pico-sdk/src/rp2_common/hardware_irq/irq.c.o
                0x10000ca0                irq_is_enabled
 .text.irq_set_pending
                0x10000cb8       0x10 CMakeFiles/hello_pico.dir/home/pi/access_control_system/pico/pico-sdk/src/rp2_common/hardware_irq/irq.c.o
                0x10000cb8                irq_set_pending
 .text.irq_has_shared_handler
                0x10000cc8       0x24 CMakeFiles/hello_pico.dir/home/pi/access_control_system/pico/pico-sdk/src/rp2_common/hardware_irq/irq.c.o
                0x10000cc8                irq_has_shared_handler
 .text.irq_set_exclusive_handler
                0x10000cec       0x54 CMakeFiles/hello_pico.dir/home/pi/access_control_system/pico/pico-sdk/src/rp2_common/hardware_irq/irq.c.o
                0x10000cec                irq_set_exclusive_handler
 .text.irq_add_shared_handler
                0x10000d40      0x1f4 CMakeFiles/hello_pico.dir/home/pi/access_control_system/pico/pico-sdk/src/rp2_common/hardware_irq/irq.c.o
                0x10000d40                irq_add_shared_handler
 .text.irq_add_tail_to_free_list
                0x10000f34       0xb4 CMakeFiles/hello_pico.dir/home/pi/access_control_system/pico/pico-sdk/src/rp2_common/hardware_irq/irq.c.o
                0x10000f34                irq_add_tail_to_free_list
 .text.user_irq_claim_unused
                0x10000fe8       0x2c CMakeFiles/hello_pico.dir/home/pi/access_control_system/pico/pico-sdk/src/rp2_common/hardware_irq/irq.c.o
                0x10000fe8                user_irq_claim_unused
 .text.lock_init
                0x10001014       0x10 CMakeFiles/hello_pico.dir/home/pi/access_control_system/pico/pico-sdk/src/common/pico_sync/lock_core.c.o
                0x10001014                lock_init
 .text.runtime_init_mutex
                0x10001024       0x58 CMakeFiles/hello_pico.dir/home/pi/access_control_system/pico/pico-sdk/src/common/pico_sync/mutex.c.o
                0x10001024                runtime_init_mutex
 .text.mutex_init
                0x1000107c       0x1c CMakeFiles/hello_pico.dir/home/pi/access_control_system/pico/pico-sdk/src/common/pico_sync/mutex.c.o
                0x1000107c                mutex_init
 .text.critical_section_init
                0x10001098       0x1c CMakeFiles/hello_pico.dir/home/pi/access_control_system/pico/pico-sdk/src/common/pico_sync/critical_section.c.o
                0x10001098                critical_section_init
 .text.critical_section_init_with_lock_num
                0x100010b4       0x14 CMakeFiles/hello_pico.dir/home/pi/access_control_system/pico/pico-sdk/src/common/pico_sync/critical_section.c.o
                0x100010b4                critical_section_init_with_lock_num
 .text.sleep_until_callback
                0x100010c8       0x30 CMakeFiles/hello_pico.dir/home/pi/access_control_system/pico/pico-sdk/src/common/pico_time/time.c.o
 .text.alarm_pool_irq_handler
                0x100010f8      0x300 CMakeFiles/hello_pico.dir/home/pi/access_control_system/pico/pico-sdk/src/common/pico_time/time.c.o
 .text.runtime_init_default_alarm_pool
                0x100013f8       0xdc CMakeFiles/hello_pico.dir/home/pi/access_control_system/pico/pico-sdk/src/common/pico_time/time.c.o
                0x100013f8                runtime_init_default_alarm_pool
 .text.alarm_pool_get_default
                0x100014d4        0x8 CMakeFiles/hello_pico.dir/home/pi/access_control_system/pico/pico-sdk/src/common/pico_time/time.c.o
                0x100014d4                alarm_pool_get_default
 .text.alarm_pool_add_alarm_at
                0x100014dc       0xd4 CMakeFiles/hello_pico.dir/home/pi/access_control_system/pico/pico-sdk/src/common/pico_time/time.c.o
                0x100014dc                alarm_pool_add_alarm_at
 .text.alarm_pool_add_alarm_at_force_in_context
                0x100015b0       0xb0 CMakeFiles/hello_pico.dir/home/pi/access_control_system/pico/pico-sdk/src/common/pico_time/time.c.o
                0x100015b0                alarm_pool_add_alarm_at_force_in_context
 .text.alarm_pool_cancel_alarm
                0x10001660       0x74 CMakeFiles/hello_pico.dir/home/pi/access_control_system/pico/pico-sdk/src/common/pico_time/time.c.o
                0x10001660                alarm_pool_cancel_alarm
 .text.alarm_pool_core_num
                0x100016d4        0x4 CMakeFiles/hello_pico.dir/home/pi/access_control_system/pico/pico-sdk/src/common/pico_time/time.c.o
                0x100016d4                alarm_pool_core_num
 .text.sleep_until
                0x100016d8       0xd8 CMakeFiles/hello_pico.dir/home/pi/access_control_system/pico/pico-sdk/src/common/pico_time/time.c.o
                0x100016d8                sleep_until
 .text.sleep_ms
                0x100017b0       0x38 CMakeFiles/hello_pico.dir/home/pi/access_control_system/pico/pico-sdk/src/common/pico_time/time.c.o
                0x100017b0                sleep_ms
 .text.best_effort_wfe_or_timeout
                0x100017e8       0xfc CMakeFiles/hello_pico.dir/home/pi/access_control_system/pico/pico-sdk/src/common/pico_time/time.c.o
                0x100017e8                best_effort_wfe_or_timeout
 .text.timer_hardware_alarm_claim
                0x100018e4       0x14 CMakeFiles/hello_pico.dir/home/pi/access_control_system/pico/pico-sdk/src/rp2_common/hardware_timer/timer.c.o
                0x100018e4                timer_hardware_alarm_claim
 .text.timer_time_us_64
                0x100018f8       0x10 CMakeFiles/hello_pico.dir/home/pi/access_control_system/pico/pico-sdk/src/rp2_common/hardware_timer/timer.c.o
                0x100018f8                timer_time_us_64
 .text.time_us_64
                0x10001908       0x14 CMakeFiles/hello_pico.dir/home/pi/access_control_system/pico/pico-sdk/src/rp2_common/hardware_timer/timer.c.o
                0x10001908                time_us_64
 .text.busy_wait_until
                0x1000191c       0x20 CMakeFiles/hello_pico.dir/home/pi/access_control_system/pico/pico-sdk/src/rp2_common/hardware_timer/timer.c.o
                0x1000191c                busy_wait_until
 .text.clock_configure_int_divider
                0x1000193c       0xf4 CMakeFiles/hello_pico.dir/home/pi/access_control_system/pico/pico-sdk/src/rp2_common/hardware_clocks/clocks.c.o
                0x1000193c                clock_configure_int_divider
 .text.clock_configure_undivided
                0x10001a30       0xe8 CMakeFiles/hello_pico.dir/home/pi/access_control_system/pico/pico-sdk/src/rp2_common/hardware_clocks/clocks.c.o
                0x10001a30                clock_configure_undivided
 .text.clock_get_hz
                0x10001b18        0xc CMakeFiles/hello_pico.dir/home/pi/access_control_system/pico/pico-sdk/src/rp2_common/hardware_clocks/clocks.c.o
                0x10001b18                clock_get_hz
 .text.pll_init
                0x10001b24       0xa0 CMakeFiles/hello_pico.dir/home/pi/access_control_system/pico/pico-sdk/src/rp2_common/hardware_pll/pll.c.o
                0x10001b24                pll_init
 .text.watchdog_reboot
                0x10001bc4       0x9c CMakeFiles/hello_pico.dir/home/pi/access_control_system/pico/pico-sdk/src/rp2_common/hardware_watchdog/watchdog.c.o
                0x10001bc4                watchdog_reboot
 .text.tick_start
                0x10001c60       0x10 CMakeFiles/hello_pico.dir/home/pi/access_control_system/pico/pico-sdk/src/rp2_common/hardware_ticks/ticks.c.o
                0x10001c60                tick_start
 .text.rom_func_lookup
                0x10001c70       0x10 CMakeFiles/hello_pico.dir/home/pi/access_control_system/pico/pico-sdk/src/rp2_common/pico_bootrom/bootrom.c.o
                0x10001c70                rom_func_lookup
 .text.rom_data_lookup
                0x10001c80       0x10 CMakeFiles/hello_pico.dir/home/pi/access_control_system/pico/pico-sdk/src/rp2_common/pico_bootrom/bootrom.c.o
                0x10001c80                rom_data_lookup
 .text.rom_funcs_lookup
                0x10001c90       0x44 CMakeFiles/hello_pico.dir/home/pi/access_control_system/pico/pico-sdk/src/rp2_common/pico_bootrom/bootrom.c.o
                0x10001c90                rom_funcs_lookup
 .text.rom_reset_usb_boot_extra
                0x10001cd4       0x28 CMakeFiles/hello_pico.dir/home/pi/access_control_system/pico/pico-sdk/src/rp2_common/pico_bootrom/bootrom.c.o
                0x10001cd4                rom_reset_usb_boot_extra
 .text.xosc_init
                0x10001cfc       0x28 CMakeFiles/hello_pico.dir/home/pi/access_control_system/pico/pico-sdk/src/rp2_common/hardware_xosc/xosc.c.o
                0x10001cfc                xosc_init
 .text.first_per_core_initializer
                0x10001d24        0x4 CMakeFiles/hello_pico.dir/home/pi/access_control_system/pico/pico-sdk/src/rp2_common/pico_runtime/runtime.c.o
 .text.hard_assertion_failure
                0x10001d28        0xc CMakeFiles/hello_pico.dir/home/pi/access_control_system/pico/pico-sdk/src/rp2_common/pico_runtime/runtime.c.o
                0x10001d28                hard_assertion_failure
 .text.runtime_run_initializers
                0x10001d34       0x28 CMakeFiles/hello_pico.dir/home/pi/access_control_system/pico/pico-sdk/src/rp2_common/pico_runtime/runtime.c.o
                0x10001d34                runtime_run_initializers
 .text.runtime_init_early_resets
                0x10001d5c       0x2c CMakeFiles/hello_pico.dir/home/pi/access_control_system/pico/pico-sdk/src/rp2_common/pico_runtime_init/runtime_init.c.o
                0x10001d5c                runtime_init_early_resets
 .text.runtime_init_usb_power_down
                0x10001d88       0x1c CMakeFiles/hello_pico.dir/home/pi/access_control_system/pico/pico-sdk/src/rp2_common/pico_runtime_init/runtime_init.c.o
                0x10001d88                runtime_init_usb_power_down
 .text.runtime_init_post_clock_resets
                0x10001da4       0x20 CMakeFiles/hello_pico.dir/home/pi/access_control_system/pico/pico-sdk/src/rp2_common/pico_runtime_init/runtime_init.c.o
                0x10001da4                runtime_init_post_clock_resets
 .text.runtime_init_rp2040_gpio_ie_disable
                0x10001dc4       0x14 CMakeFiles/hello_pico.dir/home/pi/access_control_system/pico/pico-sdk/src/rp2_common/pico_runtime_init/runtime_init.c.o
                0x10001dc4                runtime_init_rp2040_gpio_ie_disable
 .text.runtime_init_spin_locks_reset
                0x10001dd8        0x8 CMakeFiles/hello_pico.dir/home/pi/access_control_system/pico/pico-sdk/src/rp2_common/pico_runtime_init/runtime_init.c.o
                0x10001dd8                runtime_init_spin_locks_reset
 .text.runtime_init_install_ram_vector_table
                0x10001de0       0xc4 CMakeFiles/hello_pico.dir/home/pi/access_control_system/pico/pico-sdk/src/rp2_common/pico_runtime_init/runtime_init.c.o
                0x10001de0                runtime_init_install_ram_vector_table
 .text.runtime_init_clocks
                0x10001ea4       0xd8 CMakeFiles/hello_pico.dir/home/pi/access_control_system/pico/pico-sdk/src/rp2_common/pico_runtime_init/runtime_init_clocks.c.o
                0x10001ea4                runtime_init_clocks
 .text          0x10001f7c       0x10 CMakeFiles/hello_pico.dir/home/pi/access_control_system/pico/pico-sdk/src/rp2_common/pico_bit_ops/bit_ops_aeabi.S.o
 .text.__wrap___aeabi_idiv
                0x10001f8c       0x50 CMakeFiles/hello_pico.dir/home/pi/access_control_system/pico/pico-sdk/src/rp2_common/pico_divider/divider_hardware.S.o
                0x10001f8c                __wrap___aeabi_idivmod
                0x10001f8c                divmod_s32s32
                0x10001f8c                div_s32s32
                0x10001f8c                __wrap___aeabi_idiv
                0x10001f94                divmod_s32s32_unsafe
                0x10001fc0                divmod_s32s32_savestate
 .text.__wrap___aeabi_uidiv
                0x10001fdc       0x4c CMakeFiles/hello_pico.dir/home/pi/access_control_system/pico/pico-sdk/src/rp2_common/pico_divider/divider_hardware.S.o
                0x10001fdc                __wrap___aeabi_uidiv
                0x10001fdc                __wrap___aeabi_uidivmod
                0x10001fdc                div_u32u32
                0x10001fdc                divmod_u32u32
                0x10001fe4                divmod_u32u32_unsafe
                0x1000200c                divmod_u32u32_savestate
 .text.__wrap___aeabi_ldiv
                0x10002028      0x424 CMakeFiles/hello_pico.dir/home/pi/access_control_system/pico/pico-sdk/src/rp2_common/pico_divider/divider_hardware.S.o
                0x10002028                div_s64s64
                0x10002028                divmod_s64s64
                0x10002028                __wrap___aeabi_ldivmod
                0x10002058                div_u64u64
                0x10002058                divmod_u64u64
                0x10002058                __wrap___aeabi_uldivmod
                0x10002068                divmod_u64u64_savestate
                0x10002088                divmod_s64s64_unsafe
                0x10002110                divmod_u64u64_unsafe
 .text.__wrap___aeabi_darithmetic
                0x1000244c       0x80 CMakeFiles/hello_pico.dir/home/pi/access_control_system/pico/pico-sdk/src/rp2_common/pico_double/double_aeabi_rp2040.S.o
                0x1000244c                __wrap___aeabi_drsub
                0x10002452                __wrap___aeabi_dsub
                0x10002464                __wrap___aeabi_dadd
                0x10002476                __wrap___aeabi_ddiv
                0x100024b2                __wrap___aeabi_dmul
 .text.__wrap___aeabi_cdcmple
                0x100024cc       0x6c CMakeFiles/hello_pico.dir/home/pi/access_control_system/pico/pico-sdk/src/rp2_common/pico_double/double_aeabi_rp2040.S.o
                0x100024cc                __wrap___aeabi_cdrcmple
                0x100024dc                __wrap___aeabi_cdcmple
                0x100024dc                __wrap___aeabi_cdcmpeq
 .text.__wrap___aeabi_dcmplt
                0x10002538        0xc CMakeFiles/hello_pico.dir/home/pi/access_control_system/pico/pico-sdk/src/rp2_common/pico_double/double_aeabi_rp2040.S.o
                0x10002538                __wrap___aeabi_dcmplt
 .text.__wrap___aeabi_dcmpge
                0x10002544       0x10 CMakeFiles/hello_pico.dir/home/pi/access_control_system/pico/pico-sdk/src/rp2_common/pico_double/double_aeabi_rp2040.S.o
                0x10002544                __wrap___aeabi_dcmpge
 .text.__wrap___aeabi_dcmpgt
                0x10002554        0xa CMakeFiles/hello_pico.dir/home/pi/access_control_system/pico/pico-sdk/src/rp2_common/pico_double/double_aeabi_rp2040.S.o
                0x10002554                __wrap___aeabi_dcmpgt
 .text.__wrap___aeabi_dcmpun
                0x1000255e       0x18 CMakeFiles/hello_pico.dir/home/pi/access_control_system/pico/pico-sdk/src/rp2_common/pico_double/double_aeabi_rp2040.S.o
                0x1000255e                __wrap___aeabi_dcmpun
 *fill*         0x10002576        0x2 
 .text.__wrap___aeabi_i2d
                0x10002578       0x38 CMakeFiles/hello_pico.dir/home/pi/access_control_system/pico/pico-sdk/src/rp2_common/pico_double/double_aeabi_rp2040.S.o
                0x10002578                __wrap___aeabi_ui2d
                0x10002578                uint2double
                0x10002580                __wrap___aeabi_i2d
                0x10002580                int2double
 .text.__wrap___aeabi_d2iz
                0x100025b0       0x48 CMakeFiles/hello_pico.dir/home/pi/access_control_system/pico/pico-sdk/src/rp2_common/pico_double/double_aeabi_rp2040.S.o
                0x100025b0                __wrap___aeabi_d2iz
                0x100025b0                double2int_z
 .text.__wrap___aeabi_d2uiz
                0x100025f8       0x18 CMakeFiles/hello_pico.dir/home/pi/access_control_system/pico/pico-sdk/src/rp2_common/pico_double/double_aeabi_rp2040.S.o
                0x100025f8                double2uint_z
                0x100025f8                double2uint
                0x100025f8                __wrap___aeabi_d2uiz
 .text.__aeabi_double_init
                0x10002610       0xa4 CMakeFiles/hello_pico.dir/home/pi/access_control_system/pico/pico-sdk/src/rp2_common/pico_double/double_init_rom_rp2040.c.o
                0x10002610                __aeabi_double_init
 .text.double_table_shim_on_use_helper
                0x100026b4       0x2c CMakeFiles/hello_pico.dir/home/pi/access_control_system/pico/pico-sdk/src/rp2_common/pico_double/double_v1_rom_shim_rp2040.S.o
                0x100026b4                double_table_shim_on_use_helper
 .text.__wrap___aeabi_dsub
                0x100026e0       0x10 CMakeFiles/hello_pico.dir/home/pi/access_control_system/pico/pico-sdk/src/rp2_common/pico_double/double_v1_rom_shim_rp2040.S.o
                0x100026e0                drsub_shim
                0x100026e6                dsub_shim
 .text.dadd_shim
                0x100026f0      0x15c CMakeFiles/hello_pico.dir/home/pi/access_control_system/pico/pico-sdk/src/rp2_common/pico_double/double_v1_rom_shim_rp2040.S.o
                0x100026f0                dadd_shim
 .text.dmul_shim
                0x1000284c      0x15c CMakeFiles/hello_pico.dir/home/pi/access_control_system/pico/pico-sdk/src/rp2_common/pico_double/double_v1_rom_shim_rp2040.S.o
                0x1000284c                dmul_shim
 .text.ddiv_shim
                0x100029a8      0x1b0 CMakeFiles/hello_pico.dir/home/pi/access_control_system/pico/pico-sdk/src/rp2_common/pico_double/double_v1_rom_shim_rp2040.S.o
                0x100029a8                ddiv_shim
 .text.double2uint_shim
                0x10002b58        0xe CMakeFiles/hello_pico.dir/home/pi/access_control_system/pico/pico-sdk/src/rp2_common/pico_double/double_v1_rom_shim_rp2040.S.o
                0x10002b58                double2uint_shim
                0x10002b5a                double2ufix_shim
 *fill*         0x10002b66        0x2 
 .text.double2uint64_shim
                0x10002b68       0x70 CMakeFiles/hello_pico.dir/home/pi/access_control_system/pico/pico-sdk/src/rp2_common/pico_double/double_v1_rom_shim_rp2040.S.o
                0x10002b68                double2uint64_shim
                0x10002b6a                double2ufix64_shim
                0x10002b8a                d2fix_a
 .text.dunpacks
                0x10002bd8       0x3c CMakeFiles/hello_pico.dir/home/pi/access_control_system/pico/pico-sdk/src/rp2_common/pico_double/double_v1_rom_shim_rp2040.S.o
                0x10002bd8                dunpacks
 .text.__aeabi_lmul
                0x10002c14       0x32 CMakeFiles/hello_pico.dir/home/pi/access_control_system/pico/pico-sdk/src/rp2_common/pico_int64_ops/pico_int64_ops_aeabi.S.o
                0x10002c14                __wrap___aeabi_lmul
 *fill*         0x10002c46        0x2 
 .text.__wrap___aeabi_farithmetic
                0x10002c48       0x48 CMakeFiles/hello_pico.dir/home/pi/access_control_system/pico/pico-sdk/src/rp2_common/pico_float/float_aeabi_rp2040.S.o
                0x10002c48                __wrap___aeabi_frsub
                0x10002c4e                __wrap___aeabi_fsub
                0x10002c54                __wrap___aeabi_fadd
                0x10002c5a                __wrap___aeabi_fdiv
                0x10002c82                __wrap___aeabi_fmul
 .text.__wrap___aeabi_ui2f
                0x10002c90        0xa CMakeFiles/hello_pico.dir/home/pi/access_control_system/pico/pico-sdk/src/rp2_common/pico_float/float_aeabi_rp2040.S.o
                0x10002c90                uint2float
                0x10002c90                __wrap___aeabi_ui2f
 *fill*         0x10002c9a        0x2 
 .text.__wrap___aeabi_i2f
                0x10002c9c       0x44 CMakeFiles/hello_pico.dir/home/pi/access_control_system/pico/pico-sdk/src/rp2_common/pico_float/float_aeabi_rp2040.S.o
                0x10002c9c                int2float
                0x10002c9c                __wrap___aeabi_i2f
 .text.__wrap___aeabi_f2uiz
                0x10002ce0        0xc CMakeFiles/hello_pico.dir/home/pi/access_control_system/pico/pico-sdk/src/rp2_common/pico_float/float_aeabi_rp2040.S.o
                0x10002ce0                float2uint
                0x10002ce0                float2uint_z
                0x10002ce0                __wrap___aeabi_f2uiz
 .text.__aeabi_float_init
                0x10002cec       0x64 CMakeFiles/hello_pico.dir/home/pi/access_control_system/pico/pico-sdk/src/rp2_common/pico_float/float_init_rom_rp2040.c.o
                0x10002cec                __aeabi_float_init
 .text.float_table_shim_on_use_helper
                0x10002d50       0x2c CMakeFiles/hello_pico.dir/home/pi/access_control_system/pico/pico-sdk/src/rp2_common/pico_float/float_v1_rom_shim_rp2040.S.o
                0x10002d50                float_table_shim_on_use_helper
 .text          0x10002d7c       0x10 CMakeFiles/hello_pico.dir/home/pi/access_control_system/pico/pico-sdk/src/rp2_common/pico_mem_ops/mem_ops_aeabi.S.o
                0x10002d7c                __aeabi_mem_init
 .text.memset   0x10002d8c        0xc CMakeFiles/hello_pico.dir/home/pi/access_control_system/pico/pico-sdk/src/rp2_common/pico_mem_ops/mem_ops_aeabi.S.o
                0x10002d8c                __wrap_memset
 .text.memcpy   0x10002d98        0xc CMakeFiles/hello_pico.dir/home/pi/access_control_system/pico/pico-sdk/src/rp2_common/pico_mem_ops/mem_ops_aeabi.S.o
                0x10002d98                __wrap___aeabi_memcpy
                0x10002d98                __wrap_memcpy
 .text._out_null
                0x10002da4        0x4 CMakeFiles/hello_pico.dir/home/pi/access_control_system/pico/pico-sdk/src/rp2_common/pico_printf/printf.c.o
 .text._out_rev
                0x10002da8       0x90 CMakeFiles/hello_pico.dir/home/pi/access_control_system/pico/pico-sdk/src/rp2_common/pico_printf/printf.c.o
 .text._ntoa_format
                0x10002e38      0x1f4 CMakeFiles/hello_pico.dir/home/pi/access_control_system/pico/pico-sdk/src/rp2_common/pico_printf/printf.c.o
 .text._out_char
                0x1000302c       0x10 CMakeFiles/hello_pico.dir/home/pi/access_control_system/pico/pico-sdk/src/rp2_common/pico_printf/printf.c.o
 .text._out_fct
                0x1000303c       0x10 CMakeFiles/hello_pico.dir/home/pi/access_control_system/pico/pico-sdk/src/rp2_common/pico_printf/printf.c.o
 .text._etoa    0x1000304c      0x454 CMakeFiles/hello_pico.dir/home/pi/access_control_system/pico/pico-sdk/src/rp2_common/pico_printf/printf.c.o
 .text._ftoa    0x100034a0      0x3c4 CMakeFiles/hello_pico.dir/home/pi/access_control_system/pico/pico-sdk/src/rp2_common/pico_printf/printf.c.o
 .text._vsnprintf
                0x10003864      0xb24 CMakeFiles/hello_pico.dir/home/pi/access_control_system/pico/pico-sdk/src/rp2_common/pico_printf/printf.c.o
 .text.vfctprintf
                0x10004388       0x20 CMakeFiles/hello_pico.dir/home/pi/access_control_system/pico/pico-sdk/src/rp2_common/pico_printf/printf.c.o
                0x10004388                vfctprintf
 .text.weak_raw_vprintf
                0x100043a8       0x30 CMakeFiles/hello_pico.dir/home/pi/access_control_system/pico/pico-sdk/src/rp2_common/pico_printf/printf.c.o
                0x100043a8                weak_raw_vprintf
 .text._exit    0x100043d8        0x4 CMakeFiles/hello_pico.dir/home/pi/access_control_system/pico/pico-sdk/src/rp2_common/pico_clib_interface/newlib_interface.c.o
                0x100043d8                _exit
 .text.exit     0x100043dc        0x8 CMakeFiles/hello_pico.dir/home/pi/access_control_system/pico/pico-sdk/src/rp2_common/pico_clib_interface/newlib_interface.c.o
                0x100043dc                exit
 .text.runtime_init
                0x100043e4       0x2c CMakeFiles/hello_pico.dir/home/pi/access_control_system/pico/pico-sdk/src/rp2_common/pico_clib_interface/newlib_interface.c.o
                0x100043e4                runtime_init
 .text.stdio_out_chars_no_crlf
                0x10004410       0x10 CMakeFiles/hello_pico.dir/home/pi/access_control_system/pico/pico-sdk/src/rp2_common/pico_stdio/stdio.c.o
 .text.stdio_out_chars_crlf
                0x10004420       0xbc CMakeFiles/hello_pico.dir/home/pi/access_control_system/pico/pico-sdk/src/rp2_common/pico_stdio/stdio.c.o
 .text.stdio_buffered_printer
                0x100044dc       0x64 CMakeFiles/hello_pico.dir/home/pi/access_control_system/pico/pico-sdk/src/rp2_common/pico_stdio/stdio.c.o
 .text.stdio_put_string
                0x10004540      0x100 CMakeFiles/hello_pico.dir/home/pi/access_control_system/pico/pico-sdk/src/rp2_common/pico_stdio/stdio.c.o
                0x10004540                stdio_put_string
 .text.stdio_set_driver_enabled
                0x10004640       0x30 CMakeFiles/hello_pico.dir/home/pi/access_control_system/pico/pico-sdk/src/rp2_common/pico_stdio/stdio.c.o
                0x10004640                stdio_set_driver_enabled
 .text.stdio_init_all
                0x10004670        0x8 CMakeFiles/hello_pico.dir/home/pi/access_control_system/pico/pico-sdk/src/rp2_common/pico_stdio/stdio.c.o
                0x10004670                stdio_init_all
 .text.__wrap_putchar
                0x10004678       0x98 CMakeFiles/hello_pico.dir/home/pi/access_control_system/pico/pico-sdk/src/rp2_common/pico_stdio/stdio.c.o
                0x10004678                stdio_putchar
                0x10004678                __wrap_putchar
 .text.__wrap_puts
                0x10004710       0x3c CMakeFiles/hello_pico.dir/home/pi/access_control_system/pico/pico-sdk/src/rp2_common/pico_stdio/stdio.c.o
                0x10004710                __wrap_puts
                0x10004710                stdio_puts
 .text.__wrap_vprintf
                0x1000474c       0xd4 CMakeFiles/hello_pico.dir/home/pi/access_control_system/pico/pico-sdk/src/rp2_common/pico_stdio/stdio.c.o
                0x1000474c                __wrap_vprintf
                0x1000474c                stdio_vprintf
 .text.__wrap_printf
                0x10004820       0x18 CMakeFiles/hello_pico.dir/home/pi/access_control_system/pico/pico-sdk/src/rp2_common/pico_stdio/stdio.c.o
                0x10004820                stdio_printf
                0x10004820                __wrap_printf
 .text.resetd_init
                0x10004838        0x4 CMakeFiles/hello_pico.dir/home/pi/access_control_system/pico/pico-sdk/src/rp2_common/pico_stdio_usb/reset_interface.c.o
 .text.resetd_reset
                0x1000483c        0xc CMakeFiles/hello_pico.dir/home/pi/access_control_system/pico/pico-sdk/src/rp2_common/pico_stdio_usb/reset_interface.c.o
 .text.resetd_open
                0x10004848       0x28 CMakeFiles/hello_pico.dir/home/pi/access_control_system/pico/pico-sdk/src/rp2_common/pico_stdio_usb/reset_interface.c.o
 .text.resetd_xfer_cb
                0x10004870        0x4 CMakeFiles/hello_pico.dir/home/pi/access_control_system/pico/pico-sdk/src/rp2_common/pico_stdio_usb/reset_interface.c.o
 .text.resetd_control_xfer_cb
                0x10004874       0x5c CMakeFiles/hello_pico.dir/home/pi/access_control_system/pico/pico-sdk/src/rp2_common/pico_stdio_usb/reset_interface.c.o
 .text.tud_descriptor_bos_cb
                0x100048d0        0x8 CMakeFiles/hello_pico.dir/home/pi/access_control_system/pico/pico-sdk/src/rp2_common/pico_stdio_usb/reset_interface.c.o
                0x100048d0                tud_descriptor_bos_cb
 .text.tud_vendor_control_xfer_cb
                0x100048d8       0x34 CMakeFiles/hello_pico.dir/home/pi/access_control_system/pico/pico-sdk/src/rp2_common/pico_stdio_usb/reset_interface.c.o
                0x100048d8                tud_vendor_control_xfer_cb
 .text.usbd_app_driver_get_cb
                0x1000490c        0xc CMakeFiles/hello_pico.dir/home/pi/access_control_system/pico/pico-sdk/src/rp2_common/pico_stdio_usb/reset_interface.c.o
                0x1000490c                usbd_app_driver_get_cb
 .text.tud_cdc_line_coding_cb
                0x10004918       0x2c CMakeFiles/hello_pico.dir/home/pi/access_control_system/pico/pico-sdk/src/rp2_common/pico_stdio_usb/reset_interface.c.o
                0x10004918                tud_cdc_line_coding_cb
 .text.stdio_usb_set_chars_available_callback
                0x10004944       0x14 CMakeFiles/hello_pico.dir/home/pi/access_control_system/pico/pico-sdk/src/rp2_common/pico_stdio_usb/stdio_usb.c.o
                0x10004944                stdio_usb_set_chars_available_callback
 .text.usb_irq  0x10004958       0x10 CMakeFiles/hello_pico.dir/home/pi/access_control_system/pico/pico-sdk/src/rp2_common/pico_stdio_usb/stdio_usb.c.o
 .text.timer_task
                0x10004968       0x64 CMakeFiles/hello_pico.dir/home/pi/access_control_system/pico/pico-sdk/src/rp2_common/pico_stdio_usb/stdio_usb.c.o
 .text.stdio_usb_in_chars
                0x100049cc       0x90 CMakeFiles/hello_pico.dir/home/pi/access_control_system/pico/pico-sdk/src/rp2_common/pico_stdio_usb/stdio_usb.c.o
                0x100049cc                stdio_usb_in_chars
 .text.stdio_usb_out_flush
                0x10004a5c       0x50 CMakeFiles/hello_pico.dir/home/pi/access_control_system/pico/pico-sdk/src/rp2_common/pico_stdio_usb/stdio_usb.c.o
 .text.stdio_usb_out_chars
                0x10004aac      0x104 CMakeFiles/hello_pico.dir/home/pi/access_control_system/pico/pico-sdk/src/rp2_common/pico_stdio_usb/stdio_usb.c.o
 .text.low_priority_worker_irq
                0x10004bb0       0xcc CMakeFiles/hello_pico.dir/home/pi/access_control_system/pico/pico-sdk/src/rp2_common/pico_stdio_usb/stdio_usb.c.o
 .text.stdio_usb_init
                0x10004c7c       0xec CMakeFiles/hello_pico.dir/home/pi/access_control_system/pico/pico-sdk/src/rp2_common/pico_stdio_usb/stdio_usb.c.o
                0x10004c7c                stdio_usb_init
 .text.tud_descriptor_device_cb
                0x10004d68        0x8 CMakeFiles/hello_pico.dir/home/pi/access_control_system/pico/pico-sdk/src/rp2_common/pico_stdio_usb/stdio_usb_descriptors.c.o
                0x10004d68                tud_descriptor_device_cb
 .text.tud_descriptor_configuration_cb
                0x10004d70        0x8 CMakeFiles/hello_pico.dir/home/pi/access_control_system/pico/pico-sdk/src/rp2_common/pico_stdio_usb/stdio_usb_descriptors.c.o
                0x10004d70                tud_descriptor_configuration_cb
 .text.tud_descriptor_string_cb
                0x10004d78       0x78 CMakeFiles/hello_pico.dir/home/pi/access_control_system/pico/pico-sdk/src/rp2_common/pico_stdio_usb/stdio_usb_descriptors.c.o
                0x10004d78                tud_descriptor_string_cb
 .text.startup._retrieve_unique_id_on_boot
                0x10004df0       0x10 CMakeFiles/hello_pico.dir/home/pi/access_control_system/pico/pico-sdk/src/rp2_common/pico_unique_id/unique_id.c.o
 .text.pico_get_unique_board_id_string
                0x10004e00      0x1a8 CMakeFiles/hello_pico.dir/home/pi/access_control_system/pico/pico-sdk/src/rp2_common/pico_unique_id/unique_id.c.o
                0x10004e00                pico_get_unique_board_id_string
 .text.flash_get_unique_id
                0x10004fa8       0x40 CMakeFiles/hello_pico.dir/home/pi/access_control_system/pico/pico-sdk/src/rp2_common/hardware_flash/flash.c.o
                0x10004fa8                flash_get_unique_id
 .text.dcd_init
                0x10004fe8       0x90 CMakeFiles/hello_pico.dir/home/pi/access_control_system/pico/pico-sdk/lib/tinyusb/src/portable/raspberrypi/rp2040/dcd_rp2040.c.o
                0x10004fe8                dcd_init
 .text.dcd_int_enable
                0x10005078        0xc CMakeFiles/hello_pico.dir/home/pi/access_control_system/pico/pico-sdk/lib/tinyusb/src/portable/raspberrypi/rp2040/dcd_rp2040.c.o
                0x10005078                dcd_int_enable
 .text.dcd_set_address
                0x10005084       0x14 CMakeFiles/hello_pico.dir/home/pi/access_control_system/pico/pico-sdk/lib/tinyusb/src/portable/raspberrypi/rp2040/dcd_rp2040.c.o
                0x10005084                dcd_set_address
 .text.dcd_sof_enable
                0x10005098       0x1c CMakeFiles/hello_pico.dir/home/pi/access_control_system/pico/pico-sdk/lib/tinyusb/src/portable/raspberrypi/rp2040/dcd_rp2040.c.o
                0x10005098                dcd_sof_enable
 .text.dcd_edpt0_status_complete
                0x100050b4       0x1c CMakeFiles/hello_pico.dir/home/pi/access_control_system/pico/pico-sdk/lib/tinyusb/src/portable/raspberrypi/rp2040/dcd_rp2040.c.o
                0x100050b4                dcd_edpt0_status_complete
 .text.dcd_edpt_open
                0x100050d0      0x114 CMakeFiles/hello_pico.dir/home/pi/access_control_system/pico/pico-sdk/lib/tinyusb/src/portable/raspberrypi/rp2040/dcd_rp2040.c.o
                0x100050d0                dcd_edpt_open
 .text.dcd_edpt_close_all
                0x100051e4        0x8 CMakeFiles/hello_pico.dir/home/pi/access_control_system/pico/pico-sdk/lib/tinyusb/src/portable/raspberrypi/rp2040/dcd_rp2040.c.o
                0x100051e4                dcd_edpt_close_all
 .text.dcd_edpt_xfer
                0x100051ec       0x24 CMakeFiles/hello_pico.dir/home/pi/access_control_system/pico/pico-sdk/lib/tinyusb/src/portable/raspberrypi/rp2040/dcd_rp2040.c.o
                0x100051ec                dcd_edpt_xfer
 .text.dcd_edpt_stall
                0x10005210       0x38 CMakeFiles/hello_pico.dir/home/pi/access_control_system/pico/pico-sdk/lib/tinyusb/src/portable/raspberrypi/rp2040/dcd_rp2040.c.o
                0x10005210                dcd_edpt_stall
 .text.dcd_edpt_clear_stall
                0x10005248       0x30 CMakeFiles/hello_pico.dir/home/pi/access_control_system/pico/pico-sdk/lib/tinyusb/src/portable/raspberrypi/rp2040/dcd_rp2040.c.o
                0x10005248                dcd_edpt_clear_stall
 .text.rp2040_usb_init
                0x10005278       0x40 CMakeFiles/hello_pico.dir/home/pi/access_control_system/pico/pico-sdk/lib/tinyusb/src/portable/raspberrypi/rp2040/rp2040_usb.c.o
                0x10005278                rp2040_usb_init
 .text.hw_endpoint_xfer_start
                0x100052b8       0x40 CMakeFiles/hello_pico.dir/home/pi/access_control_system/pico/pico-sdk/lib/tinyusb/src/portable/raspberrypi/rp2040/rp2040_usb.c.o
                0x100052b8                hw_endpoint_xfer_start
 .text.tud_event_hook_cb
                0x100052f8        0x4 CMakeFiles/hello_pico.dir/home/pi/access_control_system/pico/pico-sdk/lib/tinyusb/src/device/usbd.c.o
                0x100052f8                tud_event_hook_cb
 .text.tud_sof_cb
                0x100052fc        0x4 CMakeFiles/hello_pico.dir/home/pi/access_control_system/pico/pico-sdk/lib/tinyusb/src/device/usbd.c.o
                0x100052fc                tud_sof_cb
 .text.tud_descriptor_device_qualifier_cb
                0x10005300        0x4 CMakeFiles/hello_pico.dir/home/pi/access_control_system/pico/pico-sdk/lib/tinyusb/src/device/usbd.c.o
                0x10005300                tud_descriptor_device_qualifier_cb
 .text.tud_descriptor_other_speed_configuration_cb
                0x10005304        0x4 CMakeFiles/hello_pico.dir/home/pi/access_control_system/pico/pico-sdk/lib/tinyusb/src/device/usbd.c.o
                0x10005304                tud_descriptor_other_speed_configuration_cb
 .text.tud_mount_cb
                0x10005308        0x4 CMakeFiles/hello_pico.dir/home/pi/access_control_system/pico/pico-sdk/lib/tinyusb/src/device/usbd.c.o
                0x10005308                tud_mount_cb
 .text.tud_umount_cb
                0x1000530c        0x4 CMakeFiles/hello_pico.dir/home/pi/access_control_system/pico/pico-sdk/lib/tinyusb/src/device/usbd.c.o
                0x1000530c                tud_umount_cb
 .text.tud_suspend_cb
                0x10005310        0x4 CMakeFiles/hello_pico.dir/home/pi/access_control_system/pico/pico-sdk/lib/tinyusb/src/device/usbd.c.o
                0x10005310                tud_suspend_cb
 .text.tud_resume_cb
                0x10005314        0x4 CMakeFiles/hello_pico.dir/home/pi/access_control_system/pico/pico-sdk/lib/tinyusb/src/device/usbd.c.o
                0x10005314                tud_resume_cb
 .text.tud_mounted
                0x10005318       0x10 CMakeFiles/hello_pico.dir/home/pi/access_control_system/pico/pico-sdk/lib/tinyusb/src/device/usbd.c.o
                0x10005318                tud_mounted
 .text.tud_suspended
                0x10005328       0x10 CMakeFiles/hello_pico.dir/home/pi/access_control_system/pico/pico-sdk/lib/tinyusb/src/device/usbd.c.o
                0x10005328                tud_suspended
 .text.tud_rhport_init
                0x10005338       0xfc CMakeFiles/hello_pico.dir/home/pi/access_control_system/pico/pico-sdk/lib/tinyusb/src/device/usbd.c.o
                0x10005338                tud_rhport_init
 .text.tud_task_ext
                0x10005434      0x808 CMakeFiles/hello_pico.dir/home/pi/access_control_system/pico/pico-sdk/lib/tinyusb/src/device/usbd.c.o
                0x10005434                tud_task_ext
 .text.usbd_open_edpt_pair
                0x10005c3c       0x9c CMakeFiles/hello_pico.dir/home/pi/access_control_system/pico/pico-sdk/lib/tinyusb/src/device/usbd.c.o
                0x10005c3c                usbd_open_edpt_pair
 .text.usbd_edpt_open
                0x10005cd8       0x34 CMakeFiles/hello_pico.dir/home/pi/access_control_system/pico/pico-sdk/lib/tinyusb/src/device/usbd.c.o
                0x10005cd8                usbd_edpt_open
 .text.usbd_edpt_claim
                0x10005d0c       0x28 CMakeFiles/hello_pico.dir/home/pi/access_control_system/pico/pico-sdk/lib/tinyusb/src/device/usbd.c.o
                0x10005d0c                usbd_edpt_claim
 .text.usbd_edpt_release
                0x10005d34       0x28 CMakeFiles/hello_pico.dir/home/pi/access_control_system/pico/pico-sdk/lib/tinyusb/src/device/usbd.c.o
                0x10005d34                usbd_edpt_release
 .text.usbd_edpt_xfer
                0x10005d5c       0x4c CMakeFiles/hello_pico.dir/home/pi/access_control_system/pico/pico-sdk/lib/tinyusb/src/device/usbd.c.o
                0x10005d5c                usbd_edpt_xfer
 .text.tud_control_status
                0x10005da8       0x2c CMakeFiles/hello_pico.dir/home/pi/access_control_system/pico/pico-sdk/lib/tinyusb/src/device/usbd_control.c.o
                0x10005da8                tud_control_status
 .text.tud_control_xfer
                0x10005dd4       0xac CMakeFiles/hello_pico.dir/home/pi/access_control_system/pico/pico-sdk/lib/tinyusb/src/device/usbd_control.c.o
                0x10005dd4                tud_control_xfer
 .text.usbd_control_reset
                0x10005e80       0x14 CMakeFiles/hello_pico.dir/home/pi/access_control_system/pico/pico-sdk/lib/tinyusb/src/device/usbd_control.c.o
                0x10005e80                usbd_control_reset
 .text.usbd_control_set_complete_callback
                0x10005e94        0xc CMakeFiles/hello_pico.dir/home/pi/access_control_system/pico/pico-sdk/lib/tinyusb/src/device/usbd_control.c.o
                0x10005e94                usbd_control_set_complete_callback
 .text.usbd_control_set_request
                0x10005ea0       0x1c CMakeFiles/hello_pico.dir/home/pi/access_control_system/pico/pico-sdk/lib/tinyusb/src/device/usbd_control.c.o
                0x10005ea0                usbd_control_set_request
 .text.usbd_control_xfer_cb
                0x10005ebc       0xec CMakeFiles/hello_pico.dir/home/pi/access_control_system/pico/pico-sdk/lib/tinyusb/src/device/usbd_control.c.o
                0x10005ebc                usbd_control_xfer_cb
 .text._prep_out_transaction.isra.0
                0x10005fa8       0x6c CMakeFiles/hello_pico.dir/home/pi/access_control_system/pico/pico-sdk/lib/tinyusb/src/class/cdc/cdc_device.c.o
 .text.tud_cdc_n_connected
                0x10006014       0x2c CMakeFiles/hello_pico.dir/home/pi/access_control_system/pico/pico-sdk/lib/tinyusb/src/class/cdc/cdc_device.c.o
                0x10006014                tud_cdc_n_connected
 .text.tud_cdc_n_available
                0x10006040       0x14 CMakeFiles/hello_pico.dir/home/pi/access_control_system/pico/pico-sdk/lib/tinyusb/src/class/cdc/cdc_device.c.o
                0x10006040                tud_cdc_n_available
 .text.tud_cdc_n_read
                0x10006054       0x94 CMakeFiles/hello_pico.dir/home/pi/access_control_system/pico/pico-sdk/lib/tinyusb/src/class/cdc/cdc_device.c.o
                0x10006054                tud_cdc_n_read
 .text.tud_cdc_n_write_flush
                0x100060e8       0x74 CMakeFiles/hello_pico.dir/home/pi/access_control_system/pico/pico-sdk/lib/tinyusb/src/class/cdc/cdc_device.c.o
                0x100060e8                tud_cdc_n_write_flush
 .text.tud_cdc_n_write
                0x1000615c       0x40 CMakeFiles/hello_pico.dir/home/pi/access_control_system/pico/pico-sdk/lib/tinyusb/src/class/cdc/cdc_device.c.o
                0x1000615c                tud_cdc_n_write
 .text.tud_cdc_n_write_available
                0x1000619c       0x14 CMakeFiles/hello_pico.dir/home/pi/access_control_system/pico/pico-sdk/lib/tinyusb/src/class/cdc/cdc_device.c.o
                0x1000619c                tud_cdc_n_write_available
 .text.cdcd_init
                0x100061b0       0x70 CMakeFiles/hello_pico.dir/home/pi/access_control_system/pico/pico-sdk/lib/tinyusb/src/class/cdc/cdc_device.c.o
                0x100061b0                cdcd_init
 .text.cdcd_deinit
                0x10006220       0x30 CMakeFiles/hello_pico.dir/home/pi/access_control_system/pico/pico-sdk/lib/tinyusb/src/class/cdc/cdc_device.c.o
                0x10006220                cdcd_deinit
 .text.cdcd_reset
                0x10006250       0x4c CMakeFiles/hello_pico.dir/home/pi/access_control_system/pico/pico-sdk/lib/tinyusb/src/class/cdc/cdc_device.c.o
                0x10006250                cdcd_reset
 .text.cdcd_open
                0x1000629c       0xa8 CMakeFiles/hello_pico.dir/home/pi/access_control_system/pico/pico-sdk/lib/tinyusb/src/class/cdc/cdc_device.c.o
                0x1000629c                cdcd_open
 .text.cdcd_control_xfer_cb
                0x10006344       0xe8 CMakeFiles/hello_pico.dir/home/pi/access_control_system/pico/pico-sdk/lib/tinyusb/src/class/cdc/cdc_device.c.o
                0x10006344                cdcd_control_xfer_cb
 .text.cdcd_xfer_cb
                0x1000642c      0x100 CMakeFiles/hello_pico.dir/home/pi/access_control_system/pico/pico-sdk/lib/tinyusb/src/class/cdc/cdc_device.c.o
                0x1000642c                cdcd_xfer_cb
 .text.vendord_init
                0x1000652c       0x5c CMakeFiles/hello_pico.dir/home/pi/access_control_system/pico/pico-sdk/lib/tinyusb/src/class/vendor/vendor_device.c.o
                0x1000652c                vendord_init
 .text.vendord_deinit
                0x10006588       0x1c CMakeFiles/hello_pico.dir/home/pi/access_control_system/pico/pico-sdk/lib/tinyusb/src/class/vendor/vendor_device.c.o
                0x10006588                vendord_deinit
 .text.vendord_reset
                0x100065a4       0x28 CMakeFiles/hello_pico.dir/home/pi/access_control_system/pico/pico-sdk/lib/tinyusb/src/class/vendor/vendor_device.c.o
                0x100065a4                vendord_reset
 .text.vendord_open
                0x100065cc      0x128 CMakeFiles/hello_pico.dir/home/pi/access_control_system/pico/pico-sdk/lib/tinyusb/src/class/vendor/vendor_device.c.o
                0x100065cc                vendord_open
 .text.vendord_xfer_cb
                0x100066f4       0x9c CMakeFiles/hello_pico.dir/home/pi/access_control_system/pico/pico-sdk/lib/tinyusb/src/class/vendor/vendor_device.c.o
                0x100066f4                vendord_xfer_cb
 .text.tusb_rhport_init
                0x10006790       0x48 CMakeFiles/hello_pico.dir/home/pi/access_control_system/pico/pico-sdk/lib/tinyusb/src/tusb.c.o
                0x10006790                tusb_rhport_init
 .text.tu_edpt_claim
                0x100067d8       0x50 CMakeFiles/hello_pico.dir/home/pi/access_control_system/pico/pico-sdk/lib/tinyusb/src/tusb.c.o
                0x100067d8                tu_edpt_claim
 .text.tu_edpt_release
                0x10006828       0x38 CMakeFiles/hello_pico.dir/home/pi/access_control_system/pico/pico-sdk/lib/tinyusb/src/tusb.c.o
                0x10006828                tu_edpt_release
 .text.tu_edpt_validate
                0x10006860       0x7c CMakeFiles/hello_pico.dir/home/pi/access_control_system/pico/pico-sdk/lib/tinyusb/src/tusb.c.o
                0x10006860                tu_edpt_validate
 .text.tu_edpt_bind_driver
                0x100068dc       0x34 CMakeFiles/hello_pico.dir/home/pi/access_control_system/pico/pico-sdk/lib/tinyusb/src/tusb.c.o
                0x100068dc                tu_edpt_bind_driver
 .text.tu_edpt_stream_init
                0x10006910       0x6c CMakeFiles/hello_pico.dir/home/pi/access_control_system/pico/pico-sdk/lib/tinyusb/src/tusb.c.o
                0x10006910                tu_edpt_stream_init
 .text.tu_edpt_stream_deinit
                0x1000697c        0x4 CMakeFiles/hello_pico.dir/home/pi/access_control_system/pico/pico-sdk/lib/tinyusb/src/tusb.c.o
                0x1000697c                tu_edpt_stream_deinit
 .text.tu_edpt_stream_write_zlp_if_needed
                0x10006980       0x68 CMakeFiles/hello_pico.dir/home/pi/access_control_system/pico/pico-sdk/lib/tinyusb/src/tusb.c.o
                0x10006980                tu_edpt_stream_write_zlp_if_needed
 .text.tu_edpt_stream_write_xfer
                0x100069e8       0x64 CMakeFiles/hello_pico.dir/home/pi/access_control_system/pico/pico-sdk/lib/tinyusb/src/tusb.c.o
                0x100069e8                tu_edpt_stream_write_xfer
 .text.tu_edpt_stream_read_xfer
                0x10006a4c       0xdc CMakeFiles/hello_pico.dir/home/pi/access_control_system/pico/pico-sdk/lib/tinyusb/src/tusb.c.o
                0x10006a4c                tu_edpt_stream_read_xfer
 .text.tu_fifo_config
                0x10006b28       0x6c CMakeFiles/hello_pico.dir/home/pi/access_control_system/pico/pico-sdk/lib/tinyusb/src/common/tusb_fifo.c.o
                0x10006b28                tu_fifo_config
 .text.tu_fifo_count
                0x10006b94       0x2c CMakeFiles/hello_pico.dir/home/pi/access_control_system/pico/pico-sdk/lib/tinyusb/src/common/tusb_fifo.c.o
                0x10006b94                tu_fifo_count
 .text.tu_fifo_empty
                0x10006bc0       0x10 CMakeFiles/hello_pico.dir/home/pi/access_control_system/pico/pico-sdk/lib/tinyusb/src/common/tusb_fifo.c.o
                0x10006bc0                tu_fifo_empty
 .text.tu_fifo_remaining
                0x10006bd0       0x2c CMakeFiles/hello_pico.dir/home/pi/access_control_system/pico/pico-sdk/lib/tinyusb/src/common/tusb_fifo.c.o
                0x10006bd0                tu_fifo_remaining
 .text.tu_fifo_read
                0x10006bfc       0x9c CMakeFiles/hello_pico.dir/home/pi/access_control_system/pico/pico-sdk/lib/tinyusb/src/common/tusb_fifo.c.o
                0x10006bfc                tu_fifo_read
 .text.tu_fifo_read_n
                0x10006c98       0xe8 CMakeFiles/hello_pico.dir/home/pi/access_control_system/pico/pico-sdk/lib/tinyusb/src/common/tusb_fifo.c.o
                0x10006c98                tu_fifo_read_n
 .text.tu_fifo_write
                0x10006d80       0x88 CMakeFiles/hello_pico.dir/home/pi/access_control_system/pico/pico-sdk/lib/tinyusb/src/common/tusb_fifo.c.o
                0x10006d80                tu_fifo_write
 .text.tu_fifo_write_n
                0x10006e08      0x170 CMakeFiles/hello_pico.dir/home/pi/access_control_system/pico/pico-sdk/lib/tinyusb/src/common/tusb_fifo.c.o
                0x10006e08                tu_fifo_write_n
 .text.tu_fifo_clear
                0x10006f78       0x40 CMakeFiles/hello_pico.dir/home/pi/access_control_system/pico/pico-sdk/lib/tinyusb/src/common/tusb_fifo.c.o
                0x10006f78                tu_fifo_clear
 .text.tu_fifo_set_overwritable
                0x10006fb8       0x48 CMakeFiles/hello_pico.dir/home/pi/access_control_system/pico/pico-sdk/lib/tinyusb/src/common/tusb_fifo.c.o
                0x10006fb8                tu_fifo_set_overwritable
 .text.pio_add_program
                0x10007000      0x104 CMakeFiles/hello_pico.dir/home/pi/access_control_system/pico/pico-sdk/src/rp2_common/hardware_pio/pio.c.o
                0x10007000                pio_add_program
 .text.pio_sm_set_consecutive_pindirs
                0x10007104       0xb4 CMakeFiles/hello_pico.dir/home/pi/access_control_system/pico/pico-sdk/src/rp2_common/hardware_pio/pio.c.o
                0x10007104                pio_sm_set_consecutive_pindirs
 .text.pio_sm_init
                0x100071b8       0x9c CMakeFiles/hello_pico.dir/home/pi/access_control_system/pico/pico-sdk/src/rp2_common/hardware_pio/pio.c.o
                0x100071b8                pio_sm_init
 .text          0x10007254       0x44 /usr/lib/gcc/arm-none-eabi/12.2.1/../../../arm-none-eabi/lib/thumb/v6-m/nofp/libg.a(lib_a-memcmp.o)
                0x10007254                memcmp
 .text          0x10007298       0x5c /usr/lib/gcc/arm-none-eabi/12.2.1/../../../arm-none-eabi/lib/thumb/v6-m/nofp/libg.a(lib_a-strlen-stub.o)
                0x10007298                strlen
 .text          0x100072f4      0x440 /usr/lib/gcc/arm-none-eabi/12.2.1/../../../arm-none-eabi/lib/thumb/v6-m/nofp/libg.a(lib_a-strstr.o)
                0x100075b8                strstr
 .text          0x10007734       0xc0 /usr/lib/gcc/arm-none-eabi/12.2.1/../../../arm-none-eabi/lib/thumb/v6-m/nofp/libg.a(lib_a-strchr.o)
                0x10007734                strchr
 .text          0x100077f4       0x24 /usr/lib/gcc/arm-none-eabi/12.2.1/../../../arm-none-eabi/lib/thumb/v6-m/nofp/libg.a(lib_a-strnlen.o)
                0x100077f4                strnlen
 *(.fini)
 .fini          0x10007818        0x4 /usr/lib/gcc/arm-none-eabi/12.2.1/thumb/v6-m/nofp/crti.o
                0x10007818                _fini
 *fill*         0x1000781c        0x4 
 .fini.__stub   0x10007820       0xc0 linker stubs
 *crtbegin.o(.ctors)
 *crtbegin?.o(.ctors)
 *(EXCLUDE_FILE(*crtend.o *crtend?.o) .ctors)
 *(SORT_BY_NAME(.ctors.*))
 *(.ctors)
 *crtbegin.o(.dtors)
 *crtbegin?.o(.dtors)
 *(EXCLUDE_FILE(*crtend.o *crtend?.o) .dtors)
 *(SORT_BY_NAME(.dtors.*))
 *(.dtors)
                0x100078e0                        . = ALIGN (0x4)
                0x100078e0                        PROVIDE (__preinit_array_start = .)
 *(SORT_BY_NAME(.preinit_array.*))
 .preinit_array.00100
                0x100078e0        0x4 CMakeFiles/hello_pico.dir/home/pi/access_control_system/pico/pico-sdk/src/rp2_common/pico_runtime_init/runtime_init.c.o
                0x100078e0                __pre_init_runtime_init_early_resets
 .preinit_array.00101
                0x100078e4        0x4 CMakeFiles/hello_pico.dir/home/pi/access_control_system/pico/pico-sdk/src/rp2_common/pico_runtime_init/runtime_init.c.o
                0x100078e4                __pre_init_runtime_init_usb_power_down
 .preinit_array.00275
                0x100078e8        0x4 CMakeFiles/hello_pico.dir/home/pi/access_control_system/pico/pico-sdk/src/rp2_common/pico_bit_ops/bit_ops_aeabi.S.o
 .preinit_array.00300
                0x100078ec        0x4 CMakeFiles/hello_pico.dir/home/pi/access_control_system/pico/pico-sdk/src/rp2_common/pico_mem_ops/mem_ops_aeabi.S.o
 .preinit_array.00350
                0x100078f0        0x4 CMakeFiles/hello_pico.dir/home/pi/access_control_system/pico/pico-sdk/src/rp2_common/pico_double/double_aeabi_rp2040.S.o
 .preinit_array.00350
                0x100078f4        0x4 CMakeFiles/hello_pico.dir/home/pi/access_control_system/pico/pico-sdk/src/rp2_common/pico_float/float_aeabi_rp2040.S.o
 .preinit_array.00500
                0x100078f8        0x4 CMakeFiles/hello_pico.dir/home/pi/access_control_system/pico/pico-sdk/src/rp2_common/pico_runtime_init/runtime_init.c.o
                0x100078f8                __pre_init_runtime_init_clocks
 .preinit_array.00600
                0x100078fc        0x4 CMakeFiles/hello_pico.dir/home/pi/access_control_system/pico/pico-sdk/src/rp2_common/pico_runtime_init/runtime_init.c.o
                0x100078fc                __pre_init_runtime_init_post_clock_resets
 .preinit_array.00700
                0x10007900        0x4 CMakeFiles/hello_pico.dir/home/pi/access_control_system/pico/pico-sdk/src/rp2_common/pico_runtime_init/runtime_init.c.o
                0x10007900                __pre_init_runtime_init_rp2040_gpio_ie_disable
 .preinit_array.01000
                0x10007904        0x4 CMakeFiles/hello_pico.dir/home/pi/access_control_system/pico/pico-sdk/src/rp2_common/pico_runtime_init/runtime_init.c.o
                0x10007904                __pre_init_runtime_init_spin_locks_reset
 .preinit_array.01100
                0x10007908        0x4 CMakeFiles/hello_pico.dir/home/pi/access_control_system/pico/pico-sdk/src/common/pico_sync/mutex.c.o
                0x10007908                __pre_init_runtime_init_mutex
 .preinit_array.10080
                0x1000790c        0x4 CMakeFiles/hello_pico.dir/home/pi/access_control_system/pico/pico-sdk/src/rp2_common/pico_runtime_init/runtime_init.c.o
                0x1000790c                __pre_init_runtime_init_install_ram_vector_table
 .preinit_array.11000
                0x10007910        0x4 CMakeFiles/hello_pico.dir/home/pi/access_control_system/pico/pico-sdk/src/common/pico_time/time.c.o
                0x10007910                __pre_init_runtime_init_default_alarm_pool
 .preinit_array.YYYYY
                0x10007914        0x4 CMakeFiles/hello_pico.dir/home/pi/access_control_system/pico/pico-sdk/src/rp2_common/pico_runtime/runtime.c.o
                0x10007914                __pre_init_first_per_core_initializer
 .preinit_array.ZZZZZ.01200
                0x10007918        0x4 CMakeFiles/hello_pico.dir/home/pi/access_control_system/pico/pico-sdk/src/rp2_common/hardware_irq/irq.c.o
                0x10007918                __pre_init_runtime_init_per_core_irq_priorities
 *(.preinit_array)
                0x1000791c                        PROVIDE (__preinit_array_end = .)
                0x1000791c                        . = ALIGN (0x4)
                0x1000791c                        PROVIDE (__init_array_start = .)
 *(SORT_BY_NAME(.init_array.*))
 .init_array.01000
                0x1000791c        0x4 CMakeFiles/hello_pico.dir/home/pi/access_control_system/pico/pico-sdk/src/rp2_common/pico_unique_id/unique_id.c.o
 *(.init_array)
 .init_array    0x10007920        0x4 /usr/lib/gcc/arm-none-eabi/12.2.1/thumb/v6-m/nofp/crtbegin.o
                0x10007924                        PROVIDE (__init_array_end = .)
                0x10007924                        . = ALIGN (0x4)
                0x10007924                        PROVIDE (__fini_array_start = .)
 *(SORT_BY_NAME(.fini_array.*))
 *(.fini_array)
                0x10007924                        PROVIDE (__fini_array_end = .)
 *(.eh_frame*)
 .eh_frame      0x10007924        0x0 /usr/lib/gcc/arm-none-eabi/12.2.1/thumb/v6-m/nofp/crtbegin.o
                0x10007924                        . = ALIGN (0x4)

.glue_7         0x10007924        0x0
 .glue_7        0x10007924        0x0 linker stubs

.glue_7t        0x10007924        0x0
 .glue_7t       0x10007924        0x0 linker stubs

.vfp11_veneer   0x10007924        0x0
 .vfp11_veneer  0x10007924        0x0 linker stubs

.v4_bx          0x10007924        0x0
 .v4_bx         0x10007924        0x0 linker stubs

.iplt           0x10007924        0x0
 .iplt          0x10007924        0x0 /usr/lib/gcc/arm-none-eabi/12.2.1/thumb/v6-m/nofp/crtbegin.o

.rodata         0x10007928      0x878
 *(EXCLUDE_FILE(*libm.a: *libc.a:*lib_a-mem*.o *libgcc.a:) .rodata*)
 .rodata.fake_uart_receive.str1.4
                0x10007928       0x22 CMakeFiles/hello_pico.dir/main.c.o
 *fill*         0x1000794a        0x2 
 .rodata.handle_idle.str1.4
                0x1000794c       0x38 CMakeFiles/hello_pico.dir/main.c.o
 .rodata.handle_detect.str1.4
                0x10007984       0x4e CMakeFiles/hello_pico.dir/main.c.o
 *fill*         0x100079d2        0x2 
 .rodata.handle_pass.str1.4
                0x100079d4       0x38 CMakeFiles/hello_pico.dir/main.c.o
 .rodata.handle_fail.str1.4
                0x10007a0c       0x38 CMakeFiles/hello_pico.dir/main.c.o
 .rodata.main.str1.4
                0x10007a44       0x39 CMakeFiles/hello_pico.dir/main.c.o
 *fill*         0x10007a7d        0x3 
 .rodata.main   0x10007a80       0x28 CMakeFiles/hello_pico.dir/main.c.o
 .rodata.ws2812_handle_event.str1.4
                0x10007aa8       0xce CMakeFiles/hello_pico.dir/drivers/ws2812/ws2812.c.o
 *fill*         0x10007b76        0x2 
 .rodata.ws2812_program
                0x10007b78        0x8 CMakeFiles/hello_pico.dir/drivers/ws2812/ws2812.c.o
 .rodata.ws2812_program_instructions
                0x10007b80        0x8 CMakeFiles/hello_pico.dir/drivers/ws2812/ws2812.c.o
 .rodata.panic.str1.4
                0x10007b88       0x12 CMakeFiles/hello_pico.dir/home/pi/access_control_system/pico/pico-sdk/src/rp2_common/pico_platform_panic/panic.c.o
 *fill*         0x10007b9a        0x2 
 .rodata.spin_lock_claim_unused.str1.4
                0x10007b9c       0x1b CMakeFiles/hello_pico.dir/home/pi/access_control_system/pico/pico-sdk/src/rp2_common/hardware_sync/sync.c.o
 *fill*         0x10007bb7        0x1 
 .rodata.user_irq_claim_unused.str1.4
                0x10007bb8       0x1b CMakeFiles/hello_pico.dir/home/pi/access_control_system/pico/pico-sdk/src/rp2_common/hardware_irq/irq.c.o
 *fill*         0x10007bd3        0x1 
 .rodata.timer_hardware_alarm_claim.str1.4
                0x10007bd4       0x22 CMakeFiles/hello_pico.dir/home/pi/access_control_system/pico/pico-sdk/src/rp2_common/hardware_timer/timer.c.o
 *fill*         0x10007bf6        0x2 
 .rodata.hard_assertion_failure.str1.4
                0x10007bf8        0xc CMakeFiles/hello_pico.dir/home/pi/access_control_system/pico/pico-sdk/src/rp2_common/pico_runtime/runtime.c.o
 .rodata.str1.4
                0x10007c04       0x40 CMakeFiles/hello_pico.dir/home/pi/access_control_system/pico/pico-sdk/src/rp2_common/pico_standard_binary_info/standard_binary_info.c.o
 .rodata.__bi_84
                0x10007c44        0xc CMakeFiles/hello_pico.dir/home/pi/access_control_system/pico/pico-sdk/src/rp2_common/pico_standard_binary_info/standard_binary_info.c.o
 .rodata.__bi_78
                0x10007c50        0xc CMakeFiles/hello_pico.dir/home/pi/access_control_system/pico/pico-sdk/src/rp2_common/pico_standard_binary_info/standard_binary_info.c.o
 .rodata.__bi_54
                0x10007c5c        0xc CMakeFiles/hello_pico.dir/home/pi/access_control_system/pico/pico-sdk/src/rp2_common/pico_standard_binary_info/standard_binary_info.c.o
 .rodata.__bi_48
                0x10007c68        0xc CMakeFiles/hello_pico.dir/home/pi/access_control_system/pico/pico-sdk/src/rp2_common/pico_standard_binary_info/standard_binary_info.c.o
 .rodata.__bi_42
                0x10007c74        0xc CMakeFiles/hello_pico.dir/home/pi/access_control_system/pico/pico-sdk/src/rp2_common/pico_standard_binary_info/standard_binary_info.c.o
 .rodata.__bi_34
                0x10007c80        0xc CMakeFiles/hello_pico.dir/home/pi/access_control_system/pico/pico-sdk/src/rp2_common/pico_standard_binary_info/standard_binary_info.c.o
 .rodata.__bi_26
                0x10007c8c        0xc CMakeFiles/hello_pico.dir/home/pi/access_control_system/pico/pico-sdk/src/rp2_common/pico_standard_binary_info/standard_binary_info.c.o
 .rodata._ftoa.str1.4
                0x10007c98       0x15 CMakeFiles/hello_pico.dir/home/pi/access_control_system/pico/pico-sdk/src/rp2_common/pico_printf/printf.c.o
 *fill*         0x10007cad        0x3 
 .rodata._vsnprintf
                0x10007cb0      0x19c CMakeFiles/hello_pico.dir/home/pi/access_control_system/pico/pico-sdk/src/rp2_common/pico_printf/printf.c.o
 *fill*         0x10007e4c        0x4 
 .rodata.pow10.0
                0x10007e50       0x50 CMakeFiles/hello_pico.dir/home/pi/access_control_system/pico/pico-sdk/src/rp2_common/pico_printf/printf.c.o
 .rodata.crlf_str.0
                0x10007ea0        0x2 CMakeFiles/hello_pico.dir/home/pi/access_control_system/pico/pico-sdk/src/rp2_common/pico_stdio/stdio.c.o
 *fill*         0x10007ea2        0x2 
 .rodata._resetd_driver
                0x10007ea4       0x20 CMakeFiles/hello_pico.dir/home/pi/access_control_system/pico/pico-sdk/src/rp2_common/pico_stdio_usb/reset_interface.c.o
 .rodata.desc_ms_os_20
                0x10007ec4       0xa6 CMakeFiles/hello_pico.dir/home/pi/access_control_system/pico/pico-sdk/src/rp2_common/pico_stdio_usb/reset_interface.c.o
 *fill*         0x10007f6a        0x2 
 .rodata.desc_bos
                0x10007f6c       0x21 CMakeFiles/hello_pico.dir/home/pi/access_control_system/pico/pico-sdk/src/rp2_common/pico_stdio_usb/reset_interface.c.o
                0x10007f6c                desc_bos
 *fill*         0x10007f8d        0x3 
 .rodata.str1.4
                0x10007f90       0x13 CMakeFiles/hello_pico.dir/home/pi/access_control_system/pico/pico-sdk/src/rp2_common/pico_stdio_usb/stdio_usb.c.o
 *fill*         0x10007fa3        0x1 
 .rodata.__bi_202.0
                0x10007fa4        0xc CMakeFiles/hello_pico.dir/home/pi/access_control_system/pico/pico-sdk/src/rp2_common/pico_stdio_usb/stdio_usb.c.o
 .rodata.str1.4
                0x10007fb0       0x2a CMakeFiles/hello_pico.dir/home/pi/access_control_system/pico/pico-sdk/src/rp2_common/pico_stdio_usb/stdio_usb_descriptors.c.o
 *fill*         0x10007fda        0x2 
 .rodata.usbd_desc_str
                0x10007fdc       0x18 CMakeFiles/hello_pico.dir/home/pi/access_control_system/pico/pico-sdk/src/rp2_common/pico_stdio_usb/stdio_usb_descriptors.c.o
 .rodata.usbd_desc_cfg
                0x10007ff4       0x54 CMakeFiles/hello_pico.dir/home/pi/access_control_system/pico/pico-sdk/src/rp2_common/pico_stdio_usb/stdio_usb_descriptors.c.o
 .rodata.usbd_desc_device
                0x10008048       0x12 CMakeFiles/hello_pico.dir/home/pi/access_control_system/pico/pico-sdk/src/rp2_common/pico_stdio_usb/stdio_usb_descriptors.c.o
 *fill*         0x1000805a        0x2 
 .rodata.str1.4
                0x1000805c       0x14 CMakeFiles/hello_pico.dir/home/pi/access_control_system/pico/pico-sdk/lib/tinyusb/src/portable/raspberrypi/rp2040/dcd_rp2040.c.o
 .rodata.str1.4
                0x10008070       0x48 CMakeFiles/hello_pico.dir/home/pi/access_control_system/pico/pico-sdk/lib/tinyusb/src/portable/raspberrypi/rp2040/rp2040_usb.c.o
 .rodata.tud_task_ext
                0x100080b8       0x8c CMakeFiles/hello_pico.dir/home/pi/access_control_system/pico/pico-sdk/lib/tinyusb/src/device/usbd.c.o
 .rodata        0x10008144       0x1c CMakeFiles/hello_pico.dir/home/pi/access_control_system/pico/pico-sdk/lib/tinyusb/src/device/usbd.c.o
 .rodata._usbd_driver
                0x10008160       0x40 CMakeFiles/hello_pico.dir/home/pi/access_control_system/pico/pico-sdk/lib/tinyusb/src/device/usbd.c.o
                0x100081a0                        . = ALIGN (0x4)
 *(SORT_BY_ALIGNMENT(SORT_BY_NAME(.flashdata*)))
                0x100081a0                        . = ALIGN (0x4)

.ARM.extab
 *(.ARM.extab* .gnu.linkonce.armextab.*)
                0x100081a0                        __exidx_start = .

.ARM.exidx
 *(.ARM.exidx* .gnu.linkonce.armexidx.*)
                0x100081a0                        __exidx_end = .
                0x100081a0                        . = ALIGN (0x4)
                0x100081a0                        __binary_info_start = .

.binary_info    0x100081a0       0x20
 *(.binary_info.keep.*)
 .binary_info.keep.__bi_ptr84
                0x100081a0        0x4 CMakeFiles/hello_pico.dir/home/pi/access_control_system/pico/pico-sdk/src/rp2_common/pico_standard_binary_info/standard_binary_info.c.o
 .binary_info.keep.__bi_ptr78
                0x100081a4        0x4 CMakeFiles/hello_pico.dir/home/pi/access_control_system/pico/pico-sdk/src/rp2_common/pico_standard_binary_info/standard_binary_info.c.o
 .binary_info.keep.__bi_ptr54
                0x100081a8        0x4 CMakeFiles/hello_pico.dir/home/pi/access_control_system/pico/pico-sdk/src/rp2_common/pico_standard_binary_info/standard_binary_info.c.o
 .binary_info.keep.__bi_ptr48
                0x100081ac        0x4 CMakeFiles/hello_pico.dir/home/pi/access_control_system/pico/pico-sdk/src/rp2_common/pico_standard_binary_info/standard_binary_info.c.o
 .binary_info.keep.__bi_ptr42
                0x100081b0        0x4 CMakeFiles/hello_pico.dir/home/pi/access_control_system/pico/pico-sdk/src/rp2_common/pico_standard_binary_info/standard_binary_info.c.o
 .binary_info.keep.__bi_ptr34
                0x100081b4        0x4 CMakeFiles/hello_pico.dir/home/pi/access_control_system/pico/pico-sdk/src/rp2_common/pico_standard_binary_info/standard_binary_info.c.o
 .binary_info.keep.__bi_ptr26
                0x100081b8        0x4 CMakeFiles/hello_pico.dir/home/pi/access_control_system/pico/pico-sdk/src/rp2_common/pico_standard_binary_info/standard_binary_info.c.o
 *(.binary_info.*)
 .binary_info.__bi_ptr202
                0x100081bc        0x4 CMakeFiles/hello_pico.dir/home/pi/access_control_system/pico/pico-sdk/src/rp2_common/pico_stdio_usb/stdio_usb.c.o
                0x100081c0                        __binary_info_end = .
                0x100081c0                        . = ALIGN (0x4)

.ram_vector_table
                0x20000000       0xc0
 *(.ram_vector_table)
 .ram_vector_table
                0x20000000       0xc0 CMakeFiles/hello_pico.dir/home/pi/access_control_system/pico/pico-sdk/src/rp2_common/pico_runtime_init/runtime_init.c.o
                0x20000000                ram_vector_table

.uninitialized_data
                0x200000c0        0x0
                0x200000c0                        . = ALIGN (0x4)
 *(.uninitialized_data*)

.data           0x200000c0      0xfb0 load address 0x100081c0
                0x200000c0                        __data_start__ = .
 *(vtable)
 *(.time_critical*)
 .time_critical.mutex_try_enter
                0x200000c0       0x40 CMakeFiles/hello_pico.dir/home/pi/access_control_system/pico/pico-sdk/src/common/pico_sync/mutex.c.o
                0x200000c0                mutex_try_enter
 .time_critical.mutex_try_enter_block_until
                0x20000100       0x9c CMakeFiles/hello_pico.dir/home/pi/access_control_system/pico/pico-sdk/src/common/pico_sync/mutex.c.o
                0x20000100                mutex_try_enter_block_until
 .time_critical.mutex_enter_timeout_ms
                0x2000019c       0x90 CMakeFiles/hello_pico.dir/home/pi/access_control_system/pico/pico-sdk/src/common/pico_sync/mutex.c.o
                0x2000019c                mutex_enter_timeout_ms
 .time_critical.mutex_exit
                0x2000022c       0x28 CMakeFiles/hello_pico.dir/home/pi/access_control_system/pico/pico-sdk/src/common/pico_sync/mutex.c.o
                0x2000022c                mutex_exit
 .time_critical.flash_init_boot2_copyout
                0x20000254       0x30 CMakeFiles/hello_pico.dir/home/pi/access_control_system/pico/pico-sdk/src/rp2_common/hardware_flash/flash.c.o
 .time_critical.flash_enable_xip_via_boot2
                0x20000284        0xc CMakeFiles/hello_pico.dir/home/pi/access_control_system/pico/pico-sdk/src/rp2_common/hardware_flash/flash.c.o
 .time_critical.flash_save_hardware_state
                0x20000290       0x20 CMakeFiles/hello_pico.dir/home/pi/access_control_system/pico/pico-sdk/src/rp2_common/hardware_flash/flash.c.o
 .time_critical.flash_restore_hardware_state
                0x200002b0       0x20 CMakeFiles/hello_pico.dir/home/pi/access_control_system/pico/pico-sdk/src/rp2_common/hardware_flash/flash.c.o
 .time_critical.flash_cs_force
                0x200002d0       0x38 CMakeFiles/hello_pico.dir/home/pi/access_control_system/pico/pico-sdk/src/rp2_common/hardware_flash/flash.c.o
 .time_critical.flash_do_cmd
                0x20000308       0xd0 CMakeFiles/hello_pico.dir/home/pi/access_control_system/pico/pico-sdk/src/rp2_common/hardware_flash/flash.c.o
                0x20000308                flash_do_cmd
 .time_critical.reset_non_control_endpoints
                0x200003d8       0x68 CMakeFiles/hello_pico.dir/home/pi/access_control_system/pico/pico-sdk/lib/tinyusb/src/portable/raspberrypi/rp2040/dcd_rp2040.c.o
 .time_critical.hw_handle_buff_status
                0x20000440       0x98 CMakeFiles/hello_pico.dir/home/pi/access_control_system/pico/pico-sdk/lib/tinyusb/src/portable/raspberrypi/rp2040/dcd_rp2040.c.o
 .time_critical.dcd_rp2040_irq
                0x200004d8      0x550 CMakeFiles/hello_pico.dir/home/pi/access_control_system/pico/pico-sdk/lib/tinyusb/src/portable/raspberrypi/rp2040/dcd_rp2040.c.o
 .time_critical.prepare_ep_buffer
                0x20000a28       0xe0 CMakeFiles/hello_pico.dir/home/pi/access_control_system/pico/pico-sdk/lib/tinyusb/src/portable/raspberrypi/rp2040/rp2040_usb.c.o
 .time_critical.sync_ep_buffer
                0x20000b08       0xa8 CMakeFiles/hello_pico.dir/home/pi/access_control_system/pico/pico-sdk/lib/tinyusb/src/portable/raspberrypi/rp2040/rp2040_usb.c.o
 .time_critical._hw_endpoint_xfer_sync
                0x20000bb0       0x28 CMakeFiles/hello_pico.dir/home/pi/access_control_system/pico/pico-sdk/lib/tinyusb/src/portable/raspberrypi/rp2040/rp2040_usb.c.o
 .time_critical.e15_is_bulkin_ep
                0x20000bd8       0x28 CMakeFiles/hello_pico.dir/home/pi/access_control_system/pico/pico-sdk/lib/tinyusb/src/portable/raspberrypi/rp2040/rp2040_usb.c.o
 .time_critical.e15_is_critical_frame_period
                0x20000c00       0x34 CMakeFiles/hello_pico.dir/home/pi/access_control_system/pico/pico-sdk/lib/tinyusb/src/portable/raspberrypi/rp2040/rp2040_usb.c.o
 .time_critical.hw_endpoint_reset_transfer
                0x20000c34        0xc CMakeFiles/hello_pico.dir/home/pi/access_control_system/pico/pico-sdk/lib/tinyusb/src/portable/raspberrypi/rp2040/rp2040_usb.c.o
                0x20000c34                hw_endpoint_reset_transfer
 .time_critical._hw_endpoint_buffer_control_update32
                0x20000c40       0x50 CMakeFiles/hello_pico.dir/home/pi/access_control_system/pico/pico-sdk/lib/tinyusb/src/portable/raspberrypi/rp2040/rp2040_usb.c.o
                0x20000c40                _hw_endpoint_buffer_control_update32
 .time_critical.hw_endpoint_start_next_buffer
                0x20000c90       0x6c CMakeFiles/hello_pico.dir/home/pi/access_control_system/pico/pico-sdk/lib/tinyusb/src/portable/raspberrypi/rp2040/rp2040_usb.c.o
                0x20000c90                hw_endpoint_start_next_buffer
 .time_critical.hw_endpoint_xfer_continue
                0x20000cfc       0x40 CMakeFiles/hello_pico.dir/home/pi/access_control_system/pico/pico-sdk/lib/tinyusb/src/portable/raspberrypi/rp2040/rp2040_usb.c.o
                0x20000cfc                hw_endpoint_xfer_continue
 .time_critical.tinyusb
                0x20000d3c      0x1e4 CMakeFiles/hello_pico.dir/home/pi/access_control_system/pico/pico-sdk/lib/tinyusb/src/device/usbd.c.o
                0x20000d3c                dcd_event_handler
 *(.text*)
 .text          0x20000f20        0x4 /usr/lib/gcc/arm-none-eabi/12.2.1/thumb/v6-m/nofp/libgcc.a(_dvmd_tls.o)
                0x20000f20                __aeabi_ldiv0
                0x20000f20                __aeabi_idiv0
 *fill*         0x20000f24        0x4 
 .text.__stub   0x20000f28       0x80 linker stubs
                0x20000fa8                        . = ALIGN (0x4)
 *(.rodata*)
                0x20000fa8                        . = ALIGN (0x4)
 *(.data*)
 .data.striped_spin_lock_num
                0x20000fa8        0x1 CMakeFiles/hello_pico.dir/home/pi/access_control_system/pico/pico-sdk/src/rp2_common/hardware_sync/sync.c.o
 *fill*         0x20000fa9        0x3 
 .data          0x20000fac       0x48 CMakeFiles/hello_pico.dir/home/pi/access_control_system/pico/pico-sdk/src/rp2_common/hardware_irq/irq_handler_chain.S.o
                0x20000fac                irq_handler_chain_slots
                0x20000fdc                irq_handler_chain_first_slot
                0x20000fe6                irq_handler_chain_remove_tail
 .data.default_alarm_pool
                0x20000ff4       0x18 CMakeFiles/hello_pico.dir/home/pi/access_control_system/pico/pico-sdk/src/common/pico_time/time.c.o
 *fill*         0x2000100c        0x4 
 .data.aeabi_bits_funcs
                0x20001010       0x10 CMakeFiles/hello_pico.dir/home/pi/access_control_system/pico/pico-sdk/src/rp2_common/pico_bit_ops/bit_ops_aeabi.S.o
                0x20001010                aeabi_bits_funcs
                0x20001020                aeabi_bits_funcs_end
 .data.aeabi_mem_funcs
                0x20001020       0x10 CMakeFiles/hello_pico.dir/home/pi/access_control_system/pico/pico-sdk/src/rp2_common/pico_mem_ops/mem_ops_aeabi.S.o
                0x20001020                aeabi_mem_funcs
                0x20001030                aeabi_mem_funcs_end
 .data.stdio_usb
                0x20001030       0x18 CMakeFiles/hello_pico.dir/home/pi/access_control_system/pico/pico-sdk/src/rp2_common/pico_stdio_usb/stdio_usb.c.o
                0x20001030                stdio_usb
 .data._usbd_qdef
                0x20001048       0x1c CMakeFiles/hello_pico.dir/home/pi/access_control_system/pico/pico-sdk/lib/tinyusb/src/device/usbd.c.o
                0x20001048                _usbd_qdef
 .data._usbd_rhport
                0x20001064        0x1 CMakeFiles/hello_pico.dir/home/pi/access_control_system/pico/pico-sdk/lib/tinyusb/src/device/usbd.c.o
                0x20001068                        . = ALIGN (0x4)
 *fill*         0x20001065        0x3 
 *(.after_data.*)
                0x20001068                        . = ALIGN (0x4)
                0x20001068                        PROVIDE (__mutex_array_start = .)
 *(SORT_BY_NAME(.mutex_array.*))
 *(.mutex_array)
 .mutex_array   0x20001068        0x8 CMakeFiles/hello_pico.dir/home/pi/access_control_system/pico/pico-sdk/src/rp2_common/pico_stdio/stdio.c.o
                0x20001070                        PROVIDE (__mutex_array_end = .)
                0x20001070                        . = ALIGN (0x4)
 *(.jcr)
                0x20001070                        . = ALIGN (0x4)

.tm_clone_table
                0x20001070        0x0 load address 0x10009170
 .tm_clone_table
                0x20001070        0x0 /usr/lib/gcc/arm-none-eabi/12.2.1/thumb/v6-m/nofp/crtbegin.o
 .tm_clone_table
                0x20001070        0x0 /usr/lib/gcc/arm-none-eabi/12.2.1/thumb/v6-m/nofp/crtend.o

.igot.plt       0x20001070        0x0 load address 0x10009170
 .igot.plt      0x20001070        0x0 /usr/lib/gcc/arm-none-eabi/12.2.1/thumb/v6-m/nofp/crtbegin.o

.tdata          0x20001070        0x0 load address 0x10009170
                0x20001070                        . = ALIGN (0x4)
 *(.tdata .tdata.* .gnu.linkonce.td.*)
                0x20001070                        __tdata_end = .
                0x20001070                        PROVIDE (__data_end__ = .)
                0x100081c0                        __etext = LOADADDR (.data)

.tbss           0x20001070        0x0 load address 0x10009170
                0x20001070                        . = ALIGN (0x4)
                0x20001070                        __bss_start__ = .
                0x20001070                        __tls_base = .
 *(.tbss .tbss.* .gnu.linkonce.tb.*)
 *(.tcommon)
                0x20001070                        __tls_end = .

.bss            0x20001070      0xf28 load address 0x10009170
                0x20001070                        . = ALIGN (0x4)
                0x20001070                        __tbss_end = .
 *(SORT_BY_ALIGNMENT(SORT_BY_NAME(.bss*)))
 .bss.default_alarm_pool_entries
                0x20001070      0x180 CMakeFiles/hello_pico.dir/home/pi/access_control_system/pico/pico-sdk/src/common/pico_time/time.c.o
 .bss.last_avail_time.1
                0x200011f0        0x8 CMakeFiles/hello_pico.dir/home/pi/access_control_system/pico/pico-sdk/src/rp2_common/pico_stdio_usb/stdio_usb.c.o
 .bss.sd_table  0x200011f8      0x100 CMakeFiles/hello_pico.dir/home/pi/access_control_system/pico/pico-sdk/src/rp2_common/pico_double/double_init_rom_rp2040.c.o
                0x200011f8                sd_table
 .bss.sf_table  0x200012f8      0x100 CMakeFiles/hello_pico.dir/home/pi/access_control_system/pico/pico-sdk/src/rp2_common/pico_float/float_init_rom_rp2040.c.o
                0x200012f8                sf_table
 .bss.start.0   0x200013f8        0x8 CMakeFiles/hello_pico.dir/main.c.o
 .bss           0x20001400       0x1c /usr/lib/gcc/arm-none-eabi/12.2.1/thumb/v6-m/nofp/crtbegin.o
 .bss._app_driver
                0x2000141c        0x4 CMakeFiles/hello_pico.dir/home/pi/access_control_system/pico/pico-sdk/lib/tinyusb/src/device/usbd.c.o
 .bss._cdcd_epbuf
                0x20001420       0x80 CMakeFiles/hello_pico.dir/home/pi/access_control_system/pico/pico-sdk/lib/tinyusb/src/class/cdc/cdc_device.c.o
 .bss._cdcd_fifo_cfg
                0x200014a0        0x1 CMakeFiles/hello_pico.dir/home/pi/access_control_system/pico/pico-sdk/lib/tinyusb/src/class/cdc/cdc_device.c.o
 *fill*         0x200014a1        0x3 
 .bss._cdcd_itf
                0x200014a4       0xc8 CMakeFiles/hello_pico.dir/home/pi/access_control_system/pico/pico-sdk/lib/tinyusb/src/class/cdc/cdc_device.c.o
 .bss._ctrl_epbuf
                0x2000156c       0x40 CMakeFiles/hello_pico.dir/home/pi/access_control_system/pico/pico-sdk/lib/tinyusb/src/device/usbd_control.c.o
 .bss._ctrl_xfer
                0x200015ac       0x14 CMakeFiles/hello_pico.dir/home/pi/access_control_system/pico/pico-sdk/lib/tinyusb/src/device/usbd_control.c.o
 .bss._tusb_rhport_role
                0x200015c0        0x2 CMakeFiles/hello_pico.dir/home/pi/access_control_system/pico/pico-sdk/lib/tinyusb/src/tusb.c.o
                0x200015c0                _tusb_rhport_role
 *fill*         0x200015c2        0x2 
 .bss._ubsd_mutexdef
                0x200015c4        0x8 CMakeFiles/hello_pico.dir/home/pi/access_control_system/pico/pico-sdk/lib/tinyusb/src/device/usbd.c.o
 .bss._usbd_dev
                0x200015cc       0x54 CMakeFiles/hello_pico.dir/home/pi/access_control_system/pico/pico-sdk/lib/tinyusb/src/device/usbd.c.o
 .bss._usbd_mutex
                0x20001620        0x4 CMakeFiles/hello_pico.dir/home/pi/access_control_system/pico/pico-sdk/lib/tinyusb/src/device/usbd.c.o
 .bss._usbd_q   0x20001624        0x4 CMakeFiles/hello_pico.dir/home/pi/access_control_system/pico/pico-sdk/lib/tinyusb/src/device/usbd.c.o
 .bss._usbd_qdef_buf
                0x20001628       0xc0 CMakeFiles/hello_pico.dir/home/pi/access_control_system/pico/pico-sdk/lib/tinyusb/src/device/usbd.c.o
                0x20001628                _usbd_qdef_buf
 .bss._used_instruction_space
                0x200016e8        0x8 CMakeFiles/hello_pico.dir/home/pi/access_control_system/pico/pico-sdk/src/rp2_common/hardware_pio/pio.c.o
 .bss._vendord_epbuf
                0x200016f0       0x80 CMakeFiles/hello_pico.dir/home/pi/access_control_system/pico/pico-sdk/lib/tinyusb/src/class/vendor/vendor_device.c.o
 .bss._vendord_itf
                0x20001770      0x24c CMakeFiles/hello_pico.dir/home/pi/access_control_system/pico/pico-sdk/lib/tinyusb/src/class/vendor/vendor_device.c.o
 .bss.boot2_copyout
                0x200019bc      0x100 CMakeFiles/hello_pico.dir/home/pi/access_control_system/pico/pico-sdk/src/rp2_common/hardware_flash/flash.c.o
 .bss.buzzer_pin
                0x20001abc        0x4 CMakeFiles/hello_pico.dir/drivers/buzzer/buzzer.c.o
 .bss.chars_available_callback
                0x20001ac0        0x4 CMakeFiles/hello_pico.dir/home/pi/access_control_system/pico/pico-sdk/src/rp2_common/pico_stdio_usb/stdio_usb.c.o
 .bss.chars_available_param
                0x20001ac4        0x4 CMakeFiles/hello_pico.dir/home/pi/access_control_system/pico/pico-sdk/src/rp2_common/pico_stdio_usb/stdio_usb.c.o
 .bss.claimed   0x20001ac8        0x4 CMakeFiles/hello_pico.dir/home/pi/access_control_system/pico/pico-sdk/src/rp2_common/hardware_sync/sync.c.o
 .bss.claimed   0x20001acc        0x1 CMakeFiles/hello_pico.dir/home/pi/access_control_system/pico/pico-sdk/src/rp2_common/hardware_timer/timer.c.o
 *fill*         0x20001acd        0x3 
 .bss.configured_freq
                0x20001ad0       0x28 CMakeFiles/hello_pico.dir/home/pi/access_control_system/pico/pico-sdk/src/rp2_common/hardware_clocks/clocks.c.o
 .bss.desc_str.0
                0x20001af8       0x28 CMakeFiles/hello_pico.dir/home/pi/access_control_system/pico/pico-sdk/src/rp2_common/pico_stdio_usb/stdio_usb_descriptors.c.o
 .bss.drivers   0x20001b20        0x4 CMakeFiles/hello_pico.dir/home/pi/access_control_system/pico/pico-sdk/src/rp2_common/pico_stdio/stdio.c.o
 .bss.e15_last_sof
                0x20001b24        0x4 CMakeFiles/hello_pico.dir/home/pi/access_control_system/pico/pico-sdk/lib/tinyusb/src/portable/raspberrypi/rp2040/rp2040_usb.c.o
                0x20001b24                e15_last_sof
 .bss.filter    0x20001b28        0x4 CMakeFiles/hello_pico.dir/home/pi/access_control_system/pico/pico-sdk/src/rp2_common/pico_stdio/stdio.c.o
 .bss.hw_endpoints
                0x20001b2c      0x400 CMakeFiles/hello_pico.dir/home/pi/access_control_system/pico/pico-sdk/lib/tinyusb/src/portable/raspberrypi/rp2040/dcd_rp2040.c.o
 .bss.lazy_vsnprintf
                0x20001f2c        0x4 CMakeFiles/hello_pico.dir/home/pi/access_control_system/pico/pico-sdk/src/rp2_common/pico_printf/printf.c.o
 .bss.load_value
                0x20001f30        0x4 CMakeFiles/hello_pico.dir/home/pi/access_control_system/pico/pico-sdk/src/rp2_common/hardware_watchdog/watchdog.c.o
 .bss.next_buffer_ptr
                0x20001f34        0x4 CMakeFiles/hello_pico.dir/home/pi/access_control_system/pico/pico-sdk/lib/tinyusb/src/portable/raspberrypi/rp2040/dcd_rp2040.c.o
 .bss.one_shot_timer_crit_sec
                0x20001f38        0x8 CMakeFiles/hello_pico.dir/home/pi/access_control_system/pico/pico-sdk/src/rp2_common/pico_stdio_usb/stdio_usb.c.o
 .bss.pir_pin   0x20001f40        0x4 CMakeFiles/hello_pico.dir/drivers/pir/pir.c.o
 .bss.pools     0x20001f44       0x10 CMakeFiles/hello_pico.dir/home/pi/access_control_system/pico/pico-sdk/src/common/pico_time/time.c.o
 .bss.retrieved_id
                0x20001f54        0x8 CMakeFiles/hello_pico.dir/home/pi/access_control_system/pico/pico-sdk/src/rp2_common/pico_unique_id/unique_id.c.o
 .bss.sf_clz_func
                0x20001f5c        0x4 CMakeFiles/hello_pico.dir/home/pi/access_control_system/pico/pico-sdk/src/rp2_common/pico_double/double_init_rom_rp2040.c.o
                0x20001f5c                sf_clz_func
 .bss.sleep_notifier
                0x20001f60        0x4 CMakeFiles/hello_pico.dir/home/pi/access_control_system/pico/pico-sdk/src/common/pico_time/time.c.o
 .bss.stdio_usb_mutex
                0x20001f64        0x8 CMakeFiles/hello_pico.dir/home/pi/access_control_system/pico/pico-sdk/src/rp2_common/pico_stdio_usb/stdio_usb.c.o
 .bss.usbd_serial_str
                0x20001f6c       0x11 CMakeFiles/hello_pico.dir/home/pi/access_control_system/pico/pico-sdk/src/rp2_common/pico_stdio_usb/stdio_usb_descriptors.c.o
 *fill*         0x20001f7d        0x3 
 .bss.waiting.1
                0x20001f80        0x4 CMakeFiles/hello_pico.dir/main.c.o
 .bss.ws_pio    0x20001f84        0x4 CMakeFiles/hello_pico.dir/drivers/ws2812/ws2812.c.o
 .bss.ws_sm     0x20001f88        0x4 CMakeFiles/hello_pico.dir/drivers/ws2812/ws2812.c.o
 .bss._app_driver_count
                0x20001f8c        0x1 CMakeFiles/hello_pico.dir/home/pi/access_control_system/pico/pico-sdk/lib/tinyusb/src/device/usbd.c.o
 .bss._sof_enable
                0x20001f8d        0x1 CMakeFiles/hello_pico.dir/home/pi/access_control_system/pico/pico-sdk/lib/tinyusb/src/portable/raspberrypi/rp2040/dcd_rp2040.c.o
 .bss._usbd_queued_setup
                0x20001f8e        0x1 CMakeFiles/hello_pico.dir/home/pi/access_control_system/pico/pico-sdk/lib/tinyusb/src/device/usbd.c.o
 .bss.boot2_copyout_valid
                0x20001f8f        0x1 CMakeFiles/hello_pico.dir/home/pi/access_control_system/pico/pico-sdk/src/rp2_common/hardware_flash/flash.c.o
 .bss.irq_handler_chain_free_slot_head
                0x20001f90        0x1 CMakeFiles/hello_pico.dir/home/pi/access_control_system/pico/pico-sdk/src/rp2_common/hardware_irq/irq.c.o
 .bss.itf_num   0x20001f91        0x1 CMakeFiles/hello_pico.dir/home/pi/access_control_system/pico/pico-sdk/src/rp2_common/pico_stdio_usb/reset_interface.c.o
 .bss.low_priority_irq_num
                0x20001f92        0x1 CMakeFiles/hello_pico.dir/home/pi/access_control_system/pico/pico-sdk/src/rp2_common/pico_stdio_usb/stdio_usb.c.o
 .bss.one_shot_timer_pending
                0x20001f93        0x1 CMakeFiles/hello_pico.dir/home/pi/access_control_system/pico/pico-sdk/src/rp2_common/pico_stdio_usb/stdio_usb.c.o
 .bss.user_irq_claimed
                0x20001f94        0x1 CMakeFiles/hello_pico.dir/home/pi/access_control_system/pico/pico-sdk/src/rp2_common/hardware_irq/irq.c.o
 *(COMMON)
                0x20001f98                        . = ALIGN (0x4)
 *fill*         0x20001f95        0x3 
                0x20001f98                        __bss_end__ = .

.heap           0x20001f98      0x800 load address 0x10009170