Archive member included to satisfy reference by file (symbol)

/usr/lib/gcc/arm-none-eabi/12.2.1/thumb/v6-m/nofp/libgcc.a(_dvmd_tls.o)
                              CMakeFiles/hello_pico.dir/home/pi/access_control_system/pico/pico-sdk/src/rp2_common/pico_divider/divider_hardware.S.o (__aeabi_idiv0)
/usr/lib/gcc/arm-none-eabi/12.2.1/../../../arm-none-eabi/lib/thumb/v6-m/nofp/libg.a(lib_a-atexit.o)
                              /usr/lib/gcc/arm-none-eabi/12.2.1/../../../arm-none-eabi/lib/thumb/v6-m/nofp/crt0.o (atexit)
/usr/lib/gcc/arm-none-eabi/12.2.1/../../../arm-none-eabi/lib/thumb/v6-m/nofp/libg.a(lib_a-calloc.o)
                              CMakeFiles/hello_pico.dir/home/pi/access_control_system/pico/pico-sdk/src/rp2_common/pico_malloc/malloc.c.o (calloc)
/usr/lib/gcc/arm-none-eabi/12.2.1/../../../arm-none-eabi/lib/thumb/v6-m/nofp/libg.a(lib_a-callocr.o)
                              /usr/lib/gcc/arm-none-eabi/12.2.1/../../../arm-none-eabi/lib/thumb/v6-m/nofp/libg.a(lib_a-calloc.o) (_calloc_r)
/usr/lib/gcc/arm-none-eabi/12.2.1/../../../arm-none-eabi/lib/thumb/v6-m/nofp/libg.a(lib_a-fini.o)
                              /usr/lib/gcc/arm-none-eabi/12.2.1/../../../arm-none-eabi/lib/thumb/v6-m/nofp/crt0.o (__libc_fini_array)
/usr/lib/gcc/arm-none-eabi/12.2.1/../../../arm-none-eabi/lib/thumb/v6-m/nofp/libg.a(lib_a-impure.o)
                              /usr/lib/gcc/arm-none-eabi/12.2.1/../../../arm-none-eabi/lib/thumb/v6-m/nofp/libg.a(lib_a-calloc.o) (_impure_ptr)
/usr/lib/gcc/arm-none-eabi/12.2.1/../../../arm-none-eabi/lib/thumb/v6-m/nofp/libg.a(lib_a-init.o)
                              /usr/lib/gcc/arm-none-eabi/12.2.1/../../../arm-none-eabi/lib/thumb/v6-m/nofp/crt0.o (__libc_init_array)
/usr/lib/gcc/arm-none-eabi/12.2.1/../../../arm-none-eabi/lib/thumb/v6-m/nofp/libg.a(lib_a-lcltime_r.o)
                              CMakeFiles/hello_pico.dir/home/pi/access_control_system/pico/pico-sdk/src/common/pico_util/datetime.c.o (localtime_r)
/usr/lib/gcc/arm-none-eabi/12.2.1/../../../arm-none-eabi/lib/thumb/v6-m/nofp/libg.a(lib_a-malloc.o)
                              CMakeFiles/hello_pico.dir/home/pi/access_control_system/pico/pico-sdk/src/rp2_common/pico_malloc/malloc.c.o (malloc)
/usr/lib/gcc/arm-none-eabi/12.2.1/../../../arm-none-eabi/lib/thumb/v6-m/nofp/libg.a(lib_a-mallocr.o)
                              /usr/lib/gcc/arm-none-eabi/12.2.1/../../../arm-none-eabi/lib/thumb/v6-m/nofp/libg.a(lib_a-callocr.o) (_malloc_r)
/usr/lib/gcc/arm-none-eabi/12.2.1/../../../arm-none-eabi/lib/thumb/v6-m/nofp/libg.a(lib_a-memcmp.o)
                              CMakeFiles/hello_pico.dir/home/pi/access_control_system/pico/pico-sdk/src/rp2_common/pico_atomic/atomic.c.o (memcmp)
/usr/lib/gcc/arm-none-eabi/12.2.1/../../../arm-none-eabi/lib/thumb/v6-m/nofp/libg.a(lib_a-mktime.o)
                              CMakeFiles/hello_pico.dir/home/pi/access_control_system/pico/pico-sdk/src/common/pico_util/datetime.c.o (mktime)
/usr/lib/gcc/arm-none-eabi/12.2.1/../../../arm-none-eabi/lib/thumb/v6-m/nofp/libg.a(lib_a-mlock.o)
                              /usr/lib/gcc/arm-none-eabi/12.2.1/../../../arm-none-eabi/lib/thumb/v6-m/nofp/libg.a(lib_a-mallocr.o) (__malloc_lock)
/usr/lib/gcc/arm-none-eabi/12.2.1/../../../arm-none-eabi/lib/thumb/v6-m/nofp/libg.a(lib_a-month_lengths.o)
                              /usr/lib/gcc/arm-none-eabi/12.2.1/../../../arm-none-eabi/lib/thumb/v6-m/nofp/libg.a(lib_a-lcltime_r.o) (__month_lengths)
/usr/lib/gcc/arm-none-eabi/12.2.1/../../../arm-none-eabi/lib/thumb/v6-m/nofp/libg.a(lib_a-realloc.o)
                              CMakeFiles/hello_pico.dir/home/pi/access_control_system/pico/pico-sdk/src/rp2_common/pico_malloc/malloc.c.o (realloc)
/usr/lib/gcc/arm-none-eabi/12.2.1/../../../arm-none-eabi/lib/thumb/v6-m/nofp/libg.a(lib_a-reallocr.o)
                              /usr/lib/gcc/arm-none-eabi/12.2.1/../../../arm-none-eabi/lib/thumb/v6-m/nofp/libg.a(lib_a-realloc.o) (_realloc_r)
/usr/lib/gcc/arm-none-eabi/12.2.1/../../../arm-none-eabi/lib/thumb/v6-m/nofp/libg.a(lib_a-sbrkr.o)
                              /usr/lib/gcc/arm-none-eabi/12.2.1/../../../arm-none-eabi/lib/thumb/v6-m/nofp/libg.a(lib_a-mallocr.o) (_sbrk_r)
/usr/lib/gcc/arm-none-eabi/12.2.1/../../../arm-none-eabi/lib/thumb/v6-m/nofp/libg.a(lib_a-strlen-stub.o)
                              CMakeFiles/hello_pico.dir/home/pi/access_control_system/pico/pico-sdk/src/rp2_common/pico_stdio/stdio.c.o (strlen)
/usr/lib/gcc/arm-none-eabi/12.2.1/../../../arm-none-eabi/lib/thumb/v6-m/nofp/libg.a(lib_a-strstr.o)
                              CMakeFiles/hello_pico.dir/main.c.o (strstr)
/usr/lib/gcc/arm-none-eabi/12.2.1/../../../arm-none-eabi/lib/thumb/v6-m/nofp/libg.a(lib_a-tzcalc_limits.o)
                              /usr/lib/gcc/arm-none-eabi/12.2.1/../../../arm-none-eabi/lib/thumb/v6-m/nofp/libg.a(lib_a-lcltime_r.o) (__tzcalc_limits)
/usr/lib/gcc/arm-none-eabi/12.2.1/../../../arm-none-eabi/lib/thumb/v6-m/nofp/libg.a(lib_a-tzlock.o)
[...]
Memory Configuration

Name             Origin             Length             Attributes
FLASH            0x10000000         0x00200000         xr
RAM              0x20000000         0x00040000         xrw
SCRATCH_X        0x20040000         0x00001000         xrw
SCRATCH_Y        0x20041000         0x00001000         xrw
*default*        0x00000000         0xffffffff

Linker script and memory map

LOAD /usr/lib/gcc/arm-none-eabi/12.2.1/thumb/v6-m/nofp/crti.o
LOAD /usr/lib/gcc/arm-none-eabi/12.2.1/thumb/v6-m/nofp/crtbegin.o
LOAD /usr/lib/gcc/arm-none-eabi/12.2.1/../../../arm-none-eabi/lib/thumb/v6-m/nofp/crt0.o

.flash_begin    0x10000000        0x0
                0x10000000                        __flash_binary_start = .

.boot2          0x10000000      0x100
                0x10000000                        __boot2_start__ = .
 *(.boot2)
 .boot2         0x10000000      0x100 pico-sdk/src/rp2040/boot_stage2/CMakeFiles/bs2_default_library.dir/bs2_default_padded_checksummed.S.o
                0x10000100                        __boot2_end__ = .
                0x00000001                        ASSERT (((__boot2_end__ - __boot2_start__) == 0x100), ERROR: Pico second stage bootloader must be 256 bytes in size)

.text           0x10000100     0x7784
                0x10000100                        __logical_binary_start = .
 *(.vectors)
 .vectors       0x10000100       0xd4 CMakeFiles/hello_pico.dir/home/pi/access_control_system/pico/pico-sdk/src/rp2_common/pico_crt0/crt0.S.o
                0x10000100                __vectors
                0x10000100                __VECTOR_TABLE
                0x100001c0                isr_irq30
                0x100001c0                __unhandled_user_irq
                0x100001c0                isr_irq13
                0x100001c0                isr_irq27
                0x100001c0                isr_irq31
                0x100001c0                isr_irq5
                0x100001c0                isr_irq11
                0x100001c0                isr_irq23
                0x100001c0                isr_irq18
                0x100001c0                isr_irq28
                0x100001c0                isr_irq19
                0x100001c0                isr_irq0
                0x100001c0                isr_irq6
                0x100001c0                isr_irq22
                0x100001c0                isr_irq17
                0x100001c0                isr_irq14
                0x100001c0                __vectors_end
                0x100001c0                __default_isrs_start
                0x100001c0                isr_irq2
                0x100001c0                isr_irq10
                0x100001c0                isr_irq8
                0x100001c0                isr_irq24
                0x100001c0                isr_irq1
                0x100001c0                isr_irq7
                0x100001c0                isr_irq21
                0x100001c0                isr_irq20
                0x100001c0                isr_irq15
                0x100001c0                isr_irq25
                0x100001c0                isr_irq4
                0x100001c0                isr_irq16
                0x100001c0                isr_irq29
                0x100001c0                isr_irq26
                0x100001c0                isr_irq3
                0x100001c0                isr_irq12
                0x100001c0                isr_irq9
                0x100001c6                unhandled_user_irq_num_in_r0
                0x100001c8                isr_invalid
                0x100001ca                isr_nmi
                0x100001cc                isr_hardfault
                0x100001ce                isr_svcall
                0x100001d0                isr_pendsv
                0x100001d2                isr_systick
                0x100001d4                __default_isrs_end
 *(.binary_info_header)
 .binary_info_header
                0x100001d4       0x14 CMakeFiles/hello_pico.dir/home/pi/access_control_system/pico/pico-sdk/src/rp2_common/pico_crt0/crt0.S.o
                0x100001e8                        __binary_info_header_end = .
 *(.embedded_block)
                0x100001e8                        __embedded_block_end = .
 *(.reset)
 .reset         0x100001e8       0x9c CMakeFiles/hello_pico.dir/home/pi/access_control_system/pico/pico-sdk/src/rp2_common/pico_crt0/crt0.S.o
                0x100001e8                _entry_point
 *(.init)
 .init          0x10000284        0x4 /usr/lib/gcc/arm-none-eabi/12.2.1/thumb/v6-m/nofp/crti.o
                0x10000284                _init
 *(EXCLUDE_FILE(*libm.a: *libc.a:*lib_a-mem*.o *libgcc.a:) .text*)
 .text          0x10000288       0x98 /usr/lib/gcc/arm-none-eabi/12.2.1/thumb/v6-m/nofp/crtbegin.o
 .text.uart_init_custom
                0x10000320       0x48 CMakeFiles/hello_pico.dir/main.c.o
                0x10000320                uart_init_custom
 .text.uart_read_nonblock
                0x10000368       0xe8 CMakeFiles/hello_pico.dir/main.c.o
                0x10000368                uart_read_nonblock
 .text.startup.main
                0x10000450       0x4c CMakeFiles/hello_pico.dir/main.c.o
                0x10000450                main
 .text.ws2812_init
                0x1000049c       0xe8 CMakeFiles/hello_pico.dir/drivers/ws2812/ws2812.c.o
                0x1000049c                ws2812_init
 .text.ws2812_set_green
                0x10000584       0x2c CMakeFiles/hello_pico.dir/drivers/ws2812/ws2812.c.o
                0x10000584                ws2812_set_green
 .text.ws2812_set_red
                0x100005b0       0x2c CMakeFiles/hello_pico.dir/drivers/ws2812/ws2812.c.o
                0x100005b0                ws2812_set_red
 .text.ws2812_set_off
                0x100005dc       0x2c CMakeFiles/hello_pico.dir/drivers/ws2812/ws2812.c.o
                0x100005dc                ws2812_set_off
 .text.sg90_init
                0x10000608       0x48 CMakeFiles/hello_pico.dir/drivers/sg90/sg90.c.o
                0x10000608                sg90_init
 .text.sg90_open
                0x10000650       0x60 CMakeFiles/hello_pico.dir/drivers/sg90/sg90.c.o
                0x10000650                sg90_open
 .text.sg90_close
                0x100006b0       0x5c CMakeFiles/hello_pico.dir/drivers/sg90/sg90.c.o
                0x100006b0                sg90_close
 .text.buzzer_init
                0x1000070c       0x1c CMakeFiles/hello_pico.dir/drivers/buzzer/buzzer.c.o
                0x1000070c                buzzer_init
 .text.buzzer_beep
                0x10000728       0x24 CMakeFiles/hello_pico.dir/drivers/buzzer/buzzer.c.o
                0x10000728                buzzer_beep
 .text.gpio_set_function
                0x1000074c       0x34 CMakeFiles/hello_pico.dir/home/pi/access_control_system/pico/pico-sdk/src/rp2_common/hardware_gpio/gpio.c.o
                0x1000074c                gpio_set_function
 .text.gpio_init
                0x10000780       0x40 CMakeFiles/hello_pico.dir/home/pi/access_control_system/pico/pico-sdk/src/rp2_common/hardware_gpio/gpio.c.o
                0x10000780                gpio_init
 .text.rp2040_chip_version
                0x100007c0        0xc CMakeFiles/hello_pico.dir/home/pi/access_control_system/pico/pico-sdk/src/rp2040/pico_platform/platform.c.o
                0x100007c0                rp2040_chip_version
 .text.panic    0x100007cc       0x30 CMakeFiles/hello_pico.dir/home/pi/access_control_system/pico/pico-sdk/src/rp2_common/pico_platform_panic/panic.c.o
                0x100007cc                panic
 .text.hw_claim_lock
                0x100007fc       0x18 CMakeFiles/hello_pico.dir/home/pi/access_control_system/pico/pico-sdk/src/common/hardware_claim/claim.c.o
                0x100007fc                hw_claim_lock
 .text.hw_claim_unlock
                0x10000814       0x14 CMakeFiles/hello_pico.dir/home/pi/access_control_system/pico/pico-sdk/src/common/hardware_claim/claim.c.o
                0x10000814                hw_claim_unlock
 .text.hw_claim_or_assert
                0x10000828       0x44 CMakeFiles/hello_pico.dir/home/pi/access_control_system/pico/pico-sdk/src/common/hardware_claim/claim.c.o
                0x10000828                hw_claim_or_assert
 .text.hw_claim_unused_from_range
                0x1000086c       0x9c CMakeFiles/hello_pico.dir/home/pi/access_control_system/pico/pico-sdk/src/common/hardware_claim/claim.c.o
                0x1000086c                hw_claim_unused_from_range
 .text.next_striped_spin_lock_num
                0x10000908       0x18 CMakeFiles/hello_pico.dir/home/pi/access_control_system/pico/pico-sdk/src/rp2_common/hardware_sync/sync.c.o
                0x10000908                next_striped_spin_lock_num
 .text.spin_lock_claim_unused
                0x10000920       0x24 CMakeFiles/hello_pico.dir/home/pi/access_control_system/pico/pico-sdk/src/rp2_common/hardware_sync/sync.c.o
                0x10000920                spin_lock_claim_unused
 .text.spin_locks_reset
                0x10000944       0x1c CMakeFiles/hello_pico.dir/home/pi/access_control_system/pico/pico-sdk/src/rp2_common/hardware_sync_spin_lock/sync_spin_lock.c.o
                0x10000944                spin_locks_reset
 .text.runtime_init_per_core_irq_priorities
                0x10000960       0x24 CMakeFiles/hello_pico.dir/home/pi/access_control_system/pico/pico-sdk/src/rp2_common/hardware_irq/irq.c.o
                0x10000960                runtime_init_per_core_irq_priorities
 .text.irq_set_enabled
                0x10000984       0x24 CMakeFiles/hello_pico.dir/home/pi/access_control_system/pico/pico-sdk/src/rp2_common/hardware_irq/irq.c.o
                0x10000984                irq_set_enabled
 .text.irq_is_enabled
                0x100009a8       0x18 CMakeFiles/hello_pico.dir/home/pi/access_control_system/pico/pico-sdk/src/rp2_common/hardware_irq/irq.c.o
                0x100009a8                irq_is_enabled
 .text.irq_set_pending
                0x100009c0       0x10 CMakeFiles/hello_pico.dir/home/pi/access_control_system/pico/pico-sdk/src/rp2_common/hardware_irq/irq.c.o
                0x100009c0                irq_set_pending
 .text.irq_has_shared_handler
                0x100009d0       0x24 CMakeFiles/hello_pico.dir/home/pi/access_control_system/pico/pico-sdk/src/rp2_common/hardware_irq/irq.c.o
                0x100009d0                irq_has_shared_handler
 .text.irq_set_exclusive_handler
                0x100009f4       0x54 CMakeFiles/hello_pico.dir/home/pi/access_control_system/pico/pico-sdk/src/rp2_common/hardware_irq/irq.c.o
                0x100009f4                irq_set_exclusive_handler
 .text.irq_add_shared_handler
                0x10000a48      0x1f4 CMakeFiles/hello_pico.dir/home/pi/access_control_system/pico/pico-sdk/src/rp2_common/hardware_irq/irq.c.o
                0x10000a48                irq_add_shared_handler
 .text.irq_add_tail_to_free_list
                0x10000c3c       0xb4 CMakeFiles/hello_pico.dir/home/pi/access_control_system/pico/pico-sdk/src/rp2_common/hardware_irq/irq.c.o
                0x10000c3c                irq_add_tail_to_free_list
 .text.user_irq_claim_unused
                0x10000cf0       0x2c CMakeFiles/hello_pico.dir/home/pi/access_control_system/pico/pico-sdk/src/rp2_common/hardware_irq/irq.c.o
                0x10000cf0                user_irq_claim_unused
 .text.lock_init
                0x10000d1c       0x10 CMakeFiles/hello_pico.dir/home/pi/access_control_system/pico/pico-sdk/src/common/pico_sync/lock_core.c.o
                0x10000d1c                lock_init
 .text.runtime_init_mutex
                0x10000d2c       0x58 CMakeFiles/hello_pico.dir/home/pi/access_control_system/pico/pico-sdk/src/common/pico_sync/mutex.c.o
                0x10000d2c                runtime_init_mutex
 .text.mutex_init
                0x10000d84       0x1c CMakeFiles/hello_pico.dir/home/pi/access_control_system/pico/pico-sdk/src/common/pico_sync/mutex.c.o
                0x10000d84                mutex_init
 .text.critical_section_init
                0x10000da0       0x1c CMakeFiles/hello_pico.dir/home/pi/access_control_system/pico/pico-sdk/src/common/pico_sync/critical_section.c.o
                0x10000da0                critical_section_init
 .text.critical_section_init_with_lock_num
                0x10000dbc       0x14 CMakeFiles/hello_pico.dir/home/pi/access_control_system/pico/pico-sdk/src/common/pico_sync/critical_section.c.o
                0x10000dbc                critical_section_init_with_lock_num
 .text.sleep_until_callback
                0x10000dd0       0x30 CMakeFiles/hello_pico.dir/home/pi/access_control_system/pico/pico-sdk/src/common/pico_time/time.c.o
 .text.alarm_pool_irq_handler
                0x10000e00      0x300 CMakeFiles/hello_pico.dir/home/pi/access_control_system/pico/pico-sdk/src/common/pico_time/time.c.o
 .text.runtime_init_default_alarm_pool
                0x10001100       0xdc CMakeFiles/hello_pico.dir/home/pi/access_control_system/pico/pico-sdk/src/common/pico_time/time.c.o
                0x10001100                runtime_init_default_alarm_pool
 .text.alarm_pool_get_default
                0x100011dc        0x8 CMakeFiles/hello_pico.dir/home/pi/access_control_system/pico/pico-sdk/src/common/pico_time/time.c.o
                0x100011dc                alarm_pool_get_default
 .text.alarm_pool_add_alarm_at
                0x100011e4       0xd4 CMakeFiles/hello_pico.dir/home/pi/access_control_system/pico/pico-sdk/src/common/pico_time/time.c.o
                0x100011e4                alarm_pool_add_alarm_at
 .text.alarm_pool_add_alarm_at_force_in_context
                0x100012b8       0xb0 CMakeFiles/hello_pico.dir/home/pi/access_control_system/pico/pico-sdk/src/common/pico_time/time.c.o
                0x100012b8                alarm_pool_add_alarm_at_force_in_context
 .text.alarm_pool_cancel_alarm
                0x10001368       0x74 CMakeFiles/hello_pico.dir/home/pi/access_control_system/pico/pico-sdk/src/common/pico_time/time.c.o
                0x10001368                alarm_pool_cancel_alarm
 .text.alarm_pool_core_num
                0x100013dc        0x4 CMakeFiles/hello_pico.dir/home/pi/access_control_system/pico/pico-sdk/src/common/pico_time/time.c.o
                0x100013dc                alarm_pool_core_num
 .text.sleep_until
                0x100013e0       0xd8 CMakeFiles/hello_pico.dir/home/pi/access_control_system/pico/pico-sdk/src/common/pico_time/time.c.o
                0x100013e0                sleep_until
 .text.sleep_ms
                0x100014b8       0x38 CMakeFiles/hello_pico.dir/home/pi/access_control_system/pico/pico-sdk/src/common/pico_time/time.c.o
                0x100014b8                sleep_ms
 .text.best_effort_wfe_or_timeout
                0x100014f0       0xfc CMakeFiles/hello_pico.dir/home/pi/access_control_system/pico/pico-sdk/src/common/pico_time/time.c.o
                0x100014f0                best_effort_wfe_or_timeout
 .text.timer_hardware_alarm_claim
                0x100015ec       0x14 CMakeFiles/hello_pico.dir/home/pi/access_control_system/pico/pico-sdk/src/rp2_common/hardware_timer/timer.c.o
                0x100015ec                timer_hardware_alarm_claim
 .text.timer_time_us_64
                0x10001600       0x10 CMakeFiles/hello_pico.dir/home/pi/access_control_system/pico/pico-sdk/src/rp2_common/hardware_timer/timer.c.o
                0x10001600                timer_time_us_64
 .text.time_us_64
                0x10001610       0x14 CMakeFiles/hello_pico.dir/home/pi/access_control_system/pico/pico-sdk/src/rp2_common/hardware_timer/timer.c.o
                0x10001610                time_us_64
 .text.busy_wait_us
                0x10001624       0x68 CMakeFiles/hello_pico.dir/home/pi/access_control_system/pico/pico-sdk/src/rp2_common/hardware_timer/timer.c.o
                0x10001624                busy_wait_us
 .text.busy_wait_until
                0x1000168c       0x20 CMakeFiles/hello_pico.dir/home/pi/access_control_system/pico/pico-sdk/src/rp2_common/hardware_timer/timer.c.o
                0x1000168c                busy_wait_until
 .text.uart_init
                0x100016ac      0x11c CMakeFiles/hello_pico.dir/home/pi/access_control_system/pico/pico-sdk/src/rp2_common/hardware_uart/uart.c.o
                0x100016ac                uart_init
 .text.uart_set_format
                0x100017c8       0x78 CMakeFiles/hello_pico.dir/home/pi/access_control_system/pico/pico-sdk/src/rp2_common/hardware_uart/uart.c.o
                0x100017c8                uart_set_format
 .text.uart_set_fifo_enabled
                0x10001840       0x5c CMakeFiles/hello_pico.dir/home/pi/access_control_system/pico/pico-sdk/src/rp2_common/hardware_uart/uart.c.o
                0x10001840                uart_set_fifo_enabled
 .text.clock_configure_int_divider
                0x1000189c       0xf4 CMakeFiles/hello_pico.dir/home/pi/access_control_system/pico/pico-sdk/src/rp2_common/hardware_clocks/clocks.c.o
                0x1000189c                clock_configure_int_divider
 .text.clock_configure_undivided
                0x10001990       0xe8 CMakeFiles/hello_pico.dir/home/pi/access_control_system/pico/pico-sdk/src/rp2_common/hardware_clocks/clocks.c.o
                0x10001990                clock_configure_undivided
 .text.clock_get_hz
                0x10001a78        0xc CMakeFiles/hello_pico.dir/home/pi/access_control_system/pico/pico-sdk/src/rp2_common/hardware_clocks/clocks.c.o
                0x10001a78                clock_get_hz
 .text.pll_init
                0x10001a84       0xa0 CMakeFiles/hello_pico.dir/home/pi/access_control_system/pico/pico-sdk/src/rp2_common/hardware_pll/pll.c.o
                0x10001a84                pll_init
 .text.watchdog_reboot
                0x10001b24       0x9c CMakeFiles/hello_pico.dir/home/pi/access_control_system/pico/pico-sdk/src/rp2_common/hardware_watchdog/watchdog.c.o
                0x10001b24                watchdog_reboot
 .text.tick_start
                0x10001bc0       0x10 CMakeFiles/hello_pico.dir/home/pi/access_control_system/pico/pico-sdk/src/rp2_common/hardware_ticks/ticks.c.o
                0x10001bc0                tick_start
 .text.rom_func_lookup
                0x10001bd0       0x10 CMakeFiles/hello_pico.dir/home/pi/access_control_system/pico/pico-sdk/src/rp2_common/pico_bootrom/bootrom.c.o
                0x10001bd0                rom_func_lookup
 .text.rom_data_lookup
                0x10001be0       0x10 CMakeFiles/hello_pico.dir/home/pi/access_control_system/pico/pico-sdk/src/rp2_common/pico_bootrom/bootrom.c.o
                0x10001be0                rom_data_lookup
 .text.rom_funcs_lookup
                0x10001bf0       0x44 CMakeFiles/hello_pico.dir/home/pi/access_control_system/pico/pico-sdk/src/rp2_common/pico_bootrom/bootrom.c.o
                0x10001bf0                rom_funcs_lookup
 .text.rom_reset_usb_boot_extra
                0x10001c34       0x28 CMakeFiles/hello_pico.dir/home/pi/access_control_system/pico/pico-sdk/src/rp2_common/pico_bootrom/bootrom.c.o
                0x10001c34                rom_reset_usb_boot_extra
 .text.xosc_init
                0x10001c5c       0x28 CMakeFiles/hello_pico.dir/home/pi/access_control_system/pico/pico-sdk/src/rp2_common/hardware_xosc/xosc.c.o
                0x10001c5c                xosc_init
 .text.first_per_core_initializer
                0x10001c84        0x4 CMakeFiles/hello_pico.dir/home/pi/access_control_system/pico/pico-sdk/src/rp2_common/pico_runtime/runtime.c.o
 .text.hard_assertion_failure
                0x10001c88        0xc CMakeFiles/hello_pico.dir/home/pi/access_control_system/pico/pico-sdk/src/rp2_common/pico_runtime/runtime.c.o
                0x10001c88                hard_assertion_failure
 .text.runtime_run_initializers
                0x10001c94       0x28 CMakeFiles/hello_pico.dir/home/pi/access_control_system/pico/pico-sdk/src/rp2_common/pico_runtime/runtime.c.o
                0x10001c94                runtime_run_initializers
 .text.runtime_init_early_resets
                0x10001cbc       0x2c CMakeFiles/hello_pico.dir/home/pi/access_control_system/pico/pico-sdk/src/rp2_common/pico_runtime_init/runtime_init.c.o
                0x10001cbc                runtime_init_early_resets
 .text.runtime_init_usb_power_down
                0x10001ce8       0x1c CMakeFiles/hello_pico.dir/home/pi/access_control_system/pico/pico-sdk/src/rp2_common/pico_runtime_init/runtime_init.c.o
                0x10001ce8                runtime_init_usb_power_down
 .text.runtime_init_post_clock_resets
                0x10001d04       0x20 CMakeFiles/hello_pico.dir/home/pi/access_control_system/pico/pico-sdk/src/rp2_common/pico_runtime_init/runtime_init.c.o
                0x10001d04                runtime_init_post_clock_resets
 .text.runtime_init_rp2040_gpio_ie_disable
                0x10001d24       0x14 CMakeFiles/hello_pico.dir/home/pi/access_control_system/pico/pico-sdk/src/rp2_common/pico_runtime_init/runtime_init.c.o
                0x10001d24                runtime_init_rp2040_gpio_ie_disable
 .text.runtime_init_spin_locks_reset
                0x10001d38        0x8 CMakeFiles/hello_pico.dir/home/pi/access_control_system/pico/pico-sdk/src/rp2_common/pico_runtime_init/runtime_init.c.o
                0x10001d38                runtime_init_spin_locks_reset
 .text.runtime_init_install_ram_vector_table
                0x10001d40       0xc4 CMakeFiles/hello_pico.dir/home/pi/access_control_system/pico/pico-sdk/src/rp2_common/pico_runtime_init/runtime_init.c.o
                0x10001d40                runtime_init_install_ram_vector_table
 .text.runtime_init_clocks
                0x10001e04       0xd8 CMakeFiles/hello_pico.dir/home/pi/access_control_system/pico/pico-sdk/src/rp2_common/pico_runtime_init/runtime_init_clocks.c.o
                0x10001e04                runtime_init_clocks
 .text          0x10001edc       0x10 CMakeFiles/hello_pico.dir/home/pi/access_control_system/pico/pico-sdk/src/rp2_common/pico_bit_ops/bit_ops_aeabi.S.o
 .text.__wrap___aeabi_idiv
                0x10001eec       0x50 CMakeFiles/hello_pico.dir/home/pi/access_control_system/pico/pico-sdk/src/rp2_common/pico_divider/divider_hardware.S.o
                0x10001eec                __wrap___aeabi_idivmod
                0x10001eec                divmod_s32s32
                0x10001eec                div_s32s32
                0x10001eec                __wrap___aeabi_idiv
                0x10001ef4                divmod_s32s32_unsafe
                0x10001f20                divmod_s32s32_savestate
 .text.__wrap___aeabi_uidiv
                0x10001f3c       0x4c CMakeFiles/hello_pico.dir/home/pi/access_control_system/pico/pico-sdk/src/rp2_common/pico_divider/divider_hardware.S.o
                0x10001f3c                __wrap___aeabi_uidiv
                0x10001f3c                __wrap___aeabi_uidivmod
                0x10001f3c                div_u32u32
                0x10001f3c                divmod_u32u32
                0x10001f44                divmod_u32u32_unsafe
                0x10001f6c                divmod_u32u32_savestate
 .text.__wrap___aeabi_ldiv
                0x10001f88      0x424 CMakeFiles/hello_pico.dir/home/pi/access_control_system/pico/pico-sdk/src/rp2_common/pico_divider/divider_hardware.S.o
                0x10001f88                div_s64s64
                0x10001f88                divmod_s64s64
                0x10001f88                __wrap___aeabi_ldivmod
                0x10001fb8                div_u64u64
                0x10001fb8                divmod_u64u64
                0x10001fb8                __wrap___aeabi_uldivmod
                0x10001fc8                divmod_u64u64_savestate
                0x10001fe8                divmod_s64s64_unsafe
                0x10002070                divmod_u64u64_unsafe
 .text.__wrap___aeabi_darithmetic
                0x100023ac       0x80 CMakeFiles/hello_pico.dir/home/pi/access_control_system/pico/pico-sdk/src/rp2_common/pico_double/double_aeabi_rp2040.S.o
                0x100023ac                __wrap___aeabi_drsub
                0x100023b2                __wrap___aeabi_dsub
                0x100023c4                __wrap___aeabi_dadd
                0x100023d6                __wrap___aeabi_ddiv
                0x10002412                __wrap___aeabi_dmul
 .text.__wrap___aeabi_cdcmple
                0x1000242c       0x6c CMakeFiles/hello_pico.dir/home/pi/access_control_system/pico/pico-sdk/src/rp2_common/pico_double/double_aeabi_rp2040.S.o
                0x1000242c                __wrap___aeabi_cdrcmple
                0x1000243c                __wrap___aeabi_cdcmple
                0x1000243c                __wrap___aeabi_cdcmpeq
 .text.__wrap___aeabi_dcmplt
                0x10002498        0xc CMakeFiles/hello_pico.dir/home/pi/access_control_system/pico/pico-sdk/src/rp2_common/pico_double/double_aeabi_rp2040.S.o
                0x10002498                __wrap___aeabi_dcmplt
 .text.__wrap___aeabi_dcmpge
                0x100024a4       0x10 CMakeFiles/hello_pico.dir/home/pi/access_control_system/pico/pico-sdk/src/rp2_common/pico_double/double_aeabi_rp2040.S.o
                0x100024a4                __wrap___aeabi_dcmpge
 .text.__wrap___aeabi_dcmpgt
                0x100024b4        0xa CMakeFiles/hello_pico.dir/home/pi/access_control_system/pico/pico-sdk/src/rp2_common/pico_double/double_aeabi_rp2040.S.o
                0x100024b4                __wrap___aeabi_dcmpgt
 .text.__wrap___aeabi_dcmpun
                0x100024be       0x18 CMakeFiles/hello_pico.dir/home/pi/access_control_system/pico/pico-sdk/src/rp2_common/pico_double/double_aeabi_rp2040.S.o
                0x100024be                __wrap___aeabi_dcmpun
 *fill*         0x100024d6        0x2 
 .text.__wrap___aeabi_i2d
                0x100024d8       0x38 CMakeFiles/hello_pico.dir/home/pi/access_control_system/pico/pico-sdk/src/rp2_common/pico_double/double_aeabi_rp2040.S.o
                0x100024d8                __wrap___aeabi_ui2d
                0x100024d8                uint2double
                0x100024e0                __wrap___aeabi_i2d
                0x100024e0                int2double
 .text.__wrap___aeabi_d2iz
                0x10002510       0x48 CMakeFiles/hello_pico.dir/home/pi/access_control_system/pico/pico-sdk/src/rp2_common/pico_double/double_aeabi_rp2040.S.o
                0x10002510                __wrap___aeabi_d2iz
                0x10002510                double2int_z
 .text.__wrap___aeabi_d2uiz
                0x10002558       0x18 CMakeFiles/hello_pico.dir/home/pi/access_control_system/pico/pico-sdk/src/rp2_common/pico_double/double_aeabi_rp2040.S.o
                0x10002558                double2uint_z
                0x10002558                double2uint
                0x10002558                __wrap___aeabi_d2uiz
 .text.__aeabi_double_init
                0x10002570       0xa4 CMakeFiles/hello_pico.dir/home/pi/access_control_system/pico/pico-sdk/src/rp2_common/pico_double/double_init_rom_rp2040.c.o
                0x10002570                __aeabi_double_init
 .text.double_table_shim_on_use_helper
                0x10002614       0x2c CMakeFiles/hello_pico.dir/home/pi/access_control_system/pico/pico-sdk/src/rp2_common/pico_double/double_v1_rom_shim_rp2040.S.o
                0x10002614                double_table_shim_on_use_helper
 .text.__wrap___aeabi_dsub
                0x10002640       0x10 CMakeFiles/hello_pico.dir/home/pi/access_control_system/pico/pico-sdk/src/rp2_common/pico_double/double_v1_rom_shim_rp2040.S.o
                0x10002640                drsub_shim
                0x10002646                dsub_shim
 .text.dadd_shim
                0x10002650      0x15c CMakeFiles/hello_pico.dir/home/pi/access_control_system/pico/pico-sdk/src/rp2_common/pico_double/double_v1_rom_shim_rp2040.S.o
                0x10002650                dadd_shim
 .text.dmul_shim
                0x100027ac      0x15c CMakeFiles/hello_pico.dir/home/pi/access_control_system/pico/pico-sdk/src/rp2_common/pico_double/double_v1_rom_shim_rp2040.S.o
                0x100027ac                dmul_shim
 .text.ddiv_shim
                0x10002908      0x1b0 CMakeFiles/hello_pico.dir/home/pi/access_control_system/pico/pico-sdk/src/rp2_common/pico_double/double_v1_rom_shim_rp2040.S.o
                0x10002908                ddiv_shim
 .text.double2uint_shim
                0x10002ab8        0xe CMakeFiles/hello_pico.dir/home/pi/access_control_system/pico/pico-sdk/src/rp2_common/pico_double/double_v1_rom_shim_rp2040.S.o
                0x10002ab8                double2uint_shim
                0x10002aba                double2ufix_shim
 *fill*         0x10002ac6        0x2 
 .text.double2uint64_shim
                0x10002ac8       0x70 CMakeFiles/hello_pico.dir/home/pi/access_control_system/pico/pico-sdk/src/rp2_common/pico_double/double_v1_rom_shim_rp2040.S.o
                0x10002ac8                double2uint64_shim
                0x10002aca                double2ufix64_shim
                0x10002aea                d2fix_a
 .text.dunpacks
                0x10002b38       0x3c CMakeFiles/hello_pico.dir/home/pi/access_control_system/pico/pico-sdk/src/rp2_common/pico_double/double_v1_rom_shim_rp2040.S.o
                0x10002b38                dunpacks
 .text.__aeabi_lmul
                0x10002b74       0x32 CMakeFiles/hello_pico.dir/home/pi/access_control_system/pico/pico-sdk/src/rp2_common/pico_int64_ops/pico_int64_ops_aeabi.S.o
                0x10002b74                __wrap___aeabi_lmul
 *fill*         0x10002ba6        0x2 
 .text.__wrap___aeabi_farithmetic
                0x10002ba8       0x48 CMakeFiles/hello_pico.dir/home/pi/access_control_system/pico/pico-sdk/src/rp2_common/pico_float/float_aeabi_rp2040.S.o
                0x10002ba8                __wrap___aeabi_frsub
                0x10002bae                __wrap___aeabi_fsub
                0x10002bb4                __wrap___aeabi_fadd
                0x10002bba                __wrap___aeabi_fdiv
                0x10002be2                __wrap___aeabi_fmul
 .text.__wrap___aeabi_ui2f
                0x10002bf0        0xa CMakeFiles/hello_pico.dir/home/pi/access_control_system/pico/pico-sdk/src/rp2_common/pico_float/float_aeabi_rp2040.S.o
                0x10002bf0                uint2float
                0x10002bf0                __wrap___aeabi_ui2f
 *fill*         0x10002bfa        0x2 
 .text.__wrap___aeabi_i2f
                0x10002bfc       0x44 CMakeFiles/hello_pico.dir/home/pi/access_control_system/pico/pico-sdk/src/rp2_common/pico_float/float_aeabi_rp2040.S.o
                0x10002bfc                int2float
                0x10002bfc                __wrap___aeabi_i2f
 .text.__wrap___aeabi_f2uiz
                0x10002c40        0xc CMakeFiles/hello_pico.dir/home/pi/access_control_system/pico/pico-sdk/src/rp2_common/pico_float/float_aeabi_rp2040.S.o
                0x10002c40                float2uint
                0x10002c40                float2uint_z
                0x10002c40                __wrap___aeabi_f2uiz
 .text.__aeabi_float_init
                0x10002c4c       0x64 CMakeFiles/hello_pico.dir/home/pi/access_control_system/pico/pico-sdk/src/rp2_common/pico_float/float_init_rom_rp2040.c.o
                0x10002c4c                __aeabi_float_init
 .text.float_table_shim_on_use_helper
                0x10002cb0       0x2c CMakeFiles/hello_pico.dir/home/pi/access_control_system/pico/pico-sdk/src/rp2_common/pico_float/float_v1_rom_shim_rp2040.S.o
                0x10002cb0                float_table_shim_on_use_helper
 .text          0x10002cdc       0x10 CMakeFiles/hello_pico.dir/home/pi/access_control_system/pico/pico-sdk/src/rp2_common/pico_mem_ops/mem_ops_aeabi.S.o
                0x10002cdc                __aeabi_mem_init
 .text.memset   0x10002cec        0xc CMakeFiles/hello_pico.dir/home/pi/access_control_system/pico/pico-sdk/src/rp2_common/pico_mem_ops/mem_ops_aeabi.S.o
                0x10002cec                __wrap_memset
 .text.memcpy   0x10002cf8        0xc CMakeFiles/hello_pico.dir/home/pi/access_control_system/pico/pico-sdk/src/rp2_common/pico_mem_ops/mem_ops_aeabi.S.o
                0x10002cf8                __wrap___aeabi_memcpy
                0x10002cf8                __wrap_memcpy
 .text._out_null
                0x10002d04        0x4 CMakeFiles/hello_pico.dir/home/pi/access_control_system/pico/pico-sdk/src/rp2_common/pico_printf/printf.c.o
 .text._out_rev
                0x10002d08       0x90 CMakeFiles/hello_pico.dir/home/pi/access_control_system/pico/pico-sdk/src/rp2_common/pico_printf/printf.c.o
 .text._ntoa_format
                0x10002d98      0x1f4 CMakeFiles/hello_pico.dir/home/pi/access_control_system/pico/pico-sdk/src/rp2_common/pico_printf/printf.c.o
 .text._out_char
                0x10002f8c       0x10 CMakeFiles/hello_pico.dir/home/pi/access_control_system/pico/pico-sdk/src/rp2_common/pico_printf/printf.c.o
 .text._out_fct
                0x10002f9c       0x10 CMakeFiles/hello_pico.dir/home/pi/access_control_system/pico/pico-sdk/src/rp2_common/pico_printf/printf.c.o
 .text._etoa    0x10002fac      0x454 CMakeFiles/hello_pico.dir/home/pi/access_control_system/pico/pico-sdk/src/rp2_common/pico_printf/printf.c.o
 .text._ftoa    0x10003400      0x3c4 CMakeFiles/hello_pico.dir/home/pi/access_control_system/pico/pico-sdk/src/rp2_common/pico_printf/printf.c.o
 .text._vsnprintf
                0x100037c4      0xb24 CMakeFiles/hello_pico.dir/home/pi/access_control_system/pico/pico-sdk/src/rp2_common/pico_printf/printf.c.o
 .text.vfctprintf
                0x100042e8       0x20 CMakeFiles/hello_pico.dir/home/pi/access_control_system/pico/pico-sdk/src/rp2_common/pico_printf/printf.c.o
                0x100042e8                vfctprintf
 .text.weak_raw_vprintf
                0x10004308       0x30 CMakeFiles/hello_pico.dir/home/pi/access_control_system/pico/pico-sdk/src/rp2_common/pico_printf/printf.c.o
                0x10004308                weak_raw_vprintf
 .text._exit    0x10004338        0x4 CMakeFiles/hello_pico.dir/home/pi/access_control_system/pico/pico-sdk/src/rp2_common/pico_clib_interface/newlib_interface.c.o
                0x10004338                _exit
 .text.exit     0x1000433c        0x8 CMakeFiles/hello_pico.dir/home/pi/access_control_system/pico/pico-sdk/src/rp2_common/pico_clib_interface/newlib_interface.c.o
                0x1000433c                exit
 .text.runtime_init
                0x10004344       0x2c CMakeFiles/hello_pico.dir/home/pi/access_control_system/pico/pico-sdk/src/rp2_common/pico_clib_interface/newlib_interface.c.o
                0x10004344                runtime_init
 .text.stdio_out_chars_no_crlf
                0x10004370       0x10 CMakeFiles/hello_pico.dir/home/pi/access_control_system/pico/pico-sdk/src/rp2_common/pico_stdio/stdio.c.o
 .text.stdio_out_chars_crlf
                0x10004380       0xbc CMakeFiles/hello_pico.dir/home/pi/access_control_system/pico/pico-sdk/src/rp2_common/pico_stdio/stdio.c.o
 .text.stdio_buffered_printer
                0x1000443c       0x64 CMakeFiles/hello_pico.dir/home/pi/access_control_system/pico/pico-sdk/src/rp2_common/pico_stdio/stdio.c.o
 .text.stdio_put_string
                0x100044a0      0x100 CMakeFiles/hello_pico.dir/home/pi/access_control_system/pico/pico-sdk/src/rp2_common/pico_stdio/stdio.c.o
                0x100044a0                stdio_put_string
 .text.stdio_set_driver_enabled
                0x100045a0       0x30 CMakeFiles/hello_pico.dir/home/pi/access_control_system/pico/pico-sdk/src/rp2_common/pico_stdio/stdio.c.o
                0x100045a0                stdio_set_driver_enabled
 .text.stdio_init_all
                0x100045d0        0x8 CMakeFiles/hello_pico.dir/home/pi/access_control_system/pico/pico-sdk/src/rp2_common/pico_stdio/stdio.c.o
                0x100045d0                stdio_init_all
 .text.__wrap_putchar
                0x100045d8       0x98 CMakeFiles/hello_pico.dir/home/pi/access_control_system/pico/pico-sdk/src/rp2_common/pico_stdio/stdio.c.o
                0x100045d8                stdio_putchar
                0x100045d8                __wrap_putchar
 .text.__wrap_puts
                0x10004670       0x3c CMakeFiles/hello_pico.dir/home/pi/access_control_system/pico/pico-sdk/src/rp2_common/pico_stdio/stdio.c.o
                0x10004670                __wrap_puts
                0x10004670                stdio_puts
 .text.__wrap_vprintf
                0x100046ac       0xd4 CMakeFiles/hello_pico.dir/home/pi/access_control_system/pico/pico-sdk/src/rp2_common/pico_stdio/stdio.c.o
                0x100046ac                __wrap_vprintf
                0x100046ac                stdio_vprintf
 .text.__wrap_printf
                0x10004780       0x18 CMakeFiles/hello_pico.dir/home/pi/access_control_system/pico/pico-sdk/src/rp2_common/pico_stdio/stdio.c.o
                0x10004780                stdio_printf
                0x10004780                __wrap_printf
 .text.resetd_init
                0x10004798        0x4 CMakeFiles/hello_pico.dir/home/pi/access_control_system/pico/pico-sdk/src/rp2_common/pico_stdio_usb/reset_interface.c.o
 .text.resetd_reset
                0x1000479c        0xc CMakeFiles/hello_pico.dir/home/pi/access_control_system/pico/pico-sdk/src/rp2_common/pico_stdio_usb/reset_interface.c.o
 .text.resetd_open
                0x100047a8       0x28 CMakeFiles/hello_pico.dir/home/pi/access_control_system/pico/pico-sdk/src/rp2_common/pico_stdio_usb/reset_interface.c.o
 .text.resetd_xfer_cb
                0x100047d0        0x4 CMakeFiles/hello_pico.dir/home/pi/access_control_system/pico/pico-sdk/src/rp2_common/pico_stdio_usb/reset_interface.c.o
 .text.resetd_control_xfer_cb
                0x100047d4       0x5c CMakeFiles/hello_pico.dir/home/pi/access_control_system/pico/pico-sdk/src/rp2_common/pico_stdio_usb/reset_interface.c.o
 .text.tud_descriptor_bos_cb
                0x10004830        0x8 CMakeFiles/hello_pico.dir/home/pi/access_control_system/pico/pico-sdk/src/rp2_common/pico_stdio_usb/reset_interface.c.o
                0x10004830                tud_descriptor_bos_cb
 .text.tud_vendor_control_xfer_cb
                0x10004838       0x34 CMakeFiles/hello_pico.dir/home/pi/access_control_system/pico/pico-sdk/src/rp2_common/pico_stdio_usb/reset_interface.c.o
                0x10004838                tud_vendor_control_xfer_cb
 .text.usbd_app_driver_get_cb
                0x1000486c        0xc CMakeFiles/hello_pico.dir/home/pi/access_control_system/pico/pico-sdk/src/rp2_common/pico_stdio_usb/reset_interface.c.o
                0x1000486c                usbd_app_driver_get_cb
 .text.tud_cdc_line_coding_cb
                0x10004878       0x2c CMakeFiles/hello_pico.dir/home/pi/access_control_system/pico/pico-sdk/src/rp2_common/pico_stdio_usb/reset_interface.c.o
                0x10004878                tud_cdc_line_coding_cb
 .text.stdio_usb_set_chars_available_callback
                0x100048a4       0x14 CMakeFiles/hello_pico.dir/home/pi/access_control_system/pico/pico-sdk/src/rp2_common/pico_stdio_usb/stdio_usb.c.o
                0x100048a4                stdio_usb_set_chars_available_callback
 .text.usb_irq  0x100048b8       0x10 CMakeFiles/hello_pico.dir/home/pi/access_control_system/pico/pico-sdk/src/rp2_common/pico_stdio_usb/stdio_usb.c.o
 .text.timer_task
                0x100048c8       0x64 CMakeFiles/hello_pico.dir/home/pi/access_control_system/pico/pico-sdk/src/rp2_common/pico_stdio_usb/stdio_usb.c.o
 .text.stdio_usb_in_chars
                0x1000492c       0x90 CMakeFiles/hello_pico.dir/home/pi/access_control_system/pico/pico-sdk/src/rp2_common/pico_stdio_usb/stdio_usb.c.o
                0x1000492c                stdio_usb_in_chars
 .text.stdio_usb_out_flush
                0x100049bc       0x50 CMakeFiles/hello_pico.dir/home/pi/access_control_system/pico/pico-sdk/src/rp2_common/pico_stdio_usb/stdio_usb.c.o
 .text.stdio_usb_out_chars
                0x10004a0c      0x104 CMakeFiles/hello_pico.dir/home/pi/access_control_system/pico/pico-sdk/src/rp2_common/pico_stdio_usb/stdio_usb.c.o
 .text.low_priority_worker_irq
                0x10004b10       0xcc CMakeFiles/hello_pico.dir/home/pi/access_control_system/pico/pico-sdk/src/rp2_common/pico_stdio_usb/stdio_usb.c.o
 .text.stdio_usb_init
                0x10004bdc       0xec CMakeFiles/hello_pico.dir/home/pi/access_control_system/pico/pico-sdk/src/rp2_common/pico_stdio_usb/stdio_usb.c.o
                0x10004bdc                stdio_usb_init
 .text.tud_descriptor_device_cb
                0x10004cc8        0x8 CMakeFiles/hello_pico.dir/home/pi/access_control_system/pico/pico-sdk/src/rp2_common/pico_stdio_usb/stdio_usb_descriptors.c.o
                0x10004cc8                tud_descriptor_device_cb
 .text.tud_descriptor_configuration_cb
                0x10004cd0        0x8 CMakeFiles/hello_pico.dir/home/pi/access_control_system/pico/pico-sdk/src/rp2_common/pico_stdio_usb/stdio_usb_descriptors.c.o
                0x10004cd0                tud_descriptor_configuration_cb
 .text.tud_descriptor_string_cb
                0x10004cd8       0x78 CMakeFiles/hello_pico.dir/home/pi/access_control_system/pico/pico-sdk/src/rp2_common/pico_stdio_usb/stdio_usb_descriptors.c.o
                0x10004cd8                tud_descriptor_string_cb
 .text.startup._retrieve_unique_id_on_boot
                0x10004d50       0x10 CMakeFiles/hello_pico.dir/home/pi/access_control_system/pico/pico-sdk/src/rp2_common/pico_unique_id/unique_id.c.o
 .text.pico_get_unique_board_id_string
                0x10004d60      0x1a8 CMakeFiles/hello_pico.dir/home/pi/access_control_system/pico/pico-sdk/src/rp2_common/pico_unique_id/unique_id.c.o
                0x10004d60                pico_get_unique_board_id_string
 .text.flash_get_unique_id
                0x10004f08       0x40 CMakeFiles/hello_pico.dir/home/pi/access_control_system/pico/pico-sdk/src/rp2_common/hardware_flash/flash.c.o
                0x10004f08                flash_get_unique_id
 .text.dcd_init
                0x10004f48       0x90 CMakeFiles/hello_pico.dir/home/pi/access_control_system/pico/pico-sdk/lib/tinyusb/src/portable/raspberrypi/rp2040/dcd_rp2040.c.o
                0x10004f48                dcd_init
 .text.dcd_int_enable
                0x10004fd8        0xc CMakeFiles/hello_pico.dir/home/pi/access_control_system/pico/pico-sdk/lib/tinyusb/src/portable/raspberrypi/rp2040/dcd_rp2040.c.o
                0x10004fd8                dcd_int_enable
 .text.dcd_set_address
                0x10004fe4       0x14 CMakeFiles/hello_pico.dir/home/pi/access_control_system/pico/pico-sdk/lib/tinyusb/src/portable/raspberrypi/rp2040/dcd_rp2040.c.o
                0x10004fe4                dcd_set_address
 .text.dcd_sof_enable
                0x10004ff8       0x1c CMakeFiles/hello_pico.dir/home/pi/access_control_system/pico/pico-sdk/lib/tinyusb/src/portable/raspberrypi/rp2040/dcd_rp2040.c.o
                0x10004ff8                dcd_sof_enable
 .text.dcd_edpt0_status_complete
                0x10005014       0x1c CMakeFiles/hello_pico.dir/home/pi/access_control_system/pico/pico-sdk/lib/tinyusb/src/portable/raspberrypi/rp2040/dcd_rp2040.c.o
                0x10005014                dcd_edpt0_status_complete
 .text.dcd_edpt_open
                0x10005030      0x114 CMakeFiles/hello_pico.dir/home/pi/access_control_system/pico/pico-sdk/lib/tinyusb/src/portable/raspberrypi/rp2040/dcd_rp2040.c.o
                0x10005030                dcd_edpt_open
 .text.dcd_edpt_close_all
                0x10005144        0x8 CMakeFiles/hello_pico.dir/home/pi/access_control_system/pico/pico-sdk/lib/tinyusb/src/portable/raspberrypi/rp2040/dcd_rp2040.c.o
                0x10005144                dcd_edpt_close_all
 .text.dcd_edpt_xfer
                0x1000514c       0x24 CMakeFiles/hello_pico.dir/home/pi/access_control_system/pico/pico-sdk/lib/tinyusb/src/portable/raspberrypi/rp2040/dcd_rp2040.c.o
                0x1000514c                dcd_edpt_xfer
 .text.dcd_edpt_stall
                0x10005170       0x38 CMakeFiles/hello_pico.dir/home/pi/access_control_system/pico/pico-sdk/lib/tinyusb/src/portable/raspberrypi/rp2040/dcd_rp2040.c.o
                0x10005170                dcd_edpt_stall
 .text.dcd_edpt_clear_stall
                0x100051a8       0x30 CMakeFiles/hello_pico.dir/home/pi/access_control_system/pico/pico-sdk/lib/tinyusb/src/portable/raspberrypi/rp2040/dcd_rp2040.c.o
                0x100051a8                dcd_edpt_clear_stall
 .text.rp2040_usb_init
                0x100051d8       0x40 CMakeFiles/hello_pico.dir/home/pi/access_control_system/pico/pico-sdk/lib/tinyusb/src/portable/raspberrypi/rp2040/rp2040_usb.c.o
                0x100051d8                rp2040_usb_init
 .text.hw_endpoint_xfer_start
                0x10005218       0x40 CMakeFiles/hello_pico.dir/home/pi/access_control_system/pico/pico-sdk/lib/tinyusb/src/portable/raspberrypi/rp2040/rp2040_usb.c.o
                0x10005218                hw_endpoint_xfer_start
 .text.tud_event_hook_cb
                0x10005258        0x4 CMakeFiles/hello_pico.dir/home/pi/access_control_system/pico/pico-sdk/lib/tinyusb/src/device/usbd.c.o
                0x10005258                tud_event_hook_cb
 .text.tud_sof_cb
                0x1000525c        0x4 CMakeFiles/hello_pico.dir/home/pi/access_control_system/pico/pico-sdk/lib/tinyusb/src/device/usbd.c.o
                0x1000525c                tud_sof_cb
 .text.tud_descriptor_device_qualifier_cb
                0x10005260        0x4 CMakeFiles/hello_pico.dir/home/pi/access_control_system/pico/pico-sdk/lib/tinyusb/src/device/usbd.c.o
                0x10005260                tud_descriptor_device_qualifier_cb
 .text.tud_descriptor_other_speed_configuration_cb
                0x10005264        0x4 CMakeFiles/hello_pico.dir/home/pi/access_control_system/pico/pico-sdk/lib/tinyusb/src/device/usbd.c.o
                0x10005264                tud_descriptor_other_speed_configuration_cb
 .text.tud_mount_cb
                0x10005268        0x4 CMakeFiles/hello_pico.dir/home/pi/access_control_system/pico/pico-sdk/lib/tinyusb/src/device/usbd.c.o
                0x10005268                tud_mount_cb
 .text.tud_umount_cb
                0x1000526c        0x4 CMakeFiles/hello_pico.dir/home/pi/access_control_system/pico/pico-sdk/lib/tinyusb/src/device/usbd.c.o
                0x1000526c                tud_umount_cb
 .text.tud_suspend_cb
                0x10005270        0x4 CMakeFiles/hello_pico.dir/home/pi/access_control_system/pico/pico-sdk/lib/tinyusb/src/device/usbd.c.o
                0x10005270                tud_suspend_cb
 .text.tud_resume_cb
                0x10005274        0x4 CMakeFiles/hello_pico.dir/home/pi/access_control_system/pico/pico-sdk/lib/tinyusb/src/device/usbd.c.o
                0x10005274                tud_resume_cb
 .text.tud_mounted
                0x10005278       0x10 CMakeFiles/hello_pico.dir/home/pi/access_control_system/pico/pico-sdk/lib/tinyusb/src/device/usbd.c.o
                0x10005278                tud_mounted
 .text.tud_suspended
                0x10005288       0x10 CMakeFiles/hello_pico.dir/home/pi/access_control_system/pico/pico-sdk/lib/tinyusb/src/device/usbd.c.o
                0x10005288                tud_suspended
 .text.tud_rhport_init
                0x10005298       0xfc CMakeFiles/hello_pico.dir/home/pi/access_control_system/pico/pico-sdk/lib/tinyusb/src/device/usbd.c.o
                0x10005298                tud_rhport_init
 .text.tud_task_ext
                0x10005394      0x808 CMakeFiles/hello_pico.dir/home/pi/access_control_system/pico/pico-sdk/lib/tinyusb/src/device/usbd.c.o
                0x10005394                tud_task_ext
 .text.usbd_open_edpt_pair
                0x10005b9c       0x9c CMakeFiles/hello_pico.dir/home/pi/access_control_system/pico/pico-sdk/lib/tinyusb/src/device/usbd.c.o
                0x10005b9c                usbd_open_edpt_pair
 .text.usbd_edpt_open
                0x10005c38       0x34 CMakeFiles/hello_pico.dir/home/pi/access_control_system/pico/pico-sdk/lib/tinyusb/src/device/usbd.c.o
                0x10005c38                usbd_edpt_open
 .text.usbd_edpt_claim
                0x10005c6c       0x28 CMakeFiles/hello_pico.dir/home/pi/access_control_system/pico/pico-sdk/lib/tinyusb/src/device/usbd.c.o
                0x10005c6c                usbd_edpt_claim
 .text.usbd_edpt_release
                0x10005c94       0x28 CMakeFiles/hello_pico.dir/home/pi/access_control_system/pico/pico-sdk/lib/tinyusb/src/device/usbd.c.o
                0x10005c94                usbd_edpt_release
 .text.usbd_edpt_xfer
                0x10005cbc       0x4c CMakeFiles/hello_pico.dir/home/pi/access_control_system/pico/pico-sdk/lib/tinyusb/src/device/usbd.c.o
                0x10005cbc                usbd_edpt_xfer
 .text.tud_control_status
                0x10005d08       0x2c CMakeFiles/hello_pico.dir/home/pi/access_control_system/pico/pico-sdk/lib/tinyusb/src/device/usbd_control.c.o
                0x10005d08                tud_control_status
 .text.tud_control_xfer
                0x10005d34       0xac CMakeFiles/hello_pico.dir/home/pi/access_control_system/pico/pico-sdk/lib/tinyusb/src/device/usbd_control.c.o
                0x10005d34                tud_control_xfer
 .text.usbd_control_reset
                0x10005de0       0x14 CMakeFiles/hello_pico.dir/home/pi/access_control_system/pico/pico-sdk/lib/tinyusb/src/device/usbd_control.c.o
                0x10005de0                usbd_control_reset
 .text.usbd_control_set_complete_callback
                0x10005df4        0xc CMakeFiles/hello_pico.dir/home/pi/access_control_system/pico/pico-sdk/lib/tinyusb/src/device/usbd_control.c.o
                0x10005df4                usbd_control_set_complete_callback
 .text.usbd_control_set_request
                0x10005e00       0x1c CMakeFiles/hello_pico.dir/home/pi/access_control_system/pico/pico-sdk/lib/tinyusb/src/device/usbd_control.c.o
                0x10005e00                usbd_control_set_request
 .text.usbd_control_xfer_cb
                0x10005e1c       0xec CMakeFiles/hello_pico.dir/home/pi/access_control_system/pico/pico-sdk/lib/tinyusb/src/device/usbd_control.c.o
                0x10005e1c                usbd_control_xfer_cb
 .text._prep_out_transaction.isra.0
                0x10005f08       0x6c CMakeFiles/hello_pico.dir/home/pi/access_control_system/pico/pico-sdk/lib/tinyusb/src/class/cdc/cdc_device.c.o
 .text.tud_cdc_n_connected
                0x10005f74       0x2c CMakeFiles/hello_pico.dir/home/pi/access_control_system/pico/pico-sdk/lib/tinyusb/src/class/cdc/cdc_device.c.o
                0x10005f74                tud_cdc_n_connected
 .text.tud_cdc_n_available
                0x10005fa0       0x14 CMakeFiles/hello_pico.dir/home/pi/access_control_system/pico/pico-sdk/lib/tinyusb/src/class/cdc/cdc_device.c.o
                0x10005fa0                tud_cdc_n_available
 .text.tud_cdc_n_read
                0x10005fb4       0x94 CMakeFiles/hello_pico.dir/home/pi/access_control_system/pico/pico-sdk/lib/tinyusb/src/class/cdc/cdc_device.c.o
                0x10005fb4                tud_cdc_n_read
 .text.tud_cdc_n_write_flush
                0x10006048       0x74 CMakeFiles/hello_pico.dir/home/pi/access_control_system/pico/pico-sdk/lib/tinyusb/src/class/cdc/cdc_device.c.o
                0x10006048                tud_cdc_n_write_flush
 .text.tud_cdc_n_write
                0x100060bc       0x40 CMakeFiles/hello_pico.dir/home/pi/access_control_system/pico/pico-sdk/lib/tinyusb/src/class/cdc/cdc_device.c.o
                0x100060bc                tud_cdc_n_write
 .text.tud_cdc_n_write_available
                0x100060fc       0x14 CMakeFiles/hello_pico.dir/home/pi/access_control_system/pico/pico-sdk/lib/tinyusb/src/class/cdc/cdc_device.c.o
                0x100060fc                tud_cdc_n_write_available
 .text.cdcd_init
                0x10006110       0x70 CMakeFiles/hello_pico.dir/home/pi/access_control_system/pico/pico-sdk/lib/tinyusb/src/class/cdc/cdc_device.c.o
                0x10006110                cdcd_init
 .text.cdcd_deinit
                0x10006180       0x30 CMakeFiles/hello_pico.dir/home/pi/access_control_system/pico/pico-sdk/lib/tinyusb/src/class/cdc/cdc_device.c.o
                0x10006180                cdcd_deinit
 .text.cdcd_reset
                0x100061b0       0x4c CMakeFiles/hello_pico.dir/home/pi/access_control_system/pico/pico-sdk/lib/tinyusb/src/class/cdc/cdc_device.c.o
                0x100061b0                cdcd_reset
 .text.cdcd_open
                0x100061fc       0xa8 CMakeFiles/hello_pico.dir/home/pi/access_control_system/pico/pico-sdk/lib/tinyusb/src/class/cdc/cdc_device.c.o
                0x100061fc                cdcd_open
 .text.cdcd_control_xfer_cb
                0x100062a4       0xe8 CMakeFiles/hello_pico.dir/home/pi/access_control_system/pico/pico-sdk/lib/tinyusb/src/class/cdc/cdc_device.c.o
                0x100062a4                cdcd_control_xfer_cb
 .text.cdcd_xfer_cb
                0x1000638c      0x100 CMakeFiles/hello_pico.dir/home/pi/access_control_system/pico/pico-sdk/lib/tinyusb/src/class/cdc/cdc_device.c.o
                0x1000638c                cdcd_xfer_cb
 .text.vendord_init
                0x1000648c       0x5c CMakeFiles/hello_pico.dir/home/pi/access_control_system/pico/pico-sdk/lib/tinyusb/src/class/vendor/vendor_device.c.o
                0x1000648c                vendord_init
 .text.vendord_deinit
                0x100064e8       0x1c CMakeFiles/hello_pico.dir/home/pi/access_control_system/pico/pico-sdk/lib/tinyusb/src/class/vendor/vendor_device.c.o
                0x100064e8                vendord_deinit
 .text.vendord_reset
                0x10006504       0x28 CMakeFiles/hello_pico.dir/home/pi/access_control_system/pico/pico-sdk/lib/tinyusb/src/class/vendor/vendor_device.c.o
                0x10006504                vendord_reset
 .text.vendord_open
                0x1000652c      0x128 CMakeFiles/hello_pico.dir/home/pi/access_control_system/pico/pico-sdk/lib/tinyusb/src/class/vendor/vendor_device.c.o
                0x1000652c                vendord_open
 .text.vendord_xfer_cb
                0x10006654       0x9c CMakeFiles/hello_pico.dir/home/pi/access_control_system/pico/pico-sdk/lib/tinyusb/src/class/vendor/vendor_device.c.o
                0x10006654                vendord_xfer_cb
 .text.tusb_rhport_init
                0x100066f0       0x48 CMakeFiles/hello_pico.dir/home/pi/access_control_system/pico/pico-sdk/lib/tinyusb/src/tusb.c.o
                0x100066f0                tusb_rhport_init
 .text.tu_edpt_claim
                0x10006738       0x50 CMakeFiles/hello_pico.dir/home/pi/access_control_system/pico/pico-sdk/lib/tinyusb/src/tusb.c.o
                0x10006738                tu_edpt_claim
 .text.tu_edpt_release
                0x10006788       0x38 CMakeFiles/hello_pico.dir/home/pi/access_control_system/pico/pico-sdk/lib/tinyusb/src/tusb.c.o
                0x10006788                tu_edpt_release
 .text.tu_edpt_validate
                0x100067c0       0x7c CMakeFiles/hello_pico.dir/home/pi/access_control_system/pico/pico-sdk/lib/tinyusb/src/tusb.c.o
                0x100067c0                tu_edpt_validate
 .text.tu_edpt_bind_driver
                0x1000683c       0x34 CMakeFiles/hello_pico.dir/home/pi/access_control_system/pico/pico-sdk/lib/tinyusb/src/tusb.c.o
                0x1000683c                tu_edpt_bind_driver
 .text.tu_edpt_stream_init
                0x10006870       0x6c CMakeFiles/hello_pico.dir/home/pi/access_control_system/pico/pico-sdk/lib/tinyusb/src/tusb.c.o
                0x10006870                tu_edpt_stream_init
 .text.tu_edpt_stream_deinit
                0x100068dc        0x4 CMakeFiles/hello_pico.dir/home/pi/access_control_system/pico/pico-sdk/lib/tinyusb/src/tusb.c.o
                0x100068dc                tu_edpt_stream_deinit
 .text.tu_edpt_stream_write_zlp_if_needed
                0x100068e0       0x68 CMakeFiles/hello_pico.dir/home/pi/access_control_system/pico/pico-sdk/lib/tinyusb/src/tusb.c.o
                0x100068e0                tu_edpt_stream_write_zlp_if_needed
 .text.tu_edpt_stream_write_xfer
                0x10006948       0x64 CMakeFiles/hello_pico.dir/home/pi/access_control_system/pico/pico-sdk/lib/tinyusb/src/tusb.c.o
                0x10006948                tu_edpt_stream_write_xfer
 .text.tu_edpt_stream_read_xfer
                0x100069ac       0xdc CMakeFiles/hello_pico.dir/home/pi/access_control_system/pico/pico-sdk/lib/tinyusb/src/tusb.c.o
                0x100069ac                tu_edpt_stream_read_xfer
 .text.tu_fifo_config
                0x10006a88       0x6c CMakeFiles/hello_pico.dir/home/pi/access_control_system/pico/pico-sdk/lib/tinyusb/src/common/tusb_fifo.c.o
                0x10006a88                tu_fifo_config
 .text.tu_fifo_count
                0x10006af4       0x2c CMakeFiles/hello_pico.dir/home/pi/access_control_system/pico/pico-sdk/lib/tinyusb/src/common/tusb_fifo.c.o
                0x10006af4                tu_fifo_count
 .text.tu_fifo_empty
                0x10006b20       0x10 CMakeFiles/hello_pico.dir/home/pi/access_control_system/pico/pico-sdk/lib/tinyusb/src/common/tusb_fifo.c.o
                0x10006b20                tu_fifo_empty
 .text.tu_fifo_remaining
                0x10006b30       0x2c CMakeFiles/hello_pico.dir/home/pi/access_control_system/pico/pico-sdk/lib/tinyusb/src/common/tusb_fifo.c.o
                0x10006b30                tu_fifo_remaining
 .text.tu_fifo_read
                0x10006b5c       0x9c CMakeFiles/hello_pico.dir/home/pi/access_control_system/pico/pico-sdk/lib/tinyusb/src/common/tusb_fifo.c.o
                0x10006b5c                tu_fifo_read
 .text.tu_fifo_read_n
                0x10006bf8       0xe8 CMakeFiles/hello_pico.dir/home/pi/access_control_system/pico/pico-sdk/lib/tinyusb/src/common/tusb_fifo.c.o
                0x10006bf8                tu_fifo_read_n
 .text.tu_fifo_write
                0x10006ce0       0x88 CMakeFiles/hello_pico.dir/home/pi/access_control_system/pico/pico-sdk/lib/tinyusb/src/common/tusb_fifo.c.o
                0x10006ce0                tu_fifo_write
 .text.tu_fifo_write_n
                0x10006d68      0x170 CMakeFiles/hello_pico.dir/home/pi/access_control_system/pico/pico-sdk/lib/tinyusb/src/common/tusb_fifo.c.o
                0x10006d68                tu_fifo_write_n
 .text.tu_fifo_clear
                0x10006ed8       0x40 CMakeFiles/hello_pico.dir/home/pi/access_control_system/pico/pico-sdk/lib/tinyusb/src/common/tusb_fifo.c.o
                0x10006ed8                tu_fifo_clear
 .text.tu_fifo_set_overwritable
                0x10006f18       0x48 CMakeFiles/hello_pico.dir/home/pi/access_control_system/pico/pico-sdk/lib/tinyusb/src/common/tusb_fifo.c.o
                0x10006f18                tu_fifo_set_overwritable
 .text.pio_add_program
                0x10006f60      0x104 CMakeFiles/hello_pico.dir/home/pi/access_control_system/pico/pico-sdk/src/rp2_common/hardware_pio/pio.c.o
                0x10006f60                pio_add_program
 .text.pio_sm_set_consecutive_pindirs
                0x10007064       0xb4 CMakeFiles/hello_pico.dir/home/pi/access_control_system/pico/pico-sdk/src/rp2_common/hardware_pio/pio.c.o
                0x10007064                pio_sm_set_consecutive_pindirs
 .text.pio_sm_init
                0x10007118       0x9c CMakeFiles/hello_pico.dir/home/pi/access_control_system/pico/pico-sdk/src/rp2_common/hardware_pio/pio.c.o
                0x10007118                pio_sm_init
 .text          0x100071b4       0x44 /usr/lib/gcc/arm-none-eabi/12.2.1/../../../arm-none-eabi/lib/thumb/v6-m/nofp/libg.a(lib_a-memcmp.o)
                0x100071b4                memcmp
 .text          0x100071f8       0x5c /usr/lib/gcc/arm-none-eabi/12.2.1/../../../arm-none-eabi/lib/thumb/v6-m/nofp/libg.a(lib_a-strlen-stub.o)
                0x100071f8                strlen
 .text          0x10007254      0x440 /usr/lib/gcc/arm-none-eabi/12.2.1/../../../arm-none-eabi/lib/thumb/v6-m/nofp/libg.a(lib_a-strstr.o)
                0x10007518                strstr
 .text          0x10007694       0xc0 /usr/lib/gcc/arm-none-eabi/12.2.1/../../../arm-none-eabi/lib/thumb/v6-m/nofp/libg.a(lib_a-strchr.o)
                0x10007694                strchr
 .text          0x10007754       0x24 /usr/lib/gcc/arm-none-eabi/12.2.1/../../../arm-none-eabi/lib/thumb/v6-m/nofp/libg.a(lib_a-strnlen.o)
                0x10007754                strnlen
 *(.fini)
 .fini          0x10007778        0x4 /usr/lib/gcc/arm-none-eabi/12.2.1/thumb/v6-m/nofp/crti.o
                0x10007778                _fini
 *fill*         0x1000777c        0x4 
 .fini.__stub   0x10007780       0xc0 linker stubs
 *crtbegin.o(.ctors)
 *crtbegin?.o(.ctors)
 *(EXCLUDE_FILE(*crtend.o *crtend?.o) .ctors)
 *(SORT_BY_NAME(.ctors.*))
 *(.ctors)
 *crtbegin.o(.dtors)
 *crtbegin?.o(.dtors)
 *(EXCLUDE_FILE(*crtend.o *crtend?.o) .dtors)
 *(SORT_BY_NAME(.dtors.*))
 *(.dtors)
                0x10007840                        . = ALIGN (0x4)
                0x10007840                        PROVIDE (__preinit_array_start = .)
 *(SORT_BY_NAME(.preinit_array.*))
 .preinit_array.00100
                0x10007840        0x4 CMakeFiles/hello_pico.dir/home/pi/access_control_system/pico/pico-sdk/src/rp2_common/pico_runtime_init/runtime_init.c.o
                0x10007840                __pre_init_runtime_init_early_resets
 .preinit_array.00101
                0x10007844        0x4 CMakeFiles/hello_pico.dir/home/pi/access_control_system/pico/pico-sdk/src/rp2_common/pico_runtime_init/runtime_init.c.o
                0x10007844                __pre_init_runtime_init_usb_power_down
 .preinit_array.00275
                0x10007848        0x4 CMakeFiles/hello_pico.dir/home/pi/access_control_system/pico/pico-sdk/src/rp2_common/pico_bit_ops/bit_ops_aeabi.S.o
 .preinit_array.00300
                0x1000784c        0x4 CMakeFiles/hello_pico.dir/home/pi/access_control_system/pico/pico-sdk/src/rp2_common/pico_mem_ops/mem_ops_aeabi.S.o
 .preinit_array.00350
                0x10007850        0x4 CMakeFiles/hello_pico.dir/home/pi/access_control_system/pico/pico-sdk/src/rp2_common/pico_double/double_aeabi_rp2040.S.o
 .preinit_array.00350
                0x10007854        0x4 CMakeFiles/hello_pico.dir/home/pi/access_control_system/pico/pico-sdk/src/rp2_common/pico_float/float_aeabi_rp2040.S.o
 .preinit_array.00500
                0x10007858        0x4 CMakeFiles/hello_pico.dir/home/pi/access_control_system/pico/pico-sdk/src/rp2_common/pico_runtime_init/runtime_init.c.o
                0x10007858                __pre_init_runtime_init_clocks
 .preinit_array.00600
                0x1000785c        0x4 CMakeFiles/hello_pico.dir/home/pi/access_control_system/pico/pico-sdk/src/rp2_common/pico_runtime_init/runtime_init.c.o
                0x1000785c                __pre_init_runtime_init_post_clock_resets
 .preinit_array.00700
                0x10007860        0x4 CMakeFiles/hello_pico.dir/home/pi/access_control_system/pico/pico-sdk/src/rp2_common/pico_runtime_init/runtime_init.c.o
                0x10007860                __pre_init_runtime_init_rp2040_gpio_ie_disable
 .preinit_array.01000
                0x10007864        0x4 CMakeFiles/hello_pico.dir/home/pi/access_control_system/pico/pico-sdk/src/rp2_common/pico_runtime_init/runtime_init.c.o
                0x10007864                __pre_init_runtime_init_spin_locks_reset
 .preinit_array.01100
                0x10007868        0x4 CMakeFiles/hello_pico.dir/home/pi/access_control_system/pico/pico-sdk/src/common/pico_sync/mutex.c.o
                0x10007868                __pre_init_runtime_init_mutex
 .preinit_array.10080
                0x1000786c        0x4 CMakeFiles/hello_pico.dir/home/pi/access_control_system/pico/pico-sdk/src/rp2_common/pico_runtime_init/runtime_init.c.o
                0x1000786c                __pre_init_runtime_init_install_ram_vector_table
 .preinit_array.11000
                0x10007870        0x4 CMakeFiles/hello_pico.dir/home/pi/access_control_system/pico/pico-sdk/src/common/pico_time/time.c.o
                0x10007870                __pre_init_runtime_init_default_alarm_pool
 .preinit_array.YYYYY
                0x10007874        0x4 CMakeFiles/hello_pico.dir/home/pi/access_control_system/pico/pico-sdk/src/rp2_common/pico_runtime/runtime.c.o
                0x10007874                __pre_init_first_per_core_initializer
 .preinit_array.ZZZZZ.01200
                0x10007878        0x4 CMakeFiles/hello_pico.dir/home/pi/access_control_system/pico/pico-sdk/src/rp2_common/hardware_irq/irq.c.o
                0x10007878                __pre_init_runtime_init_per_core_irq_priorities
 *(.preinit_array)
                0x1000787c                        PROVIDE (__preinit_array_end = .)
                0x1000787c                        . = ALIGN (0x4)
                0x1000787c                        PROVIDE (__init_array_start = .)
 *(SORT_BY_NAME(.init_array.*))
 .init_array.01000
                0x1000787c        0x4 CMakeFiles/hello_pico.dir/home/pi/access_control_system/pico/pico-sdk/src/rp2_common/pico_unique_id/unique_id.c.o
 *(.init_array)
 .init_array    0x10007880        0x4 /usr/lib/gcc/arm-none-eabi/12.2.1/thumb/v6-m/nofp/crtbegin.o
                0x10007884                        PROVIDE (__init_array_end = .)
                0x10007884                        . = ALIGN (0x4)
                0x10007884                        PROVIDE (__fini_array_start = .)
 *(SORT_BY_NAME(.fini_array.*))
 *(.fini_array)
                0x10007884                        PROVIDE (__fini_array_end = .)
 *(.eh_frame*)
 .eh_frame      0x10007884        0x0 /usr/lib/gcc/arm-none-eabi/12.2.1/thumb/v6-m/nofp/crtbegin.o
                0x10007884                        . = ALIGN (0x4)

.glue_7         0x10007884        0x0
 .glue_7        0x10007884        0x0 linker stubs

.glue_7t        0x10007884        0x0
 .glue_7t       0x10007884        0x0 linker stubs

.vfp11_veneer   0x10007884        0x0
 .vfp11_veneer  0x10007884        0x0 linker stubs

.v4_bx          0x10007884        0x0
 .v4_bx         0x10007884        0x0 linker stubs

.iplt           0x10007884        0x0
 .iplt          0x10007884        0x0 /usr/lib/gcc/arm-none-eabi/12.2.1/thumb/v6-m/nofp/crtbegin.o

.rodata         0x10007888      0x678
 *(EXCLUDE_FILE(*libm.a: *libc.a:*lib_a-mem*.o *libgcc.a:) .rodata*)
 .rodata.uart_read_nonblock.str1.4
                0x10007888       0x39 CMakeFiles/hello_pico.dir/main.c.o
 *fill*         0x100078c1        0x3 
 .rodata.main.str1.4
                0x100078c4       0x14 CMakeFiles/hello_pico.dir/main.c.o
 .rodata.ws2812_program
                0x100078d8        0x8 CMakeFiles/hello_pico.dir/drivers/ws2812/ws2812.c.o
 .rodata.ws2812_program_instructions
                0x100078e0        0x8 CMakeFiles/hello_pico.dir/drivers/ws2812/ws2812.c.o
 .rodata.panic.str1.4
                0x100078e8       0x12 CMakeFiles/hello_pico.dir/home/pi/access_control_system/pico/pico-sdk/src/rp2_common/pico_platform_panic/panic.c.o
 *fill*         0x100078fa        0x2 
 .rodata.spin_lock_claim_unused.str1.4
                0x100078fc       0x1b CMakeFiles/hello_pico.dir/home/pi/access_control_system/pico/pico-sdk/src/rp2_common/hardware_sync/sync.c.o
 *fill*         0x10007917        0x1 
 .rodata.user_irq_claim_unused.str1.4
                0x10007918       0x1b CMakeFiles/hello_pico.dir/home/pi/access_control_system/pico/pico-sdk/src/rp2_common/hardware_irq/irq.c.o
 *fill*         0x10007933        0x1 
 .rodata.timer_hardware_alarm_claim.str1.4
                0x10007934       0x22 CMakeFiles/hello_pico.dir/home/pi/access_control_system/pico/pico-sdk/src/rp2_common/hardware_timer/timer.c.o
 *fill*         0x10007956        0x2 
 .rodata.hard_assertion_failure.str1.4
                0x10007958        0xc CMakeFiles/hello_pico.dir/home/pi/access_control_system/pico/pico-sdk/src/rp2_common/pico_runtime/runtime.c.o
 .rodata.str1.4
                0x10007964       0x40 CMakeFiles/hello_pico.dir/home/pi/access_control_system/pico/pico-sdk/src/rp2_common/pico_standard_binary_info/standard_binary_info.c.o
 .rodata.__bi_84
                0x100079a4        0xc CMakeFiles/hello_pico.dir/home/pi/access_control_system/pico/pico-sdk/src/rp2_common/pico_standard_binary_info/standard_binary_info.c.o
 .rodata.__bi_78
                0x100079b0        0xc CMakeFiles/hello_pico.dir/home/pi/access_control_system/pico/pico-sdk/src/rp2_common/pico_standard_binary_info/standard_binary_info.c.o
 .rodata.__bi_54
                0x100079bc        0xc CMakeFiles/hello_pico.dir/home/pi/access_control_system/pico/pico-sdk/src/rp2_common/pico_standard_binary_info/standard_binary_info.c.o
 .rodata.__bi_48
                0x100079c8        0xc CMakeFiles/hello_pico.dir/home/pi/access_control_system/pico/pico-sdk/src/rp2_common/pico_standard_binary_info/standard_binary_info.c.o
 .rodata.__bi_42
                0x100079d4        0xc CMakeFiles/hello_pico.dir/home/pi/access_control_system/pico/pico-sdk/src/rp2_common/pico_standard_binary_info/standard_binary_info.c.o
 .rodata.__bi_34
                0x100079e0        0xc CMakeFiles/hello_pico.dir/home/pi/access_control_system/pico/pico-sdk/src/rp2_common/pico_standard_binary_info/standard_binary_info.c.o
 .rodata.__bi_26
                0x100079ec        0xc CMakeFiles/hello_pico.dir/home/pi/access_control_system/pico/pico-sdk/src/rp2_common/pico_standard_binary_info/standard_binary_info.c.o
 .rodata._ftoa.str1.4
                0x100079f8       0x15 CMakeFiles/hello_pico.dir/home/pi/access_control_system/pico/pico-sdk/src/rp2_common/pico_printf/printf.c.o
 *fill*         0x10007a0d        0x3 
 .rodata._vsnprintf
                0x10007a10      0x19c CMakeFiles/hello_pico.dir/home/pi/access_control_system/pico/pico-sdk/src/rp2_common/pico_printf/printf.c.o
 *fill*         0x10007bac        0x4 
 .rodata.pow10.0
                0x10007bb0       0x50 CMakeFiles/hello_pico.dir/home/pi/access_control_system/pico/pico-sdk/src/rp2_common/pico_printf/printf.c.o
 .rodata.crlf_str.0
                0x10007c00        0x2 CMakeFiles/hello_pico.dir/home/pi/access_control_system/pico/pico-sdk/src/rp2_common/pico_stdio/stdio.c.o
 *fill*         0x10007c02        0x2 
 .rodata._resetd_driver
                0x10007c04       0x20 CMakeFiles/hello_pico.dir/home/pi/access_control_system/pico/pico-sdk/src/rp2_common/pico_stdio_usb/reset_interface.c.o
 .rodata.desc_ms_os_20
                0x10007c24       0xa6 CMakeFiles/hello_pico.dir/home/pi/access_control_system/pico/pico-sdk/src/rp2_common/pico_stdio_usb/reset_interface.c.o
 *fill*         0x10007cca        0x2 
 .rodata.desc_bos
                0x10007ccc       0x21 CMakeFiles/hello_pico.dir/home/pi/access_control_system/pico/pico-sdk/src/rp2_common/pico_stdio_usb/reset_interface.c.o
                0x10007ccc                desc_bos
 *fill*         0x10007ced        0x3 
 .rodata.str1.4
                0x10007cf0       0x13 CMakeFiles/hello_pico.dir/home/pi/access_control_system/pico/pico-sdk/src/rp2_common/pico_stdio_usb/stdio_usb.c.o
 *fill*         0x10007d03        0x1 
 .rodata.__bi_202.0
                0x10007d04        0xc CMakeFiles/hello_pico.dir/home/pi/access_control_system/pico/pico-sdk/src/rp2_common/pico_stdio_usb/stdio_usb.c.o
 .rodata.str1.4
                0x10007d10       0x2a CMakeFiles/hello_pico.dir/home/pi/access_control_system/pico/pico-sdk/src/rp2_common/pico_stdio_usb/stdio_usb_descriptors.c.o
 *fill*         0x10007d3a        0x2 
 .rodata.usbd_desc_str
                0x10007d3c       0x18 CMakeFiles/hello_pico.dir/home/pi/access_control_system/pico/pico-sdk/src/rp2_common/pico_stdio_usb/stdio_usb_descriptors.c.o
 .rodata.usbd_desc_cfg
                0x10007d54       0x54 CMakeFiles/hello_pico.dir/home/pi/access_control_system/pico/pico-sdk/src/rp2_common/pico_stdio_usb/stdio_usb_descriptors.c.o
 .rodata.usbd_desc_device
                0x10007da8       0x12 CMakeFiles/hello_pico.dir/home/pi/access_control_system/pico/pico-sdk/src/rp2_common/pico_stdio_usb/stdio_usb_descriptors.c.o
 *fill*         0x10007dba        0x2 
 .rodata.str1.4
                0x10007dbc       0x14 CMakeFiles/hello_pico.dir/home/pi/access_control_system/pico/pico-sdk/lib/tinyusb/src/portable/raspberrypi/rp2040/dcd_rp2040.c.o
 .rodata.str1.4
                0x10007dd0       0x48 CMakeFiles/hello_pico.dir/home/pi/access_control_system/pico/pico-sdk/lib/tinyusb/src/portable/raspberrypi/rp2040/rp2040_usb.c.o
 .rodata.tud_task_ext
                0x10007e18       0x8c CMakeFiles/hello_pico.dir/home/pi/access_control_system/pico/pico-sdk/lib/tinyusb/src/device/usbd.c.o
 .rodata        0x10007ea4       0x1c CMakeFiles/hello_pico.dir/home/pi/access_control_system/pico/pico-sdk/lib/tinyusb/src/device/usbd.c.o
 .rodata._usbd_driver
                0x10007ec0       0x40 CMakeFiles/hello_pico.dir/home/pi/access_control_system/pico/pico-sdk/lib/tinyusb/src/device/usbd.c.o
                0x10007f00                        . = ALIGN (0x4)
 *(SORT_BY_ALIGNMENT(SORT_BY_NAME(.flashdata*)))
                0x10007f00                        . = ALIGN (0x4)

.ARM.extab
 *(.ARM.extab* .gnu.linkonce.armextab.*)
                0x10007f00                        __exidx_start = .

.ARM.exidx
 *(.ARM.exidx* .gnu.linkonce.armexidx.*)
                0x10007f00                        __exidx_end = .
                0x10007f00                        . = ALIGN (0x4)
                0x10007f00                        __binary_info_start = .

.binary_info    0x10007f00       0x20
 *(.binary_info.keep.*)
 .binary_info.keep.__bi_ptr84
                0x10007f00        0x4 CMakeFiles/hello_pico.dir/home/pi/access_control_system/pico/pico-sdk/src/rp2_common/pico_standard_binary_info/standard_binary_info.c.o
 .binary_info.keep.__bi_ptr78
                0x10007f04        0x4 CMakeFiles/hello_pico.dir/home/pi/access_control_system/pico/pico-sdk/src/rp2_common/pico_standard_binary_info/standard_binary_info.c.o
 .binary_info.keep.__bi_ptr54
                0x10007f08        0x4 CMakeFiles/hello_pico.dir/home/pi/access_control_system/pico/pico-sdk/src/rp2_common/pico_standard_binary_info/standard_binary_info.c.o
 .binary_info.keep.__bi_ptr48
                0x10007f0c        0x4 CMakeFiles/hello_pico.dir/home/pi/access_control_system/pico/pico-sdk/src/rp2_common/pico_standard_binary_info/standard_binary_info.c.o
 .binary_info.keep.__bi_ptr42
                0x10007f10        0x4 CMakeFiles/hello_pico.dir/home/pi/access_control_system/pico/pico-sdk/src/rp2_common/pico_standard_binary_info/standard_binary_info.c.o
 .binary_info.keep.__bi_ptr34
                0x10007f14        0x4 CMakeFiles/hello_pico.dir/home/pi/access_control_system/pico/pico-sdk/src/rp2_common/pico_standard_binary_info/standard_binary_info.c.o
 .binary_info.keep.__bi_ptr26
                0x10007f18        0x4 CMakeFiles/hello_pico.dir/home/pi/access_control_system/pico/pico-sdk/src/rp2_common/pico_standard_binary_info/standard_binary_info.c.o
 *(.binary_info.*)
 .binary_info.__bi_ptr202
                0x10007f1c        0x4 CMakeFiles/hello_pico.dir/home/pi/access_control_system/pico/pico-sdk/src/rp2_common/pico_stdio_usb/stdio_usb.c.o
                0x10007f20                        __binary_info_end = .
                0x10007f20                        . = ALIGN (0x4)

.ram_vector_table
                0x20000000       0xc0
 *(.ram_vector_table)
 .ram_vector_table
                0x20000000       0xc0 CMakeFiles/hello_pico.dir/home/pi/access_control_system/pico/pico-sdk/src/rp2_common/pico_runtime_init/runtime_init.c.o
                0x20000000                ram_vector_table

.uninitialized_data
                0x200000c0        0x0
                0x200000c0                        . = ALIGN (0x4)
 *(.uninitialized_data*)

.data           0x200000c0      0xfb0 load address 0x10007f20
                0x200000c0                        __data_start__ = .
 *(vtable)
 *(.time_critical*)
 .time_critical.mutex_try_enter
                0x200000c0       0x40 CMakeFiles/hello_pico.dir/home/pi/access_control_system/pico/pico-sdk/src/common/pico_sync/mutex.c.o
                0x200000c0                mutex_try_enter
 .time_critical.mutex_try_enter_block_until
                0x20000100       0x9c CMakeFiles/hello_pico.dir/home/pi/access_control_system/pico/pico-sdk/src/common/pico_sync/mutex.c.o
                0x20000100                mutex_try_enter_block_until
 .time_critical.mutex_enter_timeout_ms
                0x2000019c       0x90 CMakeFiles/hello_pico.dir/home/pi/access_control_system/pico/pico-sdk/src/common/pico_sync/mutex.c.o
                0x2000019c                mutex_enter_timeout_ms
 .time_critical.mutex_exit
                0x2000022c       0x28 CMakeFiles/hello_pico.dir/home/pi/access_control_system/pico/pico-sdk/src/common/pico_sync/mutex.c.o
                0x2000022c                mutex_exit
 .time_critical.flash_init_boot2_copyout
                0x20000254       0x30 CMakeFiles/hello_pico.dir/home/pi/access_control_system/pico/pico-sdk/src/rp2_common/hardware_flash/flash.c.o
 .time_critical.flash_enable_xip_via_boot2
                0x20000284        0xc CMakeFiles/hello_pico.dir/home/pi/access_control_system/pico/pico-sdk/src/rp2_common/hardware_flash/flash.c.o
 .time_critical.flash_save_hardware_state
                0x20000290       0x20 CMakeFiles/hello_pico.dir/home/pi/access_control_system/pico/pico-sdk/src/rp2_common/hardware_flash/flash.c.o
 .time_critical.flash_restore_hardware_state
                0x200002b0       0x20 CMakeFiles/hello_pico.dir/home/pi/access_control_system/pico/pico-sdk/src/rp2_common/hardware_flash/flash.c.o
 .time_critical.flash_cs_force
                0x200002d0       0x38 CMakeFiles/hello_pico.dir/home/pi/access_control_system/pico/pico-sdk/src/rp2_common/hardware_flash/flash.c.o
 .time_critical.flash_do_cmd
                0x20000308       0xd0 CMakeFiles/hello_pico.dir/home/pi/access_control_system/pico/pico-sdk/src/rp2_common/hardware_flash/flash.c.o
                0x20000308                flash_do_cmd
 .time_critical.reset_non_control_endpoints
                0x200003d8       0x68 CMakeFiles/hello_pico.dir/home/pi/access_control_system/pico/pico-sdk/lib/tinyusb/src/portable/raspberrypi/rp2040/dcd_rp2040.c.o
 .time_critical.hw_handle_buff_status
                0x20000440       0x98 CMakeFiles/hello_pico.dir/home/pi/access_control_system/pico/pico-sdk/lib/tinyusb/src/portable/raspberrypi/rp2040/dcd_rp2040.c.o
 .time_critical.dcd_rp2040_irq
                0x200004d8      0x550 CMakeFiles/hello_pico.dir/home/pi/access_control_system/pico/pico-sdk/lib/tinyusb/src/portable/raspberrypi/rp2040/dcd_rp2040.c.o
 .time_critical.prepare_ep_buffer
                0x20000a28       0xe0 CMakeFiles/hello_pico.dir/home/pi/access_control_system/pico/pico-sdk/lib/tinyusb/src/portable/raspberrypi/rp2040/rp2040_usb.c.o
 .time_critical.sync_ep_buffer
                0x20000b08       0xa8 CMakeFiles/hello_pico.dir/home/pi/access_control_system/pico/pico-sdk/lib/tinyusb/src/portable/raspberrypi/rp2040/rp2040_usb.c.o
 .time_critical._hw_endpoint_xfer_sync
                0x20000bb0       0x28 CMakeFiles/hello_pico.dir/home/pi/access_control_system/pico/pico-sdk/lib/tinyusb/src/portable/raspberrypi/rp2040/rp2040_usb.c.o
 .time_critical.e15_is_bulkin_ep
                0x20000bd8       0x28 CMakeFiles/hello_pico.dir/home/pi/access_control_system/pico/pico-sdk/lib/tinyusb/src/portable/raspberrypi/rp2040/rp2040_usb.c.o
 .time_critical.e15_is_critical_frame_period
                0x20000c00       0x34 CMakeFiles/hello_pico.dir/home/pi/access_control_system/pico/pico-sdk/lib/tinyusb/src/portable/raspberrypi/rp2040/rp2040_usb.c.o
 .time_critical.hw_endpoint_reset_transfer
                0x20000c34        0xc CMakeFiles/hello_pico.dir/home/pi/access_control_system/pico/pico-sdk/lib/tinyusb/src/portable/raspberrypi/rp2040/rp2040_usb.c.o
                0x20000c34                hw_endpoint_reset_transfer
 .time_critical._hw_endpoint_buffer_control_update32
                0x20000c40       0x50 CMakeFiles/hello_pico.dir/home/pi/access_control_system/pico/pico-sdk/lib/tinyusb/src/portable/raspberrypi/rp2040/rp2040_usb.c.o
                0x20000c40                _hw_endpoint_buffer_control_update32
 .time_critical.hw_endpoint_start_next_buffer
                0x20000c90       0x6c CMakeFiles/hello_pico.dir/home/pi/access_control_system/pico/pico-sdk/lib/tinyusb/src/portable/raspberrypi/rp2040/rp2040_usb.c.o
                0x20000c90                hw_endpoint_start_next_buffer
 .time_critical.hw_endpoint_xfer_continue
                0x20000cfc       0x40 CMakeFiles/hello_pico.dir/home/pi/access_control_system/pico/pico-sdk/lib/tinyusb/src/portable/raspberrypi/rp2040/rp2040_usb.c.o
                0x20000cfc                hw_endpoint_xfer_continue
 .time_critical.tinyusb
                0x20000d3c      0x1e4 CMakeFiles/hello_pico.dir/home/pi/access_control_system/pico/pico-sdk/lib/tinyusb/src/device/usbd.c.o
                0x20000d3c                dcd_event_handler
 *(.text*)
 .text          0x20000f20        0x4 /usr/lib/gcc/arm-none-eabi/12.2.1/thumb/v6-m/nofp/libgcc.a(_dvmd_tls.o)
                0x20000f20                __aeabi_ldiv0
                0x20000f20                __aeabi_idiv0
 *fill*         0x20000f24        0x4 
 .text.__stub   0x20000f28       0x80 linker stubs
                0x20000fa8                        . = ALIGN (0x4)
 *(.rodata*)
                0x20000fa8                        . = ALIGN (0x4)
 *(.data*)
 .data.striped_spin_lock_num
                0x20000fa8        0x1 CMakeFiles/hello_pico.dir/home/pi/access_control_system/pico/pico-sdk/src/rp2_common/hardware_sync/sync.c.o
 *fill*         0x20000fa9        0x3 
 .data          0x20000fac       0x48 CMakeFiles/hello_pico.dir/home/pi/access_control_system/pico/pico-sdk/src/rp2_common/hardware_irq/irq_handler_chain.S.o
                0x20000fac                irq_handler_chain_slots
                0x20000fdc                irq_handler_chain_first_slot
                0x20000fe6                irq_handler_chain_remove_tail
 .data.default_alarm_pool
                0x20000ff4       0x18 CMakeFiles/hello_pico.dir/home/pi/access_control_system/pico/pico-sdk/src/common/pico_time/time.c.o
 *fill*         0x2000100c        0x4 
 .data.aeabi_bits_funcs
                0x20001010       0x10 CMakeFiles/hello_pico.dir/home/pi/access_control_system/pico/pico-sdk/src/rp2_common/pico_bit_ops/bit_ops_aeabi.S.o
                0x20001010                aeabi_bits_funcs
                0x20001020                aeabi_bits_funcs_end
 .data.aeabi_mem_funcs
                0x20001020       0x10 CMakeFiles/hello_pico.dir/home/pi/access_control_system/pico/pico-sdk/src/rp2_common/pico_mem_ops/mem_ops_aeabi.S.o
                0x20001020                aeabi_mem_funcs
                0x20001030                aeabi_mem_funcs_end
 .data.stdio_usb
                0x20001030       0x18 CMakeFiles/hello_pico.dir/home/pi/access_control_system/pico/pico-sdk/src/rp2_common/pico_stdio_usb/stdio_usb.c.o
                0x20001030                stdio_usb
 .data._usbd_qdef
                0x20001048       0x1c CMakeFiles/hello_pico.dir/home/pi/access_control_system/pico/pico-sdk/lib/tinyusb/src/device/usbd.c.o
                0x20001048                _usbd_qdef
 .data._usbd_rhport
                0x20001064        0x1 CMakeFiles/hello_pico.dir/home/pi/access_control_system/pico/pico-sdk/lib/tinyusb/src/device/usbd.c.o
                0x20001068                        . = ALIGN (0x4)
 *fill*         0x20001065        0x3 
 *(.after_data.*)
                0x20001068                        . = ALIGN (0x4)
                0x20001068                        PROVIDE (__mutex_array_start = .)
 *(SORT_BY_NAME(.mutex_array.*))
 *(.mutex_array)
 .mutex_array   0x20001068        0x8 CMakeFiles/hello_pico.dir/home/pi/access_control_system/pico/pico-sdk/src/rp2_common/pico_stdio/stdio.c.o
                0x20001070                        PROVIDE (__mutex_array_end = .)
                0x20001070                        . = ALIGN (0x4)
 *(.jcr)
                0x20001070                        . = ALIGN (0x4)

.tm_clone_table
                0x20001070        0x0 load address 0x10008ed0
 .tm_clone_table
                0x20001070        0x0 /usr/lib/gcc/arm-none-eabi/12.2.1/thumb/v6-m/nofp/crtbegin.o
 .tm_clone_table
                0x20001070        0x0 /usr/lib/gcc/arm-none-eabi/12.2.1/thumb/v6-m/nofp/crtend.o

.igot.plt       0x20001070        0x0 load address 0x10008ed0
 .igot.plt      0x20001070        0x0 /usr/lib/gcc/arm-none-eabi/12.2.1/thumb/v6-m/nofp/crtbegin.o

.tdata          0x20001070        0x0 load address 0x10008ed0
                0x20001070                        . = ALIGN (0x4)
 *(.tdata .tdata.* .gnu.linkonce.td.*)
                0x20001070                        __tdata_end = .
                0x20001070                        PROVIDE (__data_end__ = .)
                0x10007f20                        __etext = LOADADDR (.data)

.tbss           0x20001070        0x0 load address 0x10008ed0
                0x20001070                        . = ALIGN (0x4)
                0x20001070                        __bss_start__ = .
                0x20001070                        __tls_base = .
 *(.tbss .tbss.* .gnu.linkonce.tb.*)
 *(.tcommon)
                0x20001070                        __tls_end = .

.bss            0x20001070      0xfa0 load address 0x10008ed0
                0x20001070                        . = ALIGN (0x4)
                0x20001070                        __tbss_end = .
 *(SORT_BY_ALIGNMENT(SORT_BY_NAME(.bss*)))
 .bss.default_alarm_pool_entries
                0x20001070      0x180 CMakeFiles/hello_pico.dir/home/pi/access_control_system/pico/pico-sdk/src/common/pico_time/time.c.o
 .bss.last_avail_time.1
                0x200011f0        0x8 CMakeFiles/hello_pico.dir/home/pi/access_control_system/pico/pico-sdk/src/rp2_common/pico_stdio_usb/stdio_usb.c.o
 .bss.sd_table  0x200011f8      0x100 CMakeFiles/hello_pico.dir/home/pi/access_control_system/pico/pico-sdk/src/rp2_common/pico_double/double_init_rom_rp2040.c.o
                0x200011f8                sd_table
 .bss.sf_table  0x200012f8      0x100 CMakeFiles/hello_pico.dir/home/pi/access_control_system/pico/pico-sdk/src/rp2_common/pico_float/float_init_rom_rp2040.c.o
                0x200012f8                sf_table
 .bss           0x200013f8       0x1c /usr/lib/gcc/arm-none-eabi/12.2.1/thumb/v6-m/nofp/crtbegin.o
 .bss._app_driver
                0x20001414        0x4 CMakeFiles/hello_pico.dir/home/pi/access_control_system/pico/pico-sdk/lib/tinyusb/src/device/usbd.c.o
 .bss._cdcd_epbuf
                0x20001418       0x80 CMakeFiles/hello_pico.dir/home/pi/access_control_system/pico/pico-sdk/lib/tinyusb/src/class/cdc/cdc_device.c.o
 .bss._cdcd_fifo_cfg
                0x20001498        0x1 CMakeFiles/hello_pico.dir/home/pi/access_control_system/pico/pico-sdk/lib/tinyusb/src/class/cdc/cdc_device.c.o
 *fill*         0x20001499        0x3 
 .bss._cdcd_itf
                0x2000149c       0xc8 CMakeFiles/hello_pico.dir/home/pi/access_control_system/pico/pico-sdk/lib/tinyusb/src/class/cdc/cdc_device.c.o
 .bss._ctrl_epbuf
                0x20001564       0x40 CMakeFiles/hello_pico.dir/home/pi/access_control_system/pico/pico-sdk/lib/tinyusb/src/device/usbd_control.c.o
 .bss._ctrl_xfer
                0x200015a4       0x14 CMakeFiles/hello_pico.dir/home/pi/access_control_system/pico/pico-sdk/lib/tinyusb/src/device/usbd_control.c.o
 .bss._tusb_rhport_role
                0x200015b8        0x2 CMakeFiles/hello_pico.dir/home/pi/access_control_system/pico/pico-sdk/lib/tinyusb/src/tusb.c.o
                0x200015b8                _tusb_rhport_role
 *fill*         0x200015ba        0x2 
 .bss._ubsd_mutexdef
                0x200015bc        0x8 CMakeFiles/hello_pico.dir/home/pi/access_control_system/pico/pico-sdk/lib/tinyusb/src/device/usbd.c.o
 .bss._usbd_dev
                0x200015c4       0x54 CMakeFiles/hello_pico.dir/home/pi/access_control_system/pico/pico-sdk/lib/tinyusb/src/device/usbd.c.o
 .bss._usbd_mutex
                0x20001618        0x4 CMakeFiles/hello_pico.dir/home/pi/access_control_system/pico/pico-sdk/lib/tinyusb/src/device/usbd.c.o
 .bss._usbd_q   0x2000161c        0x4 CMakeFiles/hello_pico.dir/home/pi/access_control_system/pico/pico-sdk/lib/tinyusb/src/device/usbd.c.o
 .bss._usbd_qdef_buf
                0x20001620       0xc0 CMakeFiles/hello_pico.dir/home/pi/access_control_system/pico/pico-sdk/lib/tinyusb/src/device/usbd.c.o
                0x20001620                _usbd_qdef_buf
 .bss._used_instruction_space
                0x200016e0        0x8 CMakeFiles/hello_pico.dir/home/pi/access_control_system/pico/pico-sdk/src/rp2_common/hardware_pio/pio.c.o
 .bss._vendord_epbuf
                0x200016e8       0x80 CMakeFiles/hello_pico.dir/home/pi/access_control_system/pico/pico-sdk/lib/tinyusb/src/class/vendor/vendor_device.c.o
 .bss._vendord_itf
                0x20001768      0x24c CMakeFiles/hello_pico.dir/home/pi/access_control_system/pico/pico-sdk/lib/tinyusb/src/class/vendor/vendor_device.c.o
 .bss.boot2_copyout
                0x200019b4      0x100 CMakeFiles/hello_pico.dir/home/pi/access_control_system/pico/pico-sdk/src/rp2_common/hardware_flash/flash.c.o
 .bss.buzzer_pin
                0x20001ab4        0x4 CMakeFiles/hello_pico.dir/drivers/buzzer/buzzer.c.o
 .bss.chars_available_callback
                0x20001ab8        0x4 CMakeFiles/hello_pico.dir/home/pi/access_control_system/pico/pico-sdk/src/rp2_common/pico_stdio_usb/stdio_usb.c.o
 .bss.chars_available_param
                0x20001abc        0x4 CMakeFiles/hello_pico.dir/home/pi/access_control_system/pico/pico-sdk/src/rp2_common/pico_stdio_usb/stdio_usb.c.o
 .bss.claimed   0x20001ac0        0x4 CMakeFiles/hello_pico.dir/home/pi/access_control_system/pico/pico-sdk/src/rp2_common/hardware_sync/sync.c.o
 .bss.claimed   0x20001ac4        0x1 CMakeFiles/hello_pico.dir/home/pi/access_control_system/pico/pico-sdk/src/rp2_common/hardware_timer/timer.c.o
 *fill*         0x20001ac5        0x3 
 .bss.configured_freq
                0x20001ac8       0x28 CMakeFiles/hello_pico.dir/home/pi/access_control_system/pico/pico-sdk/src/rp2_common/hardware_clocks/clocks.c.o
 .bss.desc_str.0
                0x20001af0       0x28 CMakeFiles/hello_pico.dir/home/pi/access_control_system/pico/pico-sdk/src/rp2_common/pico_stdio_usb/stdio_usb_descriptors.c.o
 .bss.drivers   0x20001b18        0x4 CMakeFiles/hello_pico.dir/home/pi/access_control_system/pico/pico-sdk/src/rp2_common/pico_stdio/stdio.c.o
 .bss.e15_last_sof
                0x20001b1c        0x4 CMakeFiles/hello_pico.dir/home/pi/access_control_system/pico/pico-sdk/lib/tinyusb/src/portable/raspberrypi/rp2040/rp2040_usb.c.o
                0x20001b1c                e15_last_sof
 .bss.filter    0x20001b20        0x4 CMakeFiles/hello_pico.dir/home/pi/access_control_system/pico/pico-sdk/src/rp2_common/pico_stdio/stdio.c.o
 .bss.hw_endpoints
                0x20001b24      0x400 CMakeFiles/hello_pico.dir/home/pi/access_control_system/pico/pico-sdk/lib/tinyusb/src/portable/raspberrypi/rp2040/dcd_rp2040.c.o
 .bss.lazy_vsnprintf
                0x20001f24        0x4 CMakeFiles/hello_pico.dir/home/pi/access_control_system/pico/pico-sdk/src/rp2_common/pico_printf/printf.c.o
 .bss.load_value
                0x20001f28        0x4 CMakeFiles/hello_pico.dir/home/pi/access_control_system/pico/pico-sdk/src/rp2_common/hardware_watchdog/watchdog.c.o
 .bss.next_buffer_ptr
                0x20001f2c        0x4 CMakeFiles/hello_pico.dir/home/pi/access_control_system/pico/pico-sdk/lib/tinyusb/src/portable/raspberrypi/rp2040/dcd_rp2040.c.o
 .bss.one_shot_timer_crit_sec
                0x20001f30        0x8 CMakeFiles/hello_pico.dir/home/pi/access_control_system/pico/pico-sdk/src/rp2_common/pico_stdio_usb/stdio_usb.c.o
 .bss.pools     0x20001f38       0x10 CMakeFiles/hello_pico.dir/home/pi/access_control_system/pico/pico-sdk/src/common/pico_time/time.c.o
 .bss.retrieved_id
                0x20001f48        0x8 CMakeFiles/hello_pico.dir/home/pi/access_control_system/pico/pico-sdk/src/rp2_common/pico_unique_id/unique_id.c.o
 .bss.sf_clz_func
                0x20001f50        0x4 CMakeFiles/hello_pico.dir/home/pi/access_control_system/pico/pico-sdk/src/rp2_common/pico_double/double_init_rom_rp2040.c.o
                0x20001f50                sf_clz_func
 .bss.sleep_notifier
                0x20001f54        0x4 CMakeFiles/hello_pico.dir/home/pi/access_control_system/pico/pico-sdk/src/common/pico_time/time.c.o
 .bss.stdio_usb_mutex
                0x20001f58        0x8 CMakeFiles/hello_pico.dir/home/pi/access_control_system/pico/pico-sdk/src/rp2_common/pico_stdio_usb/stdio_usb.c.o
 .bss.uart_buf  0x20001f60       0x80 CMakeFiles/hello_pico.dir/main.c.o
 .bss.uart_char_to_line_feed
                0x20001fe0        0x4 CMakeFiles/hello_pico.dir/home/pi/access_control_system/pico/pico-sdk/src/rp2_common/hardware_uart/uart.c.o
                0x20001fe0                uart_char_to_line_feed
 .bss.uart_idx  0x20001fe4        0x4 CMakeFiles/hello_pico.dir/main.c.o
 .bss.usbd_serial_str
                0x20001fe8       0x11 CMakeFiles/hello_pico.dir/home/pi/access_control_system/pico/pico-sdk/src/rp2_common/pico_stdio_usb/stdio_usb_descriptors.c.o
 *fill*         0x20001ff9        0x3 
 .bss.ws_pio    0x20001ffc        0x4 CMakeFiles/hello_pico.dir/drivers/ws2812/ws2812.c.o
 .bss.ws_sm     0x20002000        0x4 CMakeFiles/hello_pico.dir/drivers/ws2812/ws2812.c.o
 .bss._app_driver_count
                0x20002004        0x1 CMakeFiles/hello_pico.dir/home/pi/access_control_system/pico/pico-sdk/lib/tinyusb/src/device/usbd.c.o
 .bss._sof_enable
                0x20002005        0x1 CMakeFiles/hello_pico.dir/home/pi/access_control_system/pico/pico-sdk/lib/tinyusb/src/portable/raspberrypi/rp2040/dcd_rp2040.c.o
 .bss._usbd_queued_setup
                0x20002006        0x1 CMakeFiles/hello_pico.dir/home/pi/access_control_system/pico/pico-sdk/lib/tinyusb/src/device/usbd.c.o
 .bss.boot2_copyout_valid
                0x20002007        0x1 CMakeFiles/hello_pico.dir/home/pi/access_control_system/pico/pico-sdk/src/rp2_common/hardware_flash/flash.c.o
 .bss.irq_handler_chain_free_slot_head
                0x20002008        0x1 CMakeFiles/hello_pico.dir/home/pi/access_control_system/pico/pico-sdk/src/rp2_common/hardware_irq/irq.c.o
 .bss.itf_num   0x20002009        0x1 CMakeFiles/hello_pico.dir/home/pi/access_control_system/pico/pico-sdk/src/rp2_common/pico_stdio_usb/reset_interface.c.o
 .bss.low_priority_irq_num